<!doctype html public "-//w3c//dtd html 4.0 transitional//en">
<html><head>
<title>Static Call Graph - [.\Objects\USBL_ETH.axf]</title></head>
<body><HR>
<H1>Static Call Graph for image .\Objects\USBL_ETH.axf</H1><HR>
<BR><P>#&#060CALLGRAPH&#062# ARM Linker, 6100100: Last Updated: Thu Oct 18 17:53:02 2018
<BR><P>
<H3>Maximum Stack Usage =       1064 bytes + Unknown(Functions without stacksize, Cycles, Untraceable Function Pointers)</H3><H3>
Call chain for Maximum Stack Depth:</H3>
InvensenseTask(void*) &rArr; mpu_run_6500_self_test &rArr; get_st_6500_biases &rArr; HAL_I2C_Mem_Write &rArr; I2C_RequestMemoryWrite &rArr; I2C_WaitOnTXISFlagUntilTimeout &rArr; I2C_IsAcknowledgeFailed
<P>
<H3>
Functions with no stack information
</H3><UL>
 <LI><a href="#[305]">unw_getcontext</a>
 <LI><a href="#[372]">libunwind::Registers_arm::saveVFPWithFSTMD(unsigned long long*)</a>
 <LI><a href="#[370]">libunwind::Registers_arm::saveVFPWithFSTMX(unsigned long long*)</a>
 <LI><a href="#[371]">libunwind::Registers_arm::saveVFPv3(unsigned long long*)</a>
 <LI><a href="#[379]">libunwind::Registers_arm::restoreCoreAndJumpTo()</a>
 <LI><a href="#[37b]">libunwind::Registers_arm::restoreVFPWithFLDMD(unsigned long long*)</a>
 <LI><a href="#[37a]">libunwind::Registers_arm::restoreVFPWithFLDMX(unsigned long long*)</a>
 <LI><a href="#[37c]">libunwind::Registers_arm::restoreVFPv3(unsigned long long*)</a>
 <LI><a href="#[4df]">_Unwind_Complete</a>
 <LI><a href="#[3a6]">_Unwind_DeleteException</a>
 <LI><a href="#[301]">_Unwind_GetLanguageSpecificData</a>
 <LI><a href="#[303]">_Unwind_GetRegionStart</a>
 <LI><a href="#[304]">_Unwind_RaiseException</a>
 <LI><a href="#[308]">_Unwind_Resume</a>
 <LI><a href="#[309]">_Unwind_VRS_Get</a>
 <LI><a href="#[30d]">_Unwind_VRS_Interpret</a>
 <LI><a href="#[30e]">_Unwind_VRS_Pop</a>
 <LI><a href="#[310]">_Unwind_VRS_Set</a>
 <LI><a href="#[354]">__cxxabiv1::__enum_type_info::~__enum_type_info()</a>
 <LI><a href="#[4e0]">__cxxabiv1::__enum_type_info::~__enum_type_info__sub_object()</a>
 <LI><a href="#[4e1]">__cxxabiv1::__shim_type_info::~__shim_type_info()</a>
 <LI><a href="#[12b]">__cxxabiv1::__shim_type_info::~__shim_type_info__sub_object()</a>
 <LI><a href="#[4e2]">__cxxabiv1::__array_type_info::~__array_type_info()</a>
 <LI><a href="#[4e3]">__cxxabiv1::__array_type_info::~__array_type_info__sub_object()</a>
 <LI><a href="#[4e4]">__cxxabiv1::__class_type_info::~__class_type_info()</a>
 <LI><a href="#[4e5]">__cxxabiv1::__class_type_info::~__class_type_info__sub_object()</a>
 <LI><a href="#[4e6]">__cxxabiv1::__pbase_type_info::~__pbase_type_info()</a>
 <LI><a href="#[4e7]">__cxxabiv1::__pbase_type_info::~__pbase_type_info__sub_object()</a>
 <LI><a href="#[4e8]">__cxxabiv1::__pointer_type_info::~__pointer_type_info()</a>
 <LI><a href="#[4e9]">__cxxabiv1::__pointer_type_info::~__pointer_type_info__sub_object()</a>
 <LI><a href="#[4ea]">__cxxabiv1::__function_type_info::~__function_type_info()</a>
 <LI><a href="#[4eb]">__cxxabiv1::__function_type_info::~__function_type_info__sub_object()</a>
 <LI><a href="#[4ec]">__cxxabiv1::__si_class_type_info::~__si_class_type_info()</a>
 <LI><a href="#[4ed]">__cxxabiv1::__si_class_type_info::~__si_class_type_info__sub_object()</a>
 <LI><a href="#[4ee]">__cxxabiv1::__vmi_class_type_info::~__vmi_class_type_info()</a>
 <LI><a href="#[4ef]">__cxxabiv1::__vmi_class_type_info::~__vmi_class_type_info__sub_object()</a>
 <LI><a href="#[4f0]">__cxxabiv1::__fundamental_type_info::~__fundamental_type_info()</a>
 <LI><a href="#[4f1]">__cxxabiv1::__fundamental_type_info::~__fundamental_type_info__sub_object()</a>
 <LI><a href="#[4f2]">__cxxabiv1::__pointer_to_member_type_info::~__pointer_to_member_type_info()</a>
 <LI><a href="#[4f3]">__cxxabiv1::__pointer_to_member_type_info::~__pointer_to_member_type_info__sub_object()</a>
 <LI><a href="#[12c]">__cxxabiv1::__class_type_info::~__class_type_info__deallocating()</a>
 <LI><a href="#[356]">__cxxabiv1::__free_with_fallback(void*)</a>
 <LI><a href="#[133]">__cxxabiv1::__si_class_type_info::~__si_class_type_info__deallocating()</a>
 <LI><a href="#[358]">__cxxabiv1::__calloc_with_fallback(unsigned, unsigned)</a>
 <LI><a href="#[137]">__cxxabiv1::__fundamental_type_info::~__fundamental_type_info__deallocating()</a>
 <LI><a href="#[35a]">__cxxabiv1::__aligned_free_with_fallback(void*)</a>
 <LI><a href="#[35b]">__cxxabiv1::__aligned_malloc_with_fallback(unsigned)</a>
 <LI><a href="#[148]">libunwind::UnwindCursor&lang;libunwind::LocalAddressSpace, libunwind::Registers_arm&rang;::saveVFPAsX()</a>
 <LI><a href="#[13f]">libunwind::UnwindCursor&lang;libunwind::LocalAddressSpace, libunwind::Registers_arm&rang;::getFloatReg(int)</a>
 <LI><a href="#[140]">libunwind::UnwindCursor&lang;libunwind::LocalAddressSpace, libunwind::Registers_arm&rang;::setFloatReg(int, unsigned long long)</a>
 <LI><a href="#[144]">libunwind::UnwindCursor&lang;libunwind::LocalAddressSpace, libunwind::Registers_arm&rang;::isSignalFrame()</a>
 <LI><a href="#[373]">libunwind::UnwindCursor&lang;libunwind::LocalAddressSpace, libunwind::Registers_arm&rang;::stepWithEHABI()</a>
 <LI><a href="#[13e]">libunwind::UnwindCursor&lang;libunwind::LocalAddressSpace, libunwind::Registers_arm&rang;::validFloatReg(int)</a>
 <LI><a href="#[145]">libunwind::UnwindCursor&lang;libunwind::LocalAddressSpace, libunwind::Registers_arm&rang;::getFunctionName(char*, unsigned, unsigned*)</a>
 <LI><a href="#[147]">libunwind::UnwindCursor&lang;libunwind::LocalAddressSpace, libunwind::Registers_arm&rang;::getRegisterName(int)</a>
 <LI><a href="#[376]">libunwind::UnwindCursor&lang;libunwind::LocalAddressSpace, libunwind::Registers_arm&rang;::getInfoFromEHABISection(unsigned, const libunwind::UnwindInfoSections&)</a>
 <LI><a href="#[146]">libunwind::UnwindCursor&lang;libunwind::LocalAddressSpace, libunwind::Registers_arm&rang;::setInfoBasedOnIPRegister(bool)</a>
 <LI><a href="#[141]">libunwind::UnwindCursor&lang;libunwind::LocalAddressSpace, libunwind::Registers_arm&rang;::step()</a>
 <LI><a href="#[13c]">libunwind::UnwindCursor&lang;libunwind::LocalAddressSpace, libunwind::Registers_arm&rang;::getReg(int)</a>
 <LI><a href="#[143]">libunwind::UnwindCursor&lang;libunwind::LocalAddressSpace, libunwind::Registers_arm&rang;::jumpto()</a>
 <LI><a href="#[13d]">libunwind::UnwindCursor&lang;libunwind::LocalAddressSpace, libunwind::Registers_arm&rang;::setReg(int, unsigned)</a>
 <LI><a href="#[142]">libunwind::UnwindCursor&lang;libunwind::LocalAddressSpace, libunwind::Registers_arm&rang;::getInfo(unw_proc_info_t*)</a>
 <LI><a href="#[13b]">libunwind::UnwindCursor&lang;libunwind::LocalAddressSpace, libunwind::Registers_arm&rang;::validReg(int)</a>
 <LI><a href="#[13a]">libunwind::UnwindCursor&lang;libunwind::LocalAddressSpace, libunwind::Registers_arm&rang;::~UnwindCursor__deallocating()</a>
 <LI><a href="#[375]">libunwind::Registers_arm::getRegisterName(int)</a>
 <LI><a href="#[378]">libunwind::Registers_arm::restoreSavedFloatRegisters()</a>
 <LI><a href="#[139]">libunwind::AbstractUnwindCursor::~AbstractUnwindCursor__sub_object()</a>
 <LI><a href="#[12d]">__cxxabiv1::__shim_type_info::noop1() const</a>
 <LI><a href="#[12e]">__cxxabiv1::__shim_type_info::noop2() const</a>
 <LI><a href="#[130]">__cxxabiv1::__class_type_info::search_above_dst(__cxxabiv1::__dynamic_cast_info*, const void*, const void*, int, bool) const</a>
 <LI><a href="#[131]">__cxxabiv1::__class_type_info::search_below_dst(__cxxabiv1::__dynamic_cast_info*, const void*, int, bool) const</a>
 <LI><a href="#[132]">__cxxabiv1::__class_type_info::has_unambiguous_public_base(__cxxabiv1::__dynamic_cast_info*, void*, int) const</a>
 <LI><a href="#[37e]">__cxxabiv1::__class_type_info::process_static_type_above_dst(__cxxabiv1::__dynamic_cast_info*, const void*, const void*, int) const</a>
 <LI><a href="#[12f]">__cxxabiv1::__class_type_info::can_catch(const __cxxabiv1::__shim_type_info*, void*&) const</a>
 <LI><a href="#[380]">__cxxabiv1::__pbase_type_info::can_catch(const __cxxabiv1::__shim_type_info*, void*&) const</a>
 <LI><a href="#[381]">__cxxabiv1::__pointer_type_info::can_catch_nested(const __cxxabiv1::__shim_type_info*) const</a>
 <LI><a href="#[383]">__cxxabiv1::__pointer_type_info::can_catch(const __cxxabiv1::__shim_type_info*, void*&) const</a>
 <LI><a href="#[134]">__cxxabiv1::__si_class_type_info::search_above_dst(__cxxabiv1::__dynamic_cast_info*, const void*, const void*, int, bool) const</a>
 <LI><a href="#[135]">__cxxabiv1::__si_class_type_info::search_below_dst(__cxxabiv1::__dynamic_cast_info*, const void*, int, bool) const</a>
 <LI><a href="#[136]">__cxxabiv1::__si_class_type_info::has_unambiguous_public_base(__cxxabiv1::__dynamic_cast_info*, void*, int) const</a>
 <LI><a href="#[384]">__cxxabiv1::__vmi_class_type_info::search_above_dst(__cxxabiv1::__dynamic_cast_info*, const void*, const void*, int, bool) const</a>
 <LI><a href="#[138]">__cxxabiv1::__fundamental_type_info::can_catch(const __cxxabiv1::__shim_type_info*, void*&) const</a>
 <LI><a href="#[382]">__cxxabiv1::__pointer_to_member_type_info::can_catch_nested(const __cxxabiv1::__shim_type_info*) const</a>
 <LI><a href="#[385]">__cxxabiv1::__pointer_to_member_type_info::can_catch(const __cxxabiv1::__shim_type_info*, void*&) const</a>
 <LI><a href="#[14a]">std::bad_exception::what() const</a>
 <LI><a href="#[14c]">std::bad_array_length::what() const</a>
 <LI><a href="#[14e]">std::bad_array_new_length::what() const</a>
 <LI><a href="#[150]">std::bad_alloc::what() const</a>
 <LI><a href="#[149]">std::bad_exception::~bad_exception__deallocating()</a>
 <LI><a href="#[4f6]">std::bad_array_length::bad_array_length()</a>
 <LI><a href="#[4f7]">std::bad_array_length::bad_array_length__sub_object()</a>
 <LI><a href="#[14b]">std::bad_array_length::~bad_array_length__deallocating()</a>
 <LI><a href="#[4f8]">std::bad_array_new_length::bad_array_new_length()</a>
 <LI><a href="#[4f9]">std::bad_array_new_length::bad_array_new_length__sub_object()</a>
 <LI><a href="#[14d]">std::bad_array_new_length::~bad_array_new_length__deallocating()</a>
 <LI><a href="#[377]">T2 std::__1::__upper_bound&lang;std::__1::__less&lang;unsigned, unsigned&rang;&, libunwind::EHABISectionIterator&lang;libunwind::LocalAddressSpace&rang;, unsigned&rang;(T2, T2, const T3&, T1)</a>
 <LI><a href="#[398]">std::bad_alloc::bad_alloc()</a>
 <LI><a href="#[4fa]">std::bad_alloc::bad_alloc__sub_object()</a>
 <LI><a href="#[14f]">std::bad_alloc::~bad_alloc__deallocating()</a>
 <LI><a href="#[1]">std::bad_exception::~bad_exception()</a>
 <LI><a href="#[4fb]">std::bad_exception::~bad_exception__sub_object()</a>
 <LI><a href="#[4fc]">std::bad_array_length::~bad_array_length()</a>
 <LI><a href="#[4fd]">std::bad_array_length::~bad_array_length__sub_object()</a>
 <LI><a href="#[4fe]">std::bad_array_new_length::~bad_array_new_length()</a>
 <LI><a href="#[4ff]">std::bad_array_new_length::~bad_array_new_length__sub_object()</a>
 <LI><a href="#[cc]">std::bad_alloc::~bad_alloc()</a>
 <LI><a href="#[500]">std::bad_alloc::~bad_alloc__sub_object()</a>
 <LI><a href="#[501]">std::exception::~exception()</a>
 <LI><a href="#[3]">std::exception::~exception__sub_object()</a>
 <LI><a href="#[502]">std::type_info::~type_info()</a>
 <LI><a href="#[2]">std::type_info::~type_info__sub_object()</a>
 <LI><a href="#[386]">std::unexpected()</a>
 <LI><a href="#[363]">std::__terminate(void(*)())</a>
 <LI><a href="#[387]">std::__unexpected(void(*)())</a>
 <LI><a href="#[3a3]">std::get_terminate()</a>
 <LI><a href="#[503]">std::set_terminate(void(*)())</a>
 <LI><a href="#[3a4]">std::get_unexpected()</a>
 <LI><a href="#[504]">std::set_unexpected(void(*)())</a>
 <LI><a href="#[396]">std::get_new_handler()</a>
 <LI><a href="#[505]">std::set_new_handler(void(*)())</a>
 <LI><a href="#[5]">std::terminate()</a>
 <LI><a href="#[36f]">operator delete[] (void*)</a>
 <LI><a href="#[38c]">operator delete[] (void*, const std::nothrow_t&)</a>
 <LI><a href="#[38d]">operator delete[] (void*, unsigned)</a>
 <LI><a href="#[355]">operator delete (void*)</a>
 <LI><a href="#[38e]">operator delete (void*, const std::nothrow_t&)</a>
 <LI><a href="#[38f]">operator delete (void*, unsigned)</a>
 <LI><a href="#[390]">operator new[] (unsigned)</a>
 <LI><a href="#[392]">operator new[] (unsigned, const std::nothrow_t&)</a>
 <LI><a href="#[393]">operator new[] (unsigned, std::align_val_t)</a>
 <LI><a href="#[395]">operator new[] (unsigned, std::align_val_t, const std::nothrow_t&)</a>
 <LI><a href="#[391]">operator new(unsigned)</a>
 <LI><a href="#[39a]">operator new(unsigned, const std::nothrow_t&)</a>
 <LI><a href="#[394]">operator new(unsigned, std::align_val_t)</a>
 <LI><a href="#[39b]">operator new(unsigned, std::align_val_t, const std::nothrow_t&)</a>
 <LI><a href="#[c9]">__aeabi_unwind_cpp_pr0</a>
 <LI><a href="#[ca]">__aeabi_unwind_cpp_pr1</a>
 <LI><a href="#[cb]">__aeabi_unwind_cpp_pr2</a>
 <LI><a href="#[38a]">__clang_call_terminate</a>
 <LI><a href="#[39f]">__cxa_allocate_dependent_exception</a>
 <LI><a href="#[397]">__cxa_allocate_exception</a>
 <LI><a href="#[362]">__cxa_begin_catch</a>
 <LI><a href="#[3a2]">__cxa_begin_cleanup</a>
 <LI><a href="#[3a0]">__cxa_call_unexpected</a>
 <LI><a href="#[365]">__cxa_decrement_exception_refcount</a>
 <LI><a href="#[389]">__cxa_end_catch</a>
 <LI><a href="#[3a1]">__cxa_get_globals</a>
 <LI><a href="#[38b]">__cxa_get_globals_fast</a>
 <LI><a href="#[3a5]">__cxa_rethrow</a>
 <LI><a href="#[3a7]">__cxa_rethrow_primary_exception</a>
 <LI><a href="#[399]">__cxa_throw</a>
 <LI><a href="#[37f]">__dynamic_cast</a>
 <LI><a href="#[3a8]">__gnu_unwind_frame</a>
 <LI><a href="#[111]">__gxx_personality_v0</a>
 <LI><a href="#[388]">abort_message</a>
 <LI><a href="#[374]">decode_eht_entry</a>
 <LI><a href="#[30c]">unw_get_fpreg</a>
 <LI><a href="#[302]">unw_get_proc_info</a>
 <LI><a href="#[30a]">unw_get_reg</a>
 <LI><a href="#[306]">unw_init_local</a>
 <LI><a href="#[353]">unw_resume</a>
 <LI><a href="#[30b]">unw_save_vfp_as_X</a>
 <LI><a href="#[311]">unw_set_fpreg</a>
 <LI><a href="#[30f]">unw_set_reg</a>
 <LI><a href="#[367]">unw_step</a>
 <LI><a href="#[307]">_ZL13unwind_phase2P13unw_context_tP12unw_cursor_tP21_Unwind_Control_Blockb</a>
 <LI><a href="#[366]">&lang;unnamed namespace 1&rang;::unwindOneFrame(unsigned, _Unwind_Control_Block*, _Unwind_Context*)</a>
 <LI><a href="#[361]">_ZN10__cxxabiv1L12failed_throwEPNS_15__cxa_exceptionE</a>
 <LI><a href="#[ce]">_ZN10__cxxabiv1L22exception_cleanup_funcE19_Unwind_Reason_CodeP21_Unwind_Control_Block</a>
 <LI><a href="#[cd]">_ZN10__cxxabiv1L27dependent_exception_cleanupE19_Unwind_Reason_CodeP21_Unwind_Control_Block</a>
 <LI><a href="#[15c]">__cxa_end_cleanup_impl</a>
 <LI><a href="#[35c]">_ZN10__cxxabiv1L11scan_eh_tabERNS_12_GLOBAL__N_112scan_resultsE14_Unwind_ActionbP21_Unwind_Control_BlockP15_Unwind_Context</a>
 <LI><a href="#[364]">_ZN10__cxxabiv1L13set_registersEP21_Unwind_Control_BlockP15_Unwind_ContextRKNS_12_GLOBAL__N_112scan_resultsE</a>
 <LI><a href="#[35f]">_ZN10__cxxabiv1L14call_terminateEbP21_Unwind_Control_Block</a>
 <LI><a href="#[35e]">_ZN10__cxxabiv1L18readEncodedPointerEPPKhh</a>
 <LI><a href="#[360]">_ZN10__cxxabiv1L24exception_spec_can_catchExPKhhPKNS_16__shim_type_infoEPvP21_Unwind_Control_Block</a>
 <LI><a href="#[357]">&lang;unnamed namespace 1&rang;::fallback_free(void*)</a>
 <LI><a href="#[359]">&lang;unnamed namespace 1&rang;::fallback_malloc(unsigned)</a>
</UL>
</UL>
<P>
<H3>
Mutually Recursive functions
</H3> <LI><a href="#[87]">ADC3_IRQHandler</a>&nbsp;&nbsp;&nbsp;&rArr;&nbsp;&nbsp;&nbsp;<a href="#[87]">ADC3_IRQHandler</a><BR>
 <LI><a href="#[418]">osRtxErrorNotify</a>&nbsp;&nbsp;&nbsp;&rArr;&nbsp;&nbsp;&nbsp;<a href="#[418]">osRtxErrorNotify</a><BR>
 <LI><a href="#[a]">BusFault_Handler</a>&nbsp;&nbsp;&nbsp;&rArr;&nbsp;&nbsp;&nbsp;<a href="#[a]">BusFault_Handler</a><BR>
 <LI><a href="#[8]">HardFault_Handler</a>&nbsp;&nbsp;&nbsp;&rArr;&nbsp;&nbsp;&nbsp;<a href="#[8]">HardFault_Handler</a><BR>
 <LI><a href="#[9]">MemManage_Handler</a>&nbsp;&nbsp;&nbsp;&rArr;&nbsp;&nbsp;&nbsp;<a href="#[9]">MemManage_Handler</a><BR>
 <LI><a href="#[b]">UsageFault_Handler</a>&nbsp;&nbsp;&nbsp;&rArr;&nbsp;&nbsp;&nbsp;<a href="#[b]">UsageFault_Handler</a><BR>
 <LI><a href="#[3f5]">net_sys_error</a>&nbsp;&nbsp;&nbsp;&rArr;&nbsp;&nbsp;&nbsp;<a href="#[3f5]">net_sys_error</a><BR>
 <LI><a href="#[4]">abort</a>&nbsp;&nbsp;&nbsp;&rArr;&nbsp;&nbsp;&nbsp;<a href="#[4]">abort</a><BR>
 <LI><a href="#[362]">__cxa_begin_catch</a>&nbsp;&nbsp;&nbsp;&rArr;&nbsp;&nbsp;&nbsp;<a href="#[5]">std::terminate()</a><BR>
 <LI><a href="#[3a0]">__cxa_call_unexpected</a>&nbsp;&nbsp;&nbsp;&rArr;&nbsp;&nbsp;&nbsp;<a href="#[38a]">__clang_call_terminate</a><BR>
 <LI><a href="#[361]">_ZN10__cxxabiv1L12failed_throwEPNS_15__cxa_exceptionE</a>&nbsp;&nbsp;&nbsp;&rArr;&nbsp;&nbsp;&nbsp;<a href="#[362]">__cxa_begin_catch</a><BR>
 <LI><a href="#[363]">std::__terminate(void(*)())</a>&nbsp;&nbsp;&nbsp;&rArr;&nbsp;&nbsp;&nbsp;<a href="#[38a]">__clang_call_terminate</a><BR>
 <LI><a href="#[365]">__cxa_decrement_exception_refcount</a>&nbsp;&nbsp;&nbsp;&rArr;&nbsp;&nbsp;&nbsp;<a href="#[3a0]">__cxa_call_unexpected</a><BR>
 <LI><a href="#[397]">__cxa_allocate_exception</a>&nbsp;&nbsp;&nbsp;&rArr;&nbsp;&nbsp;&nbsp;<a href="#[5]">std::terminate()</a><BR>
 <LI><a href="#[35f]">_ZN10__cxxabiv1L14call_terminateEbP21_Unwind_Control_Block</a>&nbsp;&nbsp;&nbsp;&rArr;&nbsp;&nbsp;&nbsp;<a href="#[362]">__cxa_begin_catch</a><BR>
 <LI><a href="#[3a5]">__cxa_rethrow</a>&nbsp;&nbsp;&nbsp;&rArr;&nbsp;&nbsp;&nbsp;<a href="#[362]">__cxa_begin_catch</a><BR>
 <LI><a href="#[38a]">__clang_call_terminate</a>&nbsp;&nbsp;&nbsp;&rArr;&nbsp;&nbsp;&nbsp;<a href="#[5]">std::terminate()</a><BR>
 <LI><a href="#[285]">_Error_Handler</a>&nbsp;&nbsp;&nbsp;&rArr;&nbsp;&nbsp;&nbsp;<a href="#[285]">_Error_Handler</a><BR>
 <LI><a href="#[f2]">osRtxIdleThread</a>&nbsp;&nbsp;&nbsp;&rArr;&nbsp;&nbsp;&nbsp;<a href="#[f2]">osRtxIdleThread</a><BR>
</UL>
<P>
<H3>
Function Pointers
</H3><UL>
 <LI><a href="#[87]">ADC3_IRQHandler</a> from startup_stm32h743xx.o(.text) referenced from startup_stm32h743xx.o(RESET)
 <LI><a href="#[22]">ADC_IRQHandler</a> from startup_stm32h743xx.o(.text) referenced from startup_stm32h743xx.o(RESET)
 <LI><a href="#[89]">BDMA_Channel0_IRQHandler</a> from startup_stm32h743xx.o(.text) referenced from startup_stm32h743xx.o(RESET)
 <LI><a href="#[8a]">BDMA_Channel1_IRQHandler</a> from startup_stm32h743xx.o(.text) referenced from startup_stm32h743xx.o(RESET)
 <LI><a href="#[8b]">BDMA_Channel2_IRQHandler</a> from startup_stm32h743xx.o(.text) referenced from startup_stm32h743xx.o(RESET)
 <LI><a href="#[8c]">BDMA_Channel3_IRQHandler</a> from startup_stm32h743xx.o(.text) referenced from startup_stm32h743xx.o(RESET)
 <LI><a href="#[8d]">BDMA_Channel4_IRQHandler</a> from startup_stm32h743xx.o(.text) referenced from startup_stm32h743xx.o(RESET)
 <LI><a href="#[8e]">BDMA_Channel5_IRQHandler</a> from startup_stm32h743xx.o(.text) referenced from startup_stm32h743xx.o(RESET)
 <LI><a href="#[8f]">BDMA_Channel6_IRQHandler</a> from startup_stm32h743xx.o(.text) referenced from startup_stm32h743xx.o(RESET)
 <LI><a href="#[90]">BDMA_Channel7_IRQHandler</a> from startup_stm32h743xx.o(.text) referenced from startup_stm32h743xx.o(RESET)
 <LI><a href="#[a]">BusFault_Handler</a> from stm32h7xx_it.o(.text.BusFault_Handler) referenced from startup_stm32h743xx.o(RESET)
 <LI><a href="#[68]">CEC_IRQHandler</a> from startup_stm32h743xx.o(.text) referenced from startup_stm32h743xx.o(RESET)
 <LI><a href="#[91]">COMP1_IRQHandler</a> from startup_stm32h743xx.o(.text) referenced from startup_stm32h743xx.o(RESET)
 <LI><a href="#[97]">CRS_IRQHandler</a> from startup_stm32h743xx.o(.text) referenced from startup_stm32h743xx.o(RESET)
 <LI><a href="#[120]">Control</a> from emac_stm32h7xx.o(.text.Control) referenced from emac_stm32h7xx.o(.rodata.Driver_ETH_MAC0)
 <LI><a href="#[11f]">ControlTimer</a> from emac_stm32h7xx.o(.text.ControlTimer) referenced from emac_stm32h7xx.o(.rodata.Driver_ETH_MAC0)
 <LI><a href="#[59]">DCMI_IRQHandler</a> from startup_stm32h743xx.o(.text) referenced from startup_stm32h743xx.o(RESET)
 <LI><a href="#[78]">DFSDM1_FLT0_IRQHandler</a> from startup_stm32h743xx.o(.text) referenced from startup_stm32h743xx.o(RESET)
 <LI><a href="#[79]">DFSDM1_FLT1_IRQHandler</a> from startup_stm32h743xx.o(.text) referenced from startup_stm32h743xx.o(RESET)
 <LI><a href="#[7a]">DFSDM1_FLT2_IRQHandler</a> from startup_stm32h743xx.o(.text) referenced from startup_stm32h743xx.o(RESET)
 <LI><a href="#[7b]">DFSDM1_FLT3_IRQHandler</a> from startup_stm32h743xx.o(.text) referenced from startup_stm32h743xx.o(RESET)
 <LI><a href="#[1b]">DMA1_Stream0_IRQHandler</a> from stm32h7xx_it.o(.text.DMA1_Stream0_IRQHandler) referenced from startup_stm32h743xx.o(RESET)
 <LI><a href="#[1c]">DMA1_Stream1_IRQHandler</a> from startup_stm32h743xx.o(.text) referenced from startup_stm32h743xx.o(RESET)
 <LI><a href="#[1d]">DMA1_Stream2_IRQHandler</a> from stm32h7xx_it.o(.text.DMA1_Stream2_IRQHandler) referenced from startup_stm32h743xx.o(RESET)
 <LI><a href="#[1e]">DMA1_Stream3_IRQHandler</a> from stm32h7xx_it.o(.text.DMA1_Stream3_IRQHandler) referenced from startup_stm32h743xx.o(RESET)
 <LI><a href="#[1f]">DMA1_Stream4_IRQHandler</a> from stm32h7xx_it.o(.text.DMA1_Stream4_IRQHandler) referenced from startup_stm32h743xx.o(RESET)
 <LI><a href="#[20]">DMA1_Stream5_IRQHandler</a> from stm32h7xx_it.o(.text.DMA1_Stream5_IRQHandler) referenced from startup_stm32h743xx.o(RESET)
 <LI><a href="#[21]">DMA1_Stream6_IRQHandler</a> from stm32h7xx_it.o(.text.DMA1_Stream6_IRQHandler) referenced from startup_stm32h743xx.o(RESET)
 <LI><a href="#[3e]">DMA1_Stream7_IRQHandler</a> from stm32h7xx_it.o(.text.DMA1_Stream7_IRQHandler) referenced from startup_stm32h743xx.o(RESET)
 <LI><a href="#[64]">DMA2D_IRQHandler</a> from startup_stm32h743xx.o(.text) referenced from startup_stm32h743xx.o(RESET)
 <LI><a href="#[47]">DMA2_Stream0_IRQHandler</a> from stm32h7xx_it.o(.text.DMA2_Stream0_IRQHandler) referenced from startup_stm32h743xx.o(RESET)
 <LI><a href="#[48]">DMA2_Stream1_IRQHandler</a> from stm32h7xx_it.o(.text.DMA2_Stream1_IRQHandler) referenced from startup_stm32h743xx.o(RESET)
 <LI><a href="#[49]">DMA2_Stream2_IRQHandler</a> from startup_stm32h743xx.o(.text) referenced from startup_stm32h743xx.o(RESET)
 <LI><a href="#[4a]">DMA2_Stream3_IRQHandler</a> from startup_stm32h743xx.o(.text) referenced from startup_stm32h743xx.o(RESET)
 <LI><a href="#[4b]">DMA2_Stream4_IRQHandler</a> from startup_stm32h743xx.o(.text) referenced from startup_stm32h743xx.o(RESET)
 <LI><a href="#[4f]">DMA2_Stream5_IRQHandler</a> from startup_stm32h743xx.o(.text) referenced from startup_stm32h743xx.o(RESET)
 <LI><a href="#[50]">DMA2_Stream6_IRQHandler</a> from startup_stm32h743xx.o(.text) referenced from startup_stm32h743xx.o(RESET)
 <LI><a href="#[51]">DMA2_Stream7_IRQHandler</a> from startup_stm32h743xx.o(.text) referenced from startup_stm32h743xx.o(RESET)
 <LI><a href="#[70]">DMAMUX1_OVR_IRQHandler</a> from startup_stm32h743xx.o(.text) referenced from startup_stm32h743xx.o(RESET)
 <LI><a href="#[88]">DMAMUX2_OVR_IRQHandler</a> from startup_stm32h743xx.o(.text) referenced from startup_stm32h743xx.o(RESET)
 <LI><a href="#[d]">DebugMon_Handler</a> from stm32h7xx_it.o(.text.DebugMon_Handler) referenced from startup_stm32h743xx.o(RESET)
 <LI><a href="#[4c]">ETH_IRQHandler</a> from stm32h7xx_it.o(.text.ETH_IRQHandler) referenced from startup_stm32h743xx.o(RESET)
 <LI><a href="#[4d]">ETH_WKUP_IRQHandler</a> from stm32h7xx_it.o(.text.ETH_WKUP_IRQHandler) referenced from startup_stm32h743xx.o(RESET)
 <LI><a href="#[16]">EXTI0_IRQHandler</a> from pwmouter.o(.text.EXTI0_IRQHandler) referenced from startup_stm32h743xx.o(RESET)
 <LI><a href="#[38]">EXTI15_10_IRQHandler</a> from startup_stm32h743xx.o(.text) referenced from startup_stm32h743xx.o(RESET)
 <LI><a href="#[17]">EXTI1_IRQHandler</a> from startup_stm32h743xx.o(.text) referenced from startup_stm32h743xx.o(RESET)
 <LI><a href="#[18]">EXTI2_IRQHandler</a> from startup_stm32h743xx.o(.text) referenced from startup_stm32h743xx.o(RESET)
 <LI><a href="#[19]">EXTI3_IRQHandler</a> from startup_stm32h743xx.o(.text) referenced from startup_stm32h743xx.o(RESET)
 <LI><a href="#[1a]">EXTI4_IRQHandler</a> from startup_stm32h743xx.o(.text) referenced from startup_stm32h743xx.o(RESET)
 <LI><a href="#[27]">EXTI9_5_IRQHandler</a> from startup_stm32h743xx.o(.text) referenced from startup_stm32h743xx.o(RESET)
 <LI><a href="#[23]">FDCAN1_IT0_IRQHandler</a> from startup_stm32h743xx.o(.text) referenced from startup_stm32h743xx.o(RESET)
 <LI><a href="#[25]">FDCAN1_IT1_IRQHandler</a> from startup_stm32h743xx.o(.text) referenced from startup_stm32h743xx.o(RESET)
 <LI><a href="#[24]">FDCAN2_IT0_IRQHandler</a> from startup_stm32h743xx.o(.text) referenced from startup_stm32h743xx.o(RESET)
 <LI><a href="#[26]">FDCAN2_IT1_IRQHandler</a> from startup_stm32h743xx.o(.text) referenced from startup_stm32h743xx.o(RESET)
 <LI><a href="#[4e]">FDCAN_CAL_IRQHandler</a> from startup_stm32h743xx.o(.text) referenced from startup_stm32h743xx.o(RESET)
 <LI><a href="#[14]">FLASH_IRQHandler</a> from startup_stm32h743xx.o(.text) referenced from startup_stm32h743xx.o(RESET)
 <LI><a href="#[3f]">FMC_IRQHandler</a> from startup_stm32h743xx.o(.text) referenced from startup_stm32h743xx.o(RESET)
 <LI><a href="#[5b]">FPU_IRQHandler</a> from startup_stm32h743xx.o(.text) referenced from startup_stm32h743xx.o(RESET)
 <LI><a href="#[113]">GetCapabilities</a> from emac_stm32h7xx.o(.text.GetCapabilities) referenced from emac_stm32h7xx.o(.rodata.Driver_ETH_MAC0)
 <LI><a href="#[12a]">GetLinkInfo</a> from phy_lan8742a.o(.text.GetLinkInfo) referenced from phy_lan8742a.o(.rodata.Driver_ETH_PHY0)
 <LI><a href="#[129]">GetLinkState</a> from phy_lan8742a.o(.text.GetLinkState) referenced from phy_lan8742a.o(.rodata.Driver_ETH_PHY0)
 <LI><a href="#[117]">GetMacAddress</a> from emac_stm32h7xx.o(.text.GetMacAddress) referenced from emac_stm32h7xx.o(.rodata.Driver_ETH_MAC0)
 <LI><a href="#[11c]">GetRxFrameSize</a> from emac_stm32h7xx.o(.text.GetRxFrameSize) referenced from emac_stm32h7xx.o(.rodata.Driver_ETH_MAC0)
 <LI><a href="#[11d]">GetRxFrameTime</a> from emac_stm32h7xx.o(.text.GetRxFrameTime) referenced from emac_stm32h7xx.o(.rodata.Driver_ETH_MAC0)
 <LI><a href="#[11e]">GetTxFrameTime</a> from emac_stm32h7xx.o(.text.GetTxFrameTime) referenced from emac_stm32h7xx.o(.rodata.Driver_ETH_MAC0)
 <LI><a href="#[112]">GetVersion</a> from emac_stm32h7xx.o(.text.GetVersion) referenced from emac_stm32h7xx.o(.rodata.Driver_ETH_MAC0)
 <LI><a href="#[123]">GetVersion</a> from phy_lan8742a.o(.text.GetVersion) referenced from phy_lan8742a.o(.rodata.Driver_ETH_PHY0)
 <LI><a href="#[77]">HRTIM1_FLT_IRQHandler</a> from startup_stm32h743xx.o(.text) referenced from startup_stm32h743xx.o(RESET)
 <LI><a href="#[71]">HRTIM1_Master_IRQHandler</a> from startup_stm32h743xx.o(.text) referenced from startup_stm32h743xx.o(RESET)
 <LI><a href="#[72]">HRTIM1_TIMA_IRQHandler</a> from startup_stm32h743xx.o(.text) referenced from startup_stm32h743xx.o(RESET)
 <LI><a href="#[73]">HRTIM1_TIMB_IRQHandler</a> from startup_stm32h743xx.o(.text) referenced from startup_stm32h743xx.o(RESET)
 <LI><a href="#[74]">HRTIM1_TIMC_IRQHandler</a> from startup_stm32h743xx.o(.text) referenced from startup_stm32h743xx.o(RESET)
 <LI><a href="#[75]">HRTIM1_TIMD_IRQHandler</a> from startup_stm32h743xx.o(.text) referenced from startup_stm32h743xx.o(RESET)
 <LI><a href="#[76]">HRTIM1_TIME_IRQHandler</a> from startup_stm32h743xx.o(.text) referenced from startup_stm32h743xx.o(RESET)
 <LI><a href="#[86]">HSEM1_IRQHandler</a> from startup_stm32h743xx.o(.text) referenced from startup_stm32h743xx.o(RESET)
 <LI><a href="#[8]">HardFault_Handler</a> from stm32h7xx_it.o(.text.HardFault_Handler) referenced from startup_stm32h743xx.o(RESET)
 <LI><a href="#[30]">I2C1_ER_IRQHandler</a> from stm32h7xx_it.o(.text.I2C1_ER_IRQHandler) referenced from startup_stm32h743xx.o(RESET)
 <LI><a href="#[2f]">I2C1_EV_IRQHandler</a> from stm32h7xx_it.o(.text.I2C1_EV_IRQHandler) referenced from startup_stm32h743xx.o(RESET)
 <LI><a href="#[32]">I2C2_ER_IRQHandler</a> from stm32h7xx_it.o(.text.I2C2_ER_IRQHandler) referenced from startup_stm32h743xx.o(RESET)
 <LI><a href="#[31]">I2C2_EV_IRQHandler</a> from stm32h7xx_it.o(.text.I2C2_EV_IRQHandler) referenced from startup_stm32h743xx.o(RESET)
 <LI><a href="#[54]">I2C3_ER_IRQHandler</a> from startup_stm32h743xx.o(.text) referenced from startup_stm32h743xx.o(RESET)
 <LI><a href="#[53]">I2C3_EV_IRQHandler</a> from startup_stm32h743xx.o(.text) referenced from startup_stm32h743xx.o(RESET)
 <LI><a href="#[6a]">I2C4_ER_IRQHandler</a> from startup_stm32h743xx.o(.text) referenced from startup_stm32h743xx.o(RESET)
 <LI><a href="#[69]">I2C4_EV_IRQHandler</a> from startup_stm32h743xx.o(.text) referenced from startup_stm32h743xx.o(RESET)
 <LI><a href="#[c2]">I2C_DMAAbort</a> from stm32h7xx_hal_i2c.o(.text.I2C_DMAAbort) referenced 4 times from stm32h7xx_hal_i2c.o(.text.I2C_ITError)
 <LI><a href="#[a8]">I2C_DMAError</a> from stm32h7xx_hal_i2c.o(.text.I2C_DMAError) referenced 2 times from stm32h7xx_hal_i2c.o(.text.HAL_I2C_Master_Receive_DMA)
 <LI><a href="#[a8]">I2C_DMAError</a> from stm32h7xx_hal_i2c.o(.text.I2C_DMAError) referenced 2 times from stm32h7xx_hal_i2c.o(.text.HAL_I2C_Master_Transmit_DMA)
 <LI><a href="#[a8]">I2C_DMAError</a> from stm32h7xx_hal_i2c.o(.text.I2C_DMAError) referenced 2 times from stm32h7xx_hal_i2c.o(.text.HAL_I2C_Mem_Read_DMA)
 <LI><a href="#[a8]">I2C_DMAError</a> from stm32h7xx_hal_i2c.o(.text.I2C_DMAError) referenced 2 times from stm32h7xx_hal_i2c.o(.text.HAL_I2C_Mem_Write_DMA)
 <LI><a href="#[a8]">I2C_DMAError</a> from stm32h7xx_hal_i2c.o(.text.I2C_DMAError) referenced 2 times from stm32h7xx_hal_i2c.o(.text.HAL_I2C_Slave_Receive_DMA)
 <LI><a href="#[a8]">I2C_DMAError</a> from stm32h7xx_hal_i2c.o(.text.I2C_DMAError) referenced 2 times from stm32h7xx_hal_i2c.o(.text.HAL_I2C_Slave_Transmit_DMA)
 <LI><a href="#[a9]">I2C_DMAMasterReceiveCplt</a> from stm32h7xx_hal_i2c.o(.text.I2C_DMAMasterReceiveCplt) referenced 2 times from stm32h7xx_hal_i2c.o(.text.HAL_I2C_Master_Receive_DMA)
 <LI><a href="#[a9]">I2C_DMAMasterReceiveCplt</a> from stm32h7xx_hal_i2c.o(.text.I2C_DMAMasterReceiveCplt) referenced 2 times from stm32h7xx_hal_i2c.o(.text.HAL_I2C_Mem_Read_DMA)
 <LI><a href="#[ab]">I2C_DMAMasterTransmitCplt</a> from stm32h7xx_hal_i2c.o(.text.I2C_DMAMasterTransmitCplt) referenced 2 times from stm32h7xx_hal_i2c.o(.text.HAL_I2C_Master_Transmit_DMA)
 <LI><a href="#[ab]">I2C_DMAMasterTransmitCplt</a> from stm32h7xx_hal_i2c.o(.text.I2C_DMAMasterTransmitCplt) referenced 2 times from stm32h7xx_hal_i2c.o(.text.HAL_I2C_Mem_Write_DMA)
 <LI><a href="#[ac]">I2C_DMASlaveReceiveCplt</a> from stm32h7xx_hal_i2c.o(.text.I2C_DMASlaveReceiveCplt) referenced 2 times from stm32h7xx_hal_i2c.o(.text.HAL_I2C_Slave_Receive_DMA)
 <LI><a href="#[ad]">I2C_DMASlaveTransmitCplt</a> from stm32h7xx_hal_i2c.o(.text.I2C_DMASlaveTransmitCplt) referenced 2 times from stm32h7xx_hal_i2c.o(.text.HAL_I2C_Slave_Transmit_DMA)
 <LI><a href="#[a7]">I2C_Master_ISR_DMA</a> from stm32h7xx_hal_i2c.o(.text.I2C_Master_ISR_DMA) referenced 2 times from stm32h7xx_hal_i2c.o(.text.HAL_I2C_Master_Abort_IT)
 <LI><a href="#[a7]">I2C_Master_ISR_DMA</a> from stm32h7xx_hal_i2c.o(.text.I2C_Master_ISR_DMA) referenced 2 times from stm32h7xx_hal_i2c.o(.text.HAL_I2C_Master_Receive_DMA)
 <LI><a href="#[a7]">I2C_Master_ISR_DMA</a> from stm32h7xx_hal_i2c.o(.text.I2C_Master_ISR_DMA) referenced 2 times from stm32h7xx_hal_i2c.o(.text.HAL_I2C_Master_Transmit_DMA)
 <LI><a href="#[a7]">I2C_Master_ISR_DMA</a> from stm32h7xx_hal_i2c.o(.text.I2C_Master_ISR_DMA) referenced 2 times from stm32h7xx_hal_i2c.o(.text.HAL_I2C_Mem_Read_DMA)
 <LI><a href="#[a7]">I2C_Master_ISR_DMA</a> from stm32h7xx_hal_i2c.o(.text.I2C_Master_ISR_DMA) referenced 2 times from stm32h7xx_hal_i2c.o(.text.HAL_I2C_Mem_Read_IT)
 <LI><a href="#[a7]">I2C_Master_ISR_DMA</a> from stm32h7xx_hal_i2c.o(.text.I2C_Master_ISR_DMA) referenced 2 times from stm32h7xx_hal_i2c.o(.text.HAL_I2C_Mem_Write_DMA)
 <LI><a href="#[a7]">I2C_Master_ISR_DMA</a> from stm32h7xx_hal_i2c.o(.text.I2C_Master_ISR_DMA) referenced 2 times from stm32h7xx_hal_i2c.o(.text.HAL_I2C_Mem_Write_IT)
 <LI><a href="#[a7]">I2C_Master_ISR_DMA</a> from stm32h7xx_hal_i2c.o(.text.I2C_Master_ISR_DMA) referenced 4 times from stm32h7xx_hal_i2c.o(.text.I2C_DMAMasterReceiveCplt)
 <LI><a href="#[a7]">I2C_Master_ISR_DMA</a> from stm32h7xx_hal_i2c.o(.text.I2C_Master_ISR_DMA) referenced 4 times from stm32h7xx_hal_i2c.o(.text.I2C_DMAMasterTransmitCplt)
 <LI><a href="#[a7]">I2C_Master_ISR_DMA</a> from stm32h7xx_hal_i2c.o(.text.I2C_Master_ISR_DMA) referenced 2 times from stm32h7xx_hal_i2c.o(.text.I2C_Master_ISR_DMA)
 <LI><a href="#[aa]">I2C_Master_ISR_IT</a> from stm32h7xx_hal_i2c.o(.text.I2C_Master_ISR_IT) referenced 2 times from stm32h7xx_hal_i2c.o(.text.HAL_I2C_Master_Receive_DMA)
 <LI><a href="#[aa]">I2C_Master_ISR_IT</a> from stm32h7xx_hal_i2c.o(.text.I2C_Master_ISR_IT) referenced 2 times from stm32h7xx_hal_i2c.o(.text.HAL_I2C_Master_Receive_IT)
 <LI><a href="#[aa]">I2C_Master_ISR_IT</a> from stm32h7xx_hal_i2c.o(.text.I2C_Master_ISR_IT) referenced 2 times from stm32h7xx_hal_i2c.o(.text.HAL_I2C_Master_Sequential_Receive_IT)
 <LI><a href="#[aa]">I2C_Master_ISR_IT</a> from stm32h7xx_hal_i2c.o(.text.I2C_Master_ISR_IT) referenced 2 times from stm32h7xx_hal_i2c.o(.text.HAL_I2C_Master_Sequential_Transmit_IT)
 <LI><a href="#[aa]">I2C_Master_ISR_IT</a> from stm32h7xx_hal_i2c.o(.text.I2C_Master_ISR_IT) referenced 2 times from stm32h7xx_hal_i2c.o(.text.HAL_I2C_Master_Transmit_DMA)
 <LI><a href="#[aa]">I2C_Master_ISR_IT</a> from stm32h7xx_hal_i2c.o(.text.I2C_Master_ISR_IT) referenced 2 times from stm32h7xx_hal_i2c.o(.text.HAL_I2C_Master_Transmit_IT)
 <LI><a href="#[aa]">I2C_Master_ISR_IT</a> from stm32h7xx_hal_i2c.o(.text.I2C_Master_ISR_IT) referenced 2 times from stm32h7xx_hal_i2c.o(.text.HAL_I2C_Mem_Read_IT)
 <LI><a href="#[aa]">I2C_Master_ISR_IT</a> from stm32h7xx_hal_i2c.o(.text.I2C_Master_ISR_IT) referenced 2 times from stm32h7xx_hal_i2c.o(.text.HAL_I2C_Mem_Write_IT)
 <LI><a href="#[a6]">I2C_Slave_ISR_DMA</a> from stm32h7xx_hal_i2c.o(.text.I2C_Slave_ISR_DMA) referenced 2 times from stm32h7xx_hal_i2c.o(.text.HAL_I2C_Master_Abort_IT)
 <LI><a href="#[a6]">I2C_Slave_ISR_DMA</a> from stm32h7xx_hal_i2c.o(.text.I2C_Slave_ISR_DMA) referenced 2 times from stm32h7xx_hal_i2c.o(.text.HAL_I2C_Master_Receive_DMA)
 <LI><a href="#[a6]">I2C_Slave_ISR_DMA</a> from stm32h7xx_hal_i2c.o(.text.I2C_Slave_ISR_DMA) referenced 2 times from stm32h7xx_hal_i2c.o(.text.HAL_I2C_Master_Transmit_DMA)
 <LI><a href="#[a6]">I2C_Slave_ISR_DMA</a> from stm32h7xx_hal_i2c.o(.text.I2C_Slave_ISR_DMA) referenced 2 times from stm32h7xx_hal_i2c.o(.text.HAL_I2C_Mem_Read_DMA)
 <LI><a href="#[a6]">I2C_Slave_ISR_DMA</a> from stm32h7xx_hal_i2c.o(.text.I2C_Slave_ISR_DMA) referenced 2 times from stm32h7xx_hal_i2c.o(.text.HAL_I2C_Mem_Read_IT)
 <LI><a href="#[a6]">I2C_Slave_ISR_DMA</a> from stm32h7xx_hal_i2c.o(.text.I2C_Slave_ISR_DMA) referenced 2 times from stm32h7xx_hal_i2c.o(.text.HAL_I2C_Mem_Write_DMA)
 <LI><a href="#[a6]">I2C_Slave_ISR_DMA</a> from stm32h7xx_hal_i2c.o(.text.I2C_Slave_ISR_DMA) referenced 2 times from stm32h7xx_hal_i2c.o(.text.HAL_I2C_Mem_Write_IT)
 <LI><a href="#[a6]">I2C_Slave_ISR_DMA</a> from stm32h7xx_hal_i2c.o(.text.I2C_Slave_ISR_DMA) referenced 2 times from stm32h7xx_hal_i2c.o(.text.HAL_I2C_Slave_Receive_DMA)
 <LI><a href="#[a6]">I2C_Slave_ISR_DMA</a> from stm32h7xx_hal_i2c.o(.text.I2C_Slave_ISR_DMA) referenced 2 times from stm32h7xx_hal_i2c.o(.text.HAL_I2C_Slave_Transmit_DMA)
 <LI><a href="#[a6]">I2C_Slave_ISR_DMA</a> from stm32h7xx_hal_i2c.o(.text.I2C_Slave_ISR_DMA) referenced 4 times from stm32h7xx_hal_i2c.o(.text.I2C_DMAMasterReceiveCplt)
 <LI><a href="#[a6]">I2C_Slave_ISR_DMA</a> from stm32h7xx_hal_i2c.o(.text.I2C_Slave_ISR_DMA) referenced 4 times from stm32h7xx_hal_i2c.o(.text.I2C_DMAMasterTransmitCplt)
 <LI><a href="#[a6]">I2C_Slave_ISR_DMA</a> from stm32h7xx_hal_i2c.o(.text.I2C_Slave_ISR_DMA) referenced 2 times from stm32h7xx_hal_i2c.o(.text.I2C_Master_ISR_DMA)
 <LI><a href="#[a5]">I2C_Slave_ISR_IT</a> from stm32h7xx_hal_i2c.o(.text.I2C_Slave_ISR_IT) referenced 2 times from stm32h7xx_hal_i2c.o(.text.HAL_I2C_EnableListen_IT)
 <LI><a href="#[a5]">I2C_Slave_ISR_IT</a> from stm32h7xx_hal_i2c.o(.text.I2C_Slave_ISR_IT) referenced 2 times from stm32h7xx_hal_i2c.o(.text.HAL_I2C_Slave_Receive_IT)
 <LI><a href="#[a5]">I2C_Slave_ISR_IT</a> from stm32h7xx_hal_i2c.o(.text.I2C_Slave_ISR_IT) referenced 2 times from stm32h7xx_hal_i2c.o(.text.HAL_I2C_Slave_Sequential_Receive_IT)
 <LI><a href="#[a5]">I2C_Slave_ISR_IT</a> from stm32h7xx_hal_i2c.o(.text.I2C_Slave_ISR_IT) referenced 2 times from stm32h7xx_hal_i2c.o(.text.HAL_I2C_Slave_Sequential_Transmit_IT)
 <LI><a href="#[a5]">I2C_Slave_ISR_IT</a> from stm32h7xx_hal_i2c.o(.text.I2C_Slave_ISR_IT) referenced 2 times from stm32h7xx_hal_i2c.o(.text.HAL_I2C_Slave_Transmit_IT)
 <LI><a href="#[a5]">I2C_Slave_ISR_IT</a> from stm32h7xx_hal_i2c.o(.text.I2C_Slave_ISR_IT) referenced 2 times from stm32h7xx_hal_i2c.o(.text.I2C_ITError)
 <LI><a href="#[114]">Initialize</a> from emac_stm32h7xx.o(.text.Initialize) referenced from emac_stm32h7xx.o(.rodata.Driver_ETH_MAC0)
 <LI><a href="#[124]">Initialize</a> from phy_lan8742a.o(.text.Initialize) referenced from phy_lan8742a.o(.rodata.Driver_ETH_PHY0)
 <LI><a href="#[83]">JPEG_IRQHandler</a> from startup_stm32h743xx.o(.text) referenced from startup_stm32h743xx.o(RESET)
 <LI><a href="#[67]">LPTIM1_IRQHandler</a> from startup_stm32h743xx.o(.text) referenced from startup_stm32h743xx.o(RESET)
 <LI><a href="#[92]">LPTIM2_IRQHandler</a> from startup_stm32h743xx.o(.text) referenced from startup_stm32h743xx.o(RESET)
 <LI><a href="#[93]">LPTIM3_IRQHandler</a> from startup_stm32h743xx.o(.text) referenced from startup_stm32h743xx.o(RESET)
 <LI><a href="#[94]">LPTIM4_IRQHandler</a> from startup_stm32h743xx.o(.text) referenced from startup_stm32h743xx.o(RESET)
 <LI><a href="#[95]">LPTIM5_IRQHandler</a> from startup_stm32h743xx.o(.text) referenced from startup_stm32h743xx.o(RESET)
 <LI><a href="#[96]">LPUART1_IRQHandler</a> from startup_stm32h743xx.o(.text) referenced from startup_stm32h743xx.o(RESET)
 <LI><a href="#[63]">LTDC_ER_IRQHandler</a> from startup_stm32h743xx.o(.text) referenced from startup_stm32h743xx.o(RESET)
 <LI><a href="#[62]">LTDC_IRQHandler</a> from startup_stm32h743xx.o(.text) referenced from startup_stm32h743xx.o(RESET)
 <LI><a href="#[82]">MDIOS_IRQHandler</a> from startup_stm32h743xx.o(.text) referenced from startup_stm32h743xx.o(RESET)
 <LI><a href="#[81]">MDIOS_WKUP_IRQHandler</a> from startup_stm32h743xx.o(.text) referenced from startup_stm32h743xx.o(RESET)
 <LI><a href="#[84]">MDMA_IRQHandler</a> from startup_stm32h743xx.o(.text) referenced from startup_stm32h743xx.o(RESET)
 <LI><a href="#[9]">MemManage_Handler</a> from stm32h7xx_it.o(.text.MemManage_Handler) referenced from startup_stm32h743xx.o(RESET)
 <LI><a href="#[7]">NMI_Handler</a> from stm32h7xx_it.o(.text.NMI_Handler) referenced from startup_stm32h743xx.o(RESET)
 <LI><a href="#[6d]">OTG_FS_EP1_IN_IRQHandler</a> from startup_stm32h743xx.o(.text) referenced from startup_stm32h743xx.o(RESET)
 <LI><a href="#[6c]">OTG_FS_EP1_OUT_IRQHandler</a> from startup_stm32h743xx.o(.text) referenced from startup_stm32h743xx.o(RESET)
 <LI><a href="#[6f]">OTG_FS_IRQHandler</a> from startup_stm32h743xx.o(.text) referenced from startup_stm32h743xx.o(RESET)
 <LI><a href="#[6e]">OTG_FS_WKUP_IRQHandler</a> from startup_stm32h743xx.o(.text) referenced from startup_stm32h743xx.o(RESET)
 <LI><a href="#[56]">OTG_HS_EP1_IN_IRQHandler</a> from startup_stm32h743xx.o(.text) referenced from startup_stm32h743xx.o(RESET)
 <LI><a href="#[55]">OTG_HS_EP1_OUT_IRQHandler</a> from startup_stm32h743xx.o(.text) referenced from startup_stm32h743xx.o(RESET)
 <LI><a href="#[58]">OTG_HS_IRQHandler</a> from startup_stm32h743xx.o(.text) referenced from startup_stm32h743xx.o(RESET)
 <LI><a href="#[57]">OTG_HS_WKUP_IRQHandler</a> from startup_stm32h743xx.o(.text) referenced from startup_stm32h743xx.o(RESET)
 <LI><a href="#[121]">PHY_Read</a> from emac_stm32h7xx.o(.text.PHY_Read) referenced from emac_stm32h7xx.o(.rodata.Driver_ETH_MAC0)
 <LI><a href="#[122]">PHY_Write</a> from emac_stm32h7xx.o(.text.PHY_Write) referenced from emac_stm32h7xx.o(.rodata.Driver_ETH_MAC0)
 <LI><a href="#[11]">PVD_AVD_IRQHandler</a> from startup_stm32h743xx.o(.text) referenced from startup_stm32h743xx.o(RESET)
 <LI><a href="#[e]">PendSV_Handler</a> from irq_cm4f.o(.text) referenced from startup_stm32h743xx.o(RESET)
 <LI><a href="#[116]">PowerControl</a> from emac_stm32h7xx.o(.text.PowerControl) referenced from emac_stm32h7xx.o(.rodata.Driver_ETH_MAC0)
 <LI><a href="#[126]">PowerControl</a> from phy_lan8742a.o(.text.PowerControl) referenced from phy_lan8742a.o(.rodata.Driver_ETH_PHY0)
 <LI><a href="#[66]">QUADSPI_IRQHandler</a> from startup_stm32h743xx.o(.text) referenced from startup_stm32h743xx.o(RESET)
 <LI><a href="#[15]">RCC_IRQHandler</a> from startup_stm32h743xx.o(.text) referenced from startup_stm32h743xx.o(RESET)
 <LI><a href="#[5a]">RNG_IRQHandler</a> from startup_stm32h743xx.o(.text) referenced from startup_stm32h743xx.o(RESET)
 <LI><a href="#[39]">RTC_Alarm_IRQHandler</a> from startup_stm32h743xx.o(.text) referenced from startup_stm32h743xx.o(RESET)
 <LI><a href="#[13]">RTC_WKUP_IRQHandler</a> from startup_stm32h743xx.o(.text) referenced from startup_stm32h743xx.o(RESET)
 <LI><a href="#[11b]">ReadFrame</a> from emac_stm32h7xx.o(.text.ReadFrame) referenced from emac_stm32h7xx.o(.rodata.Driver_ETH_MAC0)
 <LI><a href="#[6]">Reset_Handler</a> from startup_stm32h743xx.o(.text) referenced from startup_stm32h743xx.o(RESET)
 <LI><a href="#[61]">SAI1_IRQHandler</a> from startup_stm32h743xx.o(.text) referenced from startup_stm32h743xx.o(RESET)
 <LI><a href="#[65]">SAI2_IRQHandler</a> from startup_stm32h743xx.o(.text) referenced from startup_stm32h743xx.o(RESET)
 <LI><a href="#[7c]">SAI3_IRQHandler</a> from startup_stm32h743xx.o(.text) referenced from startup_stm32h743xx.o(RESET)
 <LI><a href="#[98]">SAI4_IRQHandler</a> from startup_stm32h743xx.o(.text) referenced from startup_stm32h743xx.o(RESET)
 <LI><a href="#[40]">SDMMC1_IRQHandler</a> from startup_stm32h743xx.o(.text) referenced from startup_stm32h743xx.o(RESET)
 <LI><a href="#[85]">SDMMC2_IRQHandler</a> from startup_stm32h743xx.o(.text) referenced from startup_stm32h743xx.o(RESET)
 <LI><a href="#[6b]">SPDIF_RX_IRQHandler</a> from startup_stm32h743xx.o(.text) referenced from startup_stm32h743xx.o(RESET)
 <LI><a href="#[33]">SPI1_IRQHandler</a> from stm32h7xx_it.o(.text.SPI1_IRQHandler) referenced from startup_stm32h743xx.o(RESET)
 <LI><a href="#[34]">SPI2_IRQHandler</a> from startup_stm32h743xx.o(.text) referenced from startup_stm32h743xx.o(RESET)
 <LI><a href="#[42]">SPI3_IRQHandler</a> from startup_stm32h743xx.o(.text) referenced from startup_stm32h743xx.o(RESET)
 <LI><a href="#[5e]">SPI4_IRQHandler</a> from startup_stm32h743xx.o(.text) referenced from startup_stm32h743xx.o(RESET)
 <LI><a href="#[5f]">SPI5_IRQHandler</a> from startup_stm32h743xx.o(.text) referenced from startup_stm32h743xx.o(RESET)
 <LI><a href="#[60]">SPI6_IRQHandler</a> from startup_stm32h743xx.o(.text) referenced from startup_stm32h743xx.o(RESET)
 <LI><a href="#[ae]">SPI_DMAAbortOnError</a> from stm32h7xx_hal_spi.o(.text.SPI_DMAAbortOnError) referenced 4 times from stm32h7xx_hal_spi.o(.text.HAL_SPI_IRQHandler)
 <LI><a href="#[b1]">SPI_DMAError</a> from stm32h7xx_hal_spi.o(.text.SPI_DMAError) referenced 2 times from stm32h7xx_hal_spi.o(.text.HAL_SPI_Receive_DMA)
 <LI><a href="#[b1]">SPI_DMAError</a> from stm32h7xx_hal_spi.o(.text.SPI_DMAError) referenced 2 times from stm32h7xx_hal_spi.o(.text.HAL_SPI_TransmitReceive_DMA)
 <LI><a href="#[b1]">SPI_DMAError</a> from stm32h7xx_hal_spi.o(.text.SPI_DMAError) referenced 2 times from stm32h7xx_hal_spi.o(.text.HAL_SPI_Transmit_DMA)
 <LI><a href="#[b0]">SPI_DMAHalfReceiveCplt</a> from stm32h7xx_hal_spi.o(.text.SPI_DMAHalfReceiveCplt) referenced 2 times from stm32h7xx_hal_spi.o(.text.HAL_SPI_Receive_DMA)
 <LI><a href="#[b0]">SPI_DMAHalfReceiveCplt</a> from stm32h7xx_hal_spi.o(.text.SPI_DMAHalfReceiveCplt) referenced 2 times from stm32h7xx_hal_spi.o(.text.HAL_SPI_TransmitReceive_DMA)
 <LI><a href="#[b5]">SPI_DMAHalfTransmitCplt</a> from stm32h7xx_hal_spi.o(.text.SPI_DMAHalfTransmitCplt) referenced 2 times from stm32h7xx_hal_spi.o(.text.HAL_SPI_Transmit_DMA)
 <LI><a href="#[b3]">SPI_DMAHalfTransmitReceiveCplt</a> from stm32h7xx_hal_spi.o(.text.SPI_DMAHalfTransmitReceiveCplt) referenced 2 times from stm32h7xx_hal_spi.o(.text.HAL_SPI_TransmitReceive_DMA)
 <LI><a href="#[af]">SPI_DMAReceiveCplt</a> from stm32h7xx_hal_spi.o(.text.SPI_DMAReceiveCplt) referenced 2 times from stm32h7xx_hal_spi.o(.text.HAL_SPI_Receive_DMA)
 <LI><a href="#[af]">SPI_DMAReceiveCplt</a> from stm32h7xx_hal_spi.o(.text.SPI_DMAReceiveCplt) referenced 2 times from stm32h7xx_hal_spi.o(.text.HAL_SPI_TransmitReceive_DMA)
 <LI><a href="#[b4]">SPI_DMATransmitCplt</a> from stm32h7xx_hal_spi.o(.text.SPI_DMATransmitCplt) referenced 2 times from stm32h7xx_hal_spi.o(.text.HAL_SPI_Transmit_DMA)
 <LI><a href="#[b2]">SPI_DMATransmitReceiveCplt</a> from stm32h7xx_hal_spi.o(.text.SPI_DMATransmitReceiveCplt) referenced 2 times from stm32h7xx_hal_spi.o(.text.HAL_SPI_TransmitReceive_DMA)
 <LI><a href="#[c]">SVC_Handler</a> from irq_cm4f.o(.text) referenced from startup_stm32h743xx.o(RESET)
 <LI><a href="#[7d]">SWPMI1_IRQHandler</a> from startup_stm32h743xx.o(.text) referenced from startup_stm32h743xx.o(RESET)
 <LI><a href="#[11a]">SendFrame</a> from emac_stm32h7xx.o(.text.SendFrame) referenced from emac_stm32h7xx.o(.rodata.Driver_ETH_MAC0)
 <LI><a href="#[119]">SetAddressFilter</a> from emac_stm32h7xx.o(.text.SetAddressFilter) referenced from emac_stm32h7xx.o(.rodata.Driver_ETH_MAC0)
 <LI><a href="#[127]">SetInterface</a> from phy_lan8742a.o(.text.SetInterface) referenced from phy_lan8742a.o(.rodata.Driver_ETH_PHY0)
 <LI><a href="#[118]">SetMacAddress</a> from emac_stm32h7xx.o(.text.SetMacAddress) referenced from emac_stm32h7xx.o(.rodata.Driver_ETH_MAC0)
 <LI><a href="#[128]">SetMode</a> from phy_lan8742a.o(.text.SetMode) referenced from phy_lan8742a.o(.rodata.Driver_ETH_PHY0)
 <LI><a href="#[f]">SysTick_Handler</a> from irq_cm4f.o(.text) referenced from rtx_kernel.o(.text.svcRtxKernelStart)
 <LI><a href="#[f]">SysTick_Handler</a> from irq_cm4f.o(.text) referenced from startup_stm32h743xx.o(RESET)
 <LI><a href="#[9b]">SystemInit</a> from system_stm32h7xx.o(.text.SystemInit) referenced from startup_stm32h743xx.o(.text)
 <LI><a href="#[12]">TAMP_STAMP_IRQHandler</a> from startup_stm32h743xx.o(.text) referenced from startup_stm32h743xx.o(RESET)
 <LI><a href="#[7e]">TIM15_IRQHandler</a> from startup_stm32h743xx.o(.text) referenced from startup_stm32h743xx.o(RESET)
 <LI><a href="#[7f]">TIM16_IRQHandler</a> from startup_stm32h743xx.o(.text) referenced from startup_stm32h743xx.o(RESET)
 <LI><a href="#[80]">TIM17_IRQHandler</a> from startup_stm32h743xx.o(.text) referenced from startup_stm32h743xx.o(RESET)
 <LI><a href="#[28]">TIM1_BRK_IRQHandler</a> from stm32h7xx_it.o(.text.TIM1_BRK_IRQHandler) referenced from startup_stm32h743xx.o(RESET)
 <LI><a href="#[2b]">TIM1_CC_IRQHandler</a> from stm32h7xx_it.o(.text.TIM1_CC_IRQHandler) referenced from startup_stm32h743xx.o(RESET)
 <LI><a href="#[2a]">TIM1_TRG_COM_IRQHandler</a> from stm32h7xx_it.o(.text.TIM1_TRG_COM_IRQHandler) referenced from startup_stm32h743xx.o(RESET)
 <LI><a href="#[29]">TIM1_UP_IRQHandler</a> from stm32h7xx_it.o(.text.TIM1_UP_IRQHandler) referenced from startup_stm32h743xx.o(RESET)
 <LI><a href="#[2c]">TIM2_IRQHandler</a> from startup_stm32h743xx.o(.text) referenced from startup_stm32h743xx.o(RESET)
 <LI><a href="#[2d]">TIM3_IRQHandler</a> from startup_stm32h743xx.o(.text) referenced from startup_stm32h743xx.o(RESET)
 <LI><a href="#[2e]">TIM4_IRQHandler</a> from startup_stm32h743xx.o(.text) referenced from startup_stm32h743xx.o(RESET)
 <LI><a href="#[41]">TIM5_IRQHandler</a> from startup_stm32h743xx.o(.text) referenced from startup_stm32h743xx.o(RESET)
 <LI><a href="#[45]">TIM6_DAC_IRQHandler</a> from startup_stm32h743xx.o(.text) referenced from startup_stm32h743xx.o(RESET)
 <LI><a href="#[46]">TIM7_IRQHandler</a> from startup_stm32h743xx.o(.text) referenced from startup_stm32h743xx.o(RESET)
 <LI><a href="#[3a]">TIM8_BRK_TIM12_IRQHandler</a> from startup_stm32h743xx.o(.text) referenced from startup_stm32h743xx.o(RESET)
 <LI><a href="#[3d]">TIM8_CC_IRQHandler</a> from startup_stm32h743xx.o(.text) referenced from startup_stm32h743xx.o(RESET)
 <LI><a href="#[3c]">TIM8_TRG_COM_TIM14_IRQHandler</a> from startup_stm32h743xx.o(.text) referenced from startup_stm32h743xx.o(RESET)
 <LI><a href="#[3b]">TIM8_UP_TIM13_IRQHandler</a> from stm32h7xx_it.o(.text.TIM8_UP_TIM13_IRQHandler) referenced from startup_stm32h743xx.o(RESET)
 <LI><a href="#[b6]">TIMEx_DMACommutationCplt</a> from stm32h7xx_hal_tim_ex.o(.text.TIMEx_DMACommutationCplt) referenced 2 times from stm32h7xx_hal_tim_ex.o(.text.HAL_TIMEx_ConfigCommutationEvent_DMA)
 <LI><a href="#[b6]">TIMEx_DMACommutationCplt</a> from stm32h7xx_hal_tim_ex.o(.text.TIMEx_DMACommutationCplt) referenced 2 times from stm32h7xx_hal_tim.o(.text.HAL_TIM_DMABurst_ReadStart)
 <LI><a href="#[b6]">TIMEx_DMACommutationCplt</a> from stm32h7xx_hal_tim_ex.o(.text.TIMEx_DMACommutationCplt) referenced 2 times from stm32h7xx_hal_tim.o(.text.HAL_TIM_DMABurst_WriteStart)
 <LI><a href="#[b9]">TIM_DMACaptureCplt</a> from stm32h7xx_hal_tim.o(.text.TIM_DMACaptureCplt) referenced 8 times from stm32h7xx_hal_tim.o(.text.HAL_TIM_DMABurst_ReadStart)
 <LI><a href="#[b9]">TIM_DMACaptureCplt</a> from stm32h7xx_hal_tim.o(.text.TIM_DMACaptureCplt) referenced 6 times from stm32h7xx_hal_tim.o(.text.HAL_TIM_Encoder_Start_DMA)
 <LI><a href="#[b9]">TIM_DMACaptureCplt</a> from stm32h7xx_hal_tim.o(.text.TIM_DMACaptureCplt) referenced 8 times from stm32h7xx_hal_tim.o(.text.HAL_TIM_IC_Start_DMA)
 <LI><a href="#[bb]">TIM_DMADelayPulseCplt</a> from stm32h7xx_hal_tim.o(.text.TIM_DMADelayPulseCplt) referenced 8 times from stm32h7xx_hal_tim.o(.text.HAL_TIM_DMABurst_WriteStart)
 <LI><a href="#[bb]">TIM_DMADelayPulseCplt</a> from stm32h7xx_hal_tim.o(.text.TIM_DMADelayPulseCplt) referenced 8 times from stm32h7xx_hal_tim.o(.text.HAL_TIM_OC_Start_DMA)
 <LI><a href="#[bb]">TIM_DMADelayPulseCplt</a> from stm32h7xx_hal_tim.o(.text.TIM_DMADelayPulseCplt) referenced 8 times from stm32h7xx_hal_tim.o(.text.HAL_TIM_PWM_Start_DMA)
 <LI><a href="#[bb]">TIM_DMADelayPulseCplt</a> from stm32h7xx_hal_tim.o(.text.TIM_DMADelayPulseCplt) referenced 2 times from pwmouter.o(.text._Z13preStartOuterv)
 <LI><a href="#[b7]">TIM_DMAError</a> from stm32h7xx_hal_tim.o(.text.TIM_DMAError) referenced 2 times from stm32h7xx_hal_tim_ex.o(.text.HAL_TIMEx_ConfigCommutationEvent_DMA)
 <LI><a href="#[b7]">TIM_DMAError</a> from stm32h7xx_hal_tim.o(.text.TIM_DMAError) referenced 2 times from stm32h7xx_hal_tim.o(.text.HAL_TIM_Base_Start_DMA)
 <LI><a href="#[b7]">TIM_DMAError</a> from stm32h7xx_hal_tim.o(.text.TIM_DMAError) referenced 14 times from stm32h7xx_hal_tim.o(.text.HAL_TIM_DMABurst_ReadStart)
 <LI><a href="#[b7]">TIM_DMAError</a> from stm32h7xx_hal_tim.o(.text.TIM_DMAError) referenced 14 times from stm32h7xx_hal_tim.o(.text.HAL_TIM_DMABurst_WriteStart)
 <LI><a href="#[b7]">TIM_DMAError</a> from stm32h7xx_hal_tim.o(.text.TIM_DMAError) referenced 6 times from stm32h7xx_hal_tim.o(.text.HAL_TIM_Encoder_Start_DMA)
 <LI><a href="#[b7]">TIM_DMAError</a> from stm32h7xx_hal_tim.o(.text.TIM_DMAError) referenced 8 times from stm32h7xx_hal_tim.o(.text.HAL_TIM_IC_Start_DMA)
 <LI><a href="#[b7]">TIM_DMAError</a> from stm32h7xx_hal_tim.o(.text.TIM_DMAError) referenced 8 times from stm32h7xx_hal_tim.o(.text.HAL_TIM_OC_Start_DMA)
 <LI><a href="#[b7]">TIM_DMAError</a> from stm32h7xx_hal_tim.o(.text.TIM_DMAError) referenced 8 times from stm32h7xx_hal_tim.o(.text.HAL_TIM_PWM_Start_DMA)
 <LI><a href="#[b7]">TIM_DMAError</a> from stm32h7xx_hal_tim.o(.text.TIM_DMAError) referenced 2 times from pwmouter.o(.text._Z13preStartOuterv)
 <LI><a href="#[b8]">TIM_DMAPeriodElapsedCplt</a> from stm32h7xx_hal_tim.o(.text.TIM_DMAPeriodElapsedCplt) referenced 2 times from stm32h7xx_hal_tim.o(.text.HAL_TIM_Base_Start_DMA)
 <LI><a href="#[b8]">TIM_DMAPeriodElapsedCplt</a> from stm32h7xx_hal_tim.o(.text.TIM_DMAPeriodElapsedCplt) referenced 2 times from stm32h7xx_hal_tim.o(.text.HAL_TIM_DMABurst_ReadStart)
 <LI><a href="#[b8]">TIM_DMAPeriodElapsedCplt</a> from stm32h7xx_hal_tim.o(.text.TIM_DMAPeriodElapsedCplt) referenced 2 times from stm32h7xx_hal_tim.o(.text.HAL_TIM_DMABurst_WriteStart)
 <LI><a href="#[ba]">TIM_DMATriggerCplt</a> from stm32h7xx_hal_tim.o(.text.TIM_DMATriggerCplt) referenced 2 times from stm32h7xx_hal_tim.o(.text.HAL_TIM_DMABurst_ReadStart)
 <LI><a href="#[ba]">TIM_DMATriggerCplt</a> from stm32h7xx_hal_tim.o(.text.TIM_DMATriggerCplt) referenced 2 times from stm32h7xx_hal_tim.o(.text.HAL_TIM_DMABurst_WriteStart)
 <LI><a href="#[d6]">Thread</a> from thread.o(.text.Thread) referenced 2 times from main.o(.text.main)
 <LI><a href="#[43]">UART4_IRQHandler</a> from stm32h7xx_it.o(.text.UART4_IRQHandler) referenced from startup_stm32h743xx.o(RESET)
 <LI><a href="#[44]">UART5_IRQHandler</a> from startup_stm32h743xx.o(.text) referenced from startup_stm32h743xx.o(RESET)
 <LI><a href="#[5c]">UART7_IRQHandler</a> from startup_stm32h743xx.o(.text) referenced from startup_stm32h743xx.o(RESET)
 <LI><a href="#[5d]">UART8_IRQHandler</a> from startup_stm32h743xx.o(.text) referenced from startup_stm32h743xx.o(RESET)
 <LI><a href="#[bc]">UART_DMAAbortOnError</a> from stm32h7xx_hal_uart.o(.text.UART_DMAAbortOnError) referenced 2 times from stm32h7xx_hal_uart.o(.text.HAL_UART_IRQHandler)
 <LI><a href="#[bf]">UART_DMAError</a> from stm32h7xx_hal_uart.o(.text.UART_DMAError) referenced 2 times from stm32h7xx_hal_uart.o(.text.HAL_UART_Receive_DMA)
 <LI><a href="#[bf]">UART_DMAError</a> from stm32h7xx_hal_uart.o(.text.UART_DMAError) referenced 2 times from stm32h7xx_hal_uart.o(.text.HAL_UART_Transmit_DMA)
 <LI><a href="#[be]">UART_DMAReceiveCplt</a> from stm32h7xx_hal_uart.o(.text.UART_DMAReceiveCplt) referenced 2 times from stm32h7xx_hal_uart.o(.text.HAL_UART_Receive_DMA)
 <LI><a href="#[bd]">UART_DMARxHalfCplt</a> from stm32h7xx_hal_uart.o(.text.UART_DMARxHalfCplt) referenced 2 times from stm32h7xx_hal_uart.o(.text.HAL_UART_Receive_DMA)
 <LI><a href="#[c1]">UART_DMATransmitCplt</a> from stm32h7xx_hal_uart.o(.text.UART_DMATransmitCplt) referenced 2 times from stm32h7xx_hal_uart.o(.text.HAL_UART_Transmit_DMA)
 <LI><a href="#[c0]">UART_DMATxHalfCplt</a> from stm32h7xx_hal_uart.o(.text.UART_DMATxHalfCplt) referenced 2 times from stm32h7xx_hal_uart.o(.text.HAL_UART_Transmit_DMA)
 <LI><a href="#[35]">USART1_IRQHandler</a> from startup_stm32h743xx.o(.text) referenced from startup_stm32h743xx.o(RESET)
 <LI><a href="#[36]">USART2_IRQHandler</a> from startup_stm32h743xx.o(.text) referenced from startup_stm32h743xx.o(RESET)
 <LI><a href="#[37]">USART3_IRQHandler</a> from startup_stm32h743xx.o(.text) referenced from startup_stm32h743xx.o(RESET)
 <LI><a href="#[52]">USART6_IRQHandler</a> from startup_stm32h743xx.o(.text) referenced from startup_stm32h743xx.o(RESET)
 <LI><a href="#[115]">Uninitialize</a> from emac_stm32h7xx.o(.text.Uninitialize) referenced from emac_stm32h7xx.o(.rodata.Driver_ETH_MAC0)
 <LI><a href="#[125]">Uninitialize</a> from phy_lan8742a.o(.text.Uninitialize) referenced from phy_lan8742a.o(.rodata.Driver_ETH_PHY0)
 <LI><a href="#[b]">UsageFault_Handler</a> from stm32h7xx_it.o(.text.UsageFault_Handler) referenced from startup_stm32h743xx.o(RESET)
 <LI><a href="#[99]">WAKEUP_PIN_IRQHandler</a> from startup_stm32h743xx.o(.text) referenced from startup_stm32h743xx.o(RESET)
 <LI><a href="#[10]">WWDG_IRQHandler</a> from startup_stm32h743xx.o(.text) referenced from startup_stm32h743xx.o(RESET)
 <LI><a href="#[15b]">_GLOBAL__sub_I_Thread.cpp</a> from thread.o(.text._GLOBAL__sub_I_Thread.cpp) referenced from thread.o(.init_array)
 <LI><a href="#[c8]">udp_cb_func(int, const net_addr*, const unsigned char*, unsigned)</a> from udp_socket.o(.text._Z11udp_cb_funciPK8net_addrPKhj) referenced 2 times from udp_socket.o(.text._Z8udp_TaskPv)
 <LI><a href="#[c4]">InvensenseTask(void*)</a> from invensensetask.o(.text._Z14InvensenseTaskPv) referenced 2 times from thread.o(.text.Thread)
 <LI><a href="#[c7]">inv_generate_results(inv_sensor_cal_t*)</a> from results_holder.o(.text._Z20inv_generate_resultsP16inv_sensor_cal_t) referenced 2 times from results_holder.o(.text._Z24inv_start_results_holderv)
 <LI><a href="#[d1]">inv_generate_hal_outputs(inv_sensor_cal_t*)</a> from hal_outputs.o(.text._Z24inv_generate_hal_outputsP16inv_sensor_cal_t) referenced 2 times from hal_outputs.o(.text.inv_disable_hal_outputs)
 <LI><a href="#[d1]">inv_generate_hal_outputs(inv_sensor_cal_t*)</a> from hal_outputs.o(.text._Z24inv_generate_hal_outputsP16inv_sensor_cal_t) referenced 2 times from hal_outputs.o(.text.inv_start_hal_outputs)
 <LI><a href="#[d1]">inv_generate_hal_outputs(inv_sensor_cal_t*)</a> from hal_outputs.o(.text._Z24inv_generate_hal_outputsP16inv_sensor_cal_t) referenced 2 times from hal_outputs.o(.text.inv_stop_hal_outputs)
 <LI><a href="#[d3]">inv_start_results_holder()</a> from results_holder.o(.text._Z24inv_start_results_holderv) referenced 2 times from results_holder.o(.text.inv_enable_results_holder)
 <LI><a href="#[c3]">udp_Task(void*)</a> from udp_socket.o(.text._Z8udp_TaskPv) referenced 2 times from thread.o(.text.Thread)
 <LI><a href="#[c5]">qspi_Task(void*)</a> from thread.o(.text._Z9qspi_TaskPv) referenced 2 times from thread.o(.text.Thread)
 <LI><a href="#[12b]">__cxxabiv1::__shim_type_info::~__shim_type_info__sub_object()</a> from private_typeinfo.cpp.o(.text._ZN10__cxxabiv116__shim_type_infoD2Ev) referenced from private_typeinfo.cpp.o(.rodata._ZTVN10__cxxabiv117__class_type_infoE)
 <LI><a href="#[12b]">__cxxabiv1::__shim_type_info::~__shim_type_info__sub_object()</a> from private_typeinfo.cpp.o(.text._ZN10__cxxabiv116__shim_type_infoD2Ev) referenced from private_typeinfo.cpp.o(.rodata._ZTVN10__cxxabiv120__si_class_type_infoE)
 <LI><a href="#[12b]">__cxxabiv1::__shim_type_info::~__shim_type_info__sub_object()</a> from private_typeinfo.cpp.o(.text._ZN10__cxxabiv116__shim_type_infoD2Ev) referenced from private_typeinfo.cpp.o(.rodata._ZTVN10__cxxabiv123__fundamental_type_infoE)
 <LI><a href="#[12c]">__cxxabiv1::__class_type_info::~__class_type_info__deallocating()</a> from private_typeinfo.cpp.o(.text._ZN10__cxxabiv117__class_type_infoD0Ev) referenced from private_typeinfo.cpp.o(.rodata._ZTVN10__cxxabiv117__class_type_infoE)
 <LI><a href="#[133]">__cxxabiv1::__si_class_type_info::~__si_class_type_info__deallocating()</a> from private_typeinfo.cpp.o(.text._ZN10__cxxabiv120__si_class_type_infoD0Ev) referenced from private_typeinfo.cpp.o(.rodata._ZTVN10__cxxabiv120__si_class_type_infoE)
 <LI><a href="#[137]">__cxxabiv1::__fundamental_type_info::~__fundamental_type_info__deallocating()</a> from private_typeinfo.cpp.o(.text._ZN10__cxxabiv123__fundamental_type_infoD0Ev) referenced from private_typeinfo.cpp.o(.rodata._ZTVN10__cxxabiv123__fundamental_type_infoE)
 <LI><a href="#[ce]">_ZN10__cxxabiv1L22exception_cleanup_funcE19_Unwind_Reason_CodeP21_Unwind_Control_Block</a> from cxa_exception.cpp.o(.text._ZN10__cxxabiv1L22exception_cleanup_funcE19_Unwind_Reason_CodeP21_Unwind_Control_Block) referenced 2 times from cxa_exception.cpp.o(.text.__cxa_throw)
 <LI><a href="#[cd]">_ZN10__cxxabiv1L27dependent_exception_cleanupE19_Unwind_Reason_CodeP21_Unwind_Control_Block</a> from cxa_exception.cpp.o(.text._ZN10__cxxabiv1L27dependent_exception_cleanupE19_Unwind_Reason_CodeP21_Unwind_Control_Block) referenced 2 times from cxa_exception.cpp.o(.text.__cxa_rethrow_primary_exception)
 <LI><a href="#[c6]">MultiFifo::~MultiFifo()</a> from multififo.o(.text._ZN9MultiFifoD2Ev) referenced 2 times from thread.o(.text._GLOBAL__sub_I_Thread.cpp)
 <LI><a href="#[148]">libunwind::UnwindCursor&lang;libunwind::LocalAddressSpace, libunwind::Registers_arm&rang;::saveVFPAsX()</a> from libunwind.cpp.o(.text._ZN9libunwind12UnwindCursorINS_17LocalAddressSpaceENS_13Registers_armEE10saveVFPAsXEv) referenced from libunwind.cpp.o(.rodata._ZTVN9libunwind12UnwindCursorINS_17LocalAddressSpaceENS_13Registers_armEEE)
 <LI><a href="#[13f]">libunwind::UnwindCursor&lang;libunwind::LocalAddressSpace, libunwind::Registers_arm&rang;::getFloatReg(int)</a> from libunwind.cpp.o(.text._ZN9libunwind12UnwindCursorINS_17LocalAddressSpaceENS_13Registers_armEE11getFloatRegEi) referenced from libunwind.cpp.o(.rodata._ZTVN9libunwind12UnwindCursorINS_17LocalAddressSpaceENS_13Registers_armEEE)
 <LI><a href="#[140]">libunwind::UnwindCursor&lang;libunwind::LocalAddressSpace, libunwind::Registers_arm&rang;::setFloatReg(int, unsigned long long)</a> from libunwind.cpp.o(.text._ZN9libunwind12UnwindCursorINS_17LocalAddressSpaceENS_13Registers_armEE11setFloatRegEiy) referenced from libunwind.cpp.o(.rodata._ZTVN9libunwind12UnwindCursorINS_17LocalAddressSpaceENS_13Registers_armEEE)
 <LI><a href="#[144]">libunwind::UnwindCursor&lang;libunwind::LocalAddressSpace, libunwind::Registers_arm&rang;::isSignalFrame()</a> from libunwind.cpp.o(.text._ZN9libunwind12UnwindCursorINS_17LocalAddressSpaceENS_13Registers_armEE13isSignalFrameEv) referenced from libunwind.cpp.o(.rodata._ZTVN9libunwind12UnwindCursorINS_17LocalAddressSpaceENS_13Registers_armEEE)
 <LI><a href="#[13e]">libunwind::UnwindCursor&lang;libunwind::LocalAddressSpace, libunwind::Registers_arm&rang;::validFloatReg(int)</a> from libunwind.cpp.o(.text._ZN9libunwind12UnwindCursorINS_17LocalAddressSpaceENS_13Registers_armEE13validFloatRegEi) referenced from libunwind.cpp.o(.rodata._ZTVN9libunwind12UnwindCursorINS_17LocalAddressSpaceENS_13Registers_armEEE)
 <LI><a href="#[145]">libunwind::UnwindCursor&lang;libunwind::LocalAddressSpace, libunwind::Registers_arm&rang;::getFunctionName(char*, unsigned, unsigned*)</a> from libunwind.cpp.o(.text._ZN9libunwind12UnwindCursorINS_17LocalAddressSpaceENS_13Registers_armEE15getFunctionNameEPcjPj) referenced from libunwind.cpp.o(.rodata._ZTVN9libunwind12UnwindCursorINS_17LocalAddressSpaceENS_13Registers_armEEE)
 <LI><a href="#[147]">libunwind::UnwindCursor&lang;libunwind::LocalAddressSpace, libunwind::Registers_arm&rang;::getRegisterName(int)</a> from libunwind.cpp.o(.text._ZN9libunwind12UnwindCursorINS_17LocalAddressSpaceENS_13Registers_armEE15getRegisterNameEi) referenced from libunwind.cpp.o(.rodata._ZTVN9libunwind12UnwindCursorINS_17LocalAddressSpaceENS_13Registers_armEEE)
 <LI><a href="#[146]">libunwind::UnwindCursor&lang;libunwind::LocalAddressSpace, libunwind::Registers_arm&rang;::setInfoBasedOnIPRegister(bool)</a> from libunwind.cpp.o(.text._ZN9libunwind12UnwindCursorINS_17LocalAddressSpaceENS_13Registers_armEE24setInfoBasedOnIPRegisterEb) referenced from libunwind.cpp.o(.rodata._ZTVN9libunwind12UnwindCursorINS_17LocalAddressSpaceENS_13Registers_armEEE)
 <LI><a href="#[141]">libunwind::UnwindCursor&lang;libunwind::LocalAddressSpace, libunwind::Registers_arm&rang;::step()</a> from libunwind.cpp.o(.text._ZN9libunwind12UnwindCursorINS_17LocalAddressSpaceENS_13Registers_armEE4stepEv) referenced from libunwind.cpp.o(.rodata._ZTVN9libunwind12UnwindCursorINS_17LocalAddressSpaceENS_13Registers_armEEE)
 <LI><a href="#[13c]">libunwind::UnwindCursor&lang;libunwind::LocalAddressSpace, libunwind::Registers_arm&rang;::getReg(int)</a> from libunwind.cpp.o(.text._ZN9libunwind12UnwindCursorINS_17LocalAddressSpaceENS_13Registers_armEE6getRegEi) referenced from libunwind.cpp.o(.rodata._ZTVN9libunwind12UnwindCursorINS_17LocalAddressSpaceENS_13Registers_armEEE)
 <LI><a href="#[143]">libunwind::UnwindCursor&lang;libunwind::LocalAddressSpace, libunwind::Registers_arm&rang;::jumpto()</a> from libunwind.cpp.o(.text._ZN9libunwind12UnwindCursorINS_17LocalAddressSpaceENS_13Registers_armEE6jumptoEv) referenced from libunwind.cpp.o(.rodata._ZTVN9libunwind12UnwindCursorINS_17LocalAddressSpaceENS_13Registers_armEEE)
 <LI><a href="#[13d]">libunwind::UnwindCursor&lang;libunwind::LocalAddressSpace, libunwind::Registers_arm&rang;::setReg(int, unsigned)</a> from libunwind.cpp.o(.text._ZN9libunwind12UnwindCursorINS_17LocalAddressSpaceENS_13Registers_armEE6setRegEij) referenced from libunwind.cpp.o(.rodata._ZTVN9libunwind12UnwindCursorINS_17LocalAddressSpaceENS_13Registers_armEEE)
 <LI><a href="#[142]">libunwind::UnwindCursor&lang;libunwind::LocalAddressSpace, libunwind::Registers_arm&rang;::getInfo(unw_proc_info_t*)</a> from libunwind.cpp.o(.text._ZN9libunwind12UnwindCursorINS_17LocalAddressSpaceENS_13Registers_armEE7getInfoEP15unw_proc_info_t) referenced from libunwind.cpp.o(.rodata._ZTVN9libunwind12UnwindCursorINS_17LocalAddressSpaceENS_13Registers_armEEE)
 <LI><a href="#[13b]">libunwind::UnwindCursor&lang;libunwind::LocalAddressSpace, libunwind::Registers_arm&rang;::validReg(int)</a> from libunwind.cpp.o(.text._ZN9libunwind12UnwindCursorINS_17LocalAddressSpaceENS_13Registers_armEE8validRegEi) referenced from libunwind.cpp.o(.rodata._ZTVN9libunwind12UnwindCursorINS_17LocalAddressSpaceENS_13Registers_armEEE)
 <LI><a href="#[13a]">libunwind::UnwindCursor&lang;libunwind::LocalAddressSpace, libunwind::Registers_arm&rang;::~UnwindCursor__deallocating()</a> from libunwind.cpp.o(.text._ZN9libunwind12UnwindCursorINS_17LocalAddressSpaceENS_13Registers_armEED0Ev) referenced from libunwind.cpp.o(.rodata._ZTVN9libunwind12UnwindCursorINS_17LocalAddressSpaceENS_13Registers_armEEE)
 <LI><a href="#[139]">libunwind::AbstractUnwindCursor::~AbstractUnwindCursor__sub_object()</a> from libunwind.cpp.o(.text._ZN9libunwind20AbstractUnwindCursorD2Ev) referenced from libunwind.cpp.o(.rodata._ZTVN9libunwind12UnwindCursorINS_17LocalAddressSpaceENS_13Registers_armEEE)
 <LI><a href="#[12d]">__cxxabiv1::__shim_type_info::noop1() const</a> from private_typeinfo.cpp.o(.text._ZNK10__cxxabiv116__shim_type_info5noop1Ev) referenced from private_typeinfo.cpp.o(.rodata._ZTVN10__cxxabiv117__class_type_infoE)
 <LI><a href="#[12d]">__cxxabiv1::__shim_type_info::noop1() const</a> from private_typeinfo.cpp.o(.text._ZNK10__cxxabiv116__shim_type_info5noop1Ev) referenced from private_typeinfo.cpp.o(.rodata._ZTVN10__cxxabiv120__si_class_type_infoE)
 <LI><a href="#[12d]">__cxxabiv1::__shim_type_info::noop1() const</a> from private_typeinfo.cpp.o(.text._ZNK10__cxxabiv116__shim_type_info5noop1Ev) referenced from private_typeinfo.cpp.o(.rodata._ZTVN10__cxxabiv123__fundamental_type_infoE)
 <LI><a href="#[12e]">__cxxabiv1::__shim_type_info::noop2() const</a> from private_typeinfo.cpp.o(.text._ZNK10__cxxabiv116__shim_type_info5noop2Ev) referenced from private_typeinfo.cpp.o(.rodata._ZTVN10__cxxabiv117__class_type_infoE)
 <LI><a href="#[12e]">__cxxabiv1::__shim_type_info::noop2() const</a> from private_typeinfo.cpp.o(.text._ZNK10__cxxabiv116__shim_type_info5noop2Ev) referenced from private_typeinfo.cpp.o(.rodata._ZTVN10__cxxabiv120__si_class_type_infoE)
 <LI><a href="#[12e]">__cxxabiv1::__shim_type_info::noop2() const</a> from private_typeinfo.cpp.o(.text._ZNK10__cxxabiv116__shim_type_info5noop2Ev) referenced from private_typeinfo.cpp.o(.rodata._ZTVN10__cxxabiv123__fundamental_type_infoE)
 <LI><a href="#[130]">__cxxabiv1::__class_type_info::search_above_dst(__cxxabiv1::__dynamic_cast_info*, const void*, const void*, int, bool) const</a> from private_typeinfo.cpp.o(.text._ZNK10__cxxabiv117__class_type_info16search_above_dstEPNS_19__dynamic_cast_infoEPKvS4_ib) referenced from private_typeinfo.cpp.o(.rodata._ZTVN10__cxxabiv117__class_type_infoE)
 <LI><a href="#[131]">__cxxabiv1::__class_type_info::search_below_dst(__cxxabiv1::__dynamic_cast_info*, const void*, int, bool) const</a> from private_typeinfo.cpp.o(.text._ZNK10__cxxabiv117__class_type_info16search_below_dstEPNS_19__dynamic_cast_infoEPKvib) referenced from private_typeinfo.cpp.o(.rodata._ZTVN10__cxxabiv117__class_type_infoE)
 <LI><a href="#[132]">__cxxabiv1::__class_type_info::has_unambiguous_public_base(__cxxabiv1::__dynamic_cast_info*, void*, int) const</a> from private_typeinfo.cpp.o(.text._ZNK10__cxxabiv117__class_type_info27has_unambiguous_public_baseEPNS_19__dynamic_cast_infoEPvi) referenced from private_typeinfo.cpp.o(.rodata._ZTVN10__cxxabiv117__class_type_infoE)
 <LI><a href="#[12f]">__cxxabiv1::__class_type_info::can_catch(const __cxxabiv1::__shim_type_info*, void*&) const</a> from private_typeinfo.cpp.o(.text._ZNK10__cxxabiv117__class_type_info9can_catchEPKNS_16__shim_type_infoERPv) referenced from private_typeinfo.cpp.o(.rodata._ZTVN10__cxxabiv117__class_type_infoE)
 <LI><a href="#[12f]">__cxxabiv1::__class_type_info::can_catch(const __cxxabiv1::__shim_type_info*, void*&) const</a> from private_typeinfo.cpp.o(.text._ZNK10__cxxabiv117__class_type_info9can_catchEPKNS_16__shim_type_infoERPv) referenced from private_typeinfo.cpp.o(.rodata._ZTVN10__cxxabiv120__si_class_type_infoE)
 <LI><a href="#[134]">__cxxabiv1::__si_class_type_info::search_above_dst(__cxxabiv1::__dynamic_cast_info*, const void*, const void*, int, bool) const</a> from private_typeinfo.cpp.o(.text._ZNK10__cxxabiv120__si_class_type_info16search_above_dstEPNS_19__dynamic_cast_infoEPKvS4_ib) referenced from private_typeinfo.cpp.o(.rodata._ZTVN10__cxxabiv120__si_class_type_infoE)
 <LI><a href="#[135]">__cxxabiv1::__si_class_type_info::search_below_dst(__cxxabiv1::__dynamic_cast_info*, const void*, int, bool) const</a> from private_typeinfo.cpp.o(.text._ZNK10__cxxabiv120__si_class_type_info16search_below_dstEPNS_19__dynamic_cast_infoEPKvib) referenced from private_typeinfo.cpp.o(.rodata._ZTVN10__cxxabiv120__si_class_type_infoE)
 <LI><a href="#[136]">__cxxabiv1::__si_class_type_info::has_unambiguous_public_base(__cxxabiv1::__dynamic_cast_info*, void*, int) const</a> from private_typeinfo.cpp.o(.text._ZNK10__cxxabiv120__si_class_type_info27has_unambiguous_public_baseEPNS_19__dynamic_cast_infoEPvi) referenced from private_typeinfo.cpp.o(.rodata._ZTVN10__cxxabiv120__si_class_type_infoE)
 <LI><a href="#[138]">__cxxabiv1::__fundamental_type_info::can_catch(const __cxxabiv1::__shim_type_info*, void*&) const</a> from private_typeinfo.cpp.o(.text._ZNK10__cxxabiv123__fundamental_type_info9can_catchEPKNS_16__shim_type_infoERPv) referenced from private_typeinfo.cpp.o(.rodata._ZTVN10__cxxabiv123__fundamental_type_infoE)
 <LI><a href="#[14a]">std::bad_exception::what() const</a> from stdlib_exception.cpp.o(.text._ZNKSt13bad_exception4whatEv) referenced from stdlib_exception.cpp.o(.rodata._ZTVSt13bad_exception)
 <LI><a href="#[14c]">std::bad_array_length::what() const</a> from stdlib_exception.cpp.o(.text._ZNKSt16bad_array_length4whatEv) referenced from stdlib_exception.cpp.o(.rodata._ZTVSt16bad_array_length)
 <LI><a href="#[14e]">std::bad_array_new_length::what() const</a> from stdlib_exception.cpp.o(.text._ZNKSt20bad_array_new_length4whatEv) referenced from stdlib_exception.cpp.o(.rodata._ZTVSt20bad_array_new_length)
 <LI><a href="#[150]">std::bad_alloc::what() const</a> from stdlib_exception.cpp.o(.text._ZNKSt9bad_alloc4whatEv) referenced from stdlib_exception.cpp.o(.rodata._ZTVSt9bad_alloc)
 <LI><a href="#[149]">std::bad_exception::~bad_exception__deallocating()</a> from stdlib_exception.cpp.o(.text._ZNSt13bad_exceptionD0Ev) referenced from stdlib_exception.cpp.o(.rodata._ZTVSt13bad_exception)
 <LI><a href="#[1]">std::bad_exception::~bad_exception()</a> from stdlib_exception.cpp.o(.text._ZNSt9exceptionD2Ev) referenced 2 times from cxa_personality.cpp.o(.text.__cxa_call_unexpected)
 <LI><a href="#[14b]">std::bad_array_length::~bad_array_length__deallocating()</a> from stdlib_exception.cpp.o(.text._ZNSt16bad_array_lengthD0Ev) referenced from stdlib_exception.cpp.o(.rodata._ZTVSt16bad_array_length)
 <LI><a href="#[14d]">std::bad_array_new_length::~bad_array_new_length__deallocating()</a> from stdlib_exception.cpp.o(.text._ZNSt20bad_array_new_lengthD0Ev) referenced from stdlib_exception.cpp.o(.rodata._ZTVSt20bad_array_new_length)
 <LI><a href="#[14f]">std::bad_alloc::~bad_alloc__deallocating()</a> from stdlib_exception.cpp.o(.text._ZNSt9bad_allocD0Ev) referenced from stdlib_exception.cpp.o(.rodata._ZTVSt9bad_alloc)
 <LI><a href="#[cc]">std::bad_alloc::~bad_alloc()</a> from stdlib_exception.cpp.o(.text._ZNSt9exceptionD2Ev) referenced 2 times from new.cpp.o(.text._Znwj)
 <LI><a href="#[cc]">std::bad_alloc::~bad_alloc()</a> from stdlib_exception.cpp.o(.text._ZNSt9exceptionD2Ev) referenced 2 times from new.cpp.o(.text._ZnwjSt11align_val_t)
 <LI><a href="#[3]">std::exception::~exception__sub_object()</a> from stdlib_exception.cpp.o(.text._ZNSt9exceptionD2Ev) referenced from stdlib_exception.cpp.o(.rodata._ZTVSt13bad_exception)
 <LI><a href="#[3]">std::exception::~exception__sub_object()</a> from stdlib_exception.cpp.o(.text._ZNSt9exceptionD2Ev) referenced from stdlib_exception.cpp.o(.rodata._ZTVSt16bad_array_length)
 <LI><a href="#[3]">std::exception::~exception__sub_object()</a> from stdlib_exception.cpp.o(.text._ZNSt9exceptionD2Ev) referenced from stdlib_exception.cpp.o(.rodata._ZTVSt20bad_array_new_length)
 <LI><a href="#[3]">std::exception::~exception__sub_object()</a> from stdlib_exception.cpp.o(.text._ZNSt9exceptionD2Ev) referenced from stdlib_exception.cpp.o(.rodata._ZTVSt9bad_alloc)
 <LI><a href="#[5]">std::terminate()</a> from cxa_handlers.cpp.o(.text._ZSt9terminatev) referenced 2 times from cxa_default_handlers.cpp.o(.data.__cxa_unexpected_handler)
 <LI><a href="#[5]">std::terminate()</a> from cxa_handlers.cpp.o(.text._ZSt9terminatev) referenced 2 times from cxa_default_handlers.cpp.o(.text._ZSt14set_unexpectedPFvvE)
 <LI><a href="#[c9]">__aeabi_unwind_cpp_pr0</a> from Unwind-EHABI.cpp.o(.text.__aeabi_unwind_cpp_pr0) referenced 2 times from libunwind.cpp.o(.text._ZN9libunwind12UnwindCursorINS_17LocalAddressSpaceENS_13Registers_armEE23getInfoFromEHABISectionEjRKNS_18UnwindInfoSectionsE)
 <LI><a href="#[ca]">__aeabi_unwind_cpp_pr1</a> from Unwind-EHABI.cpp.o(.text.__aeabi_unwind_cpp_pr1) referenced 2 times from libunwind.cpp.o(.text._ZN9libunwind12UnwindCursorINS_17LocalAddressSpaceENS_13Registers_armEE23getInfoFromEHABISectionEjRKNS_18UnwindInfoSectionsE)
 <LI><a href="#[cb]">__aeabi_unwind_cpp_pr2</a> from Unwind-EHABI.cpp.o(.text.__aeabi_unwind_cpp_pr2) referenced 2 times from libunwind.cpp.o(.text._ZN9libunwind12UnwindCursorINS_17LocalAddressSpaceENS_13Registers_armEE23getInfoFromEHABISectionEjRKNS_18UnwindInfoSectionsE)
 <LI><a href="#[111]">__gxx_personality_v0</a> from cxa_personality.cpp.o(.text.__gxx_personality_v0) referenced from cxa_handlers.cpp.o(.ARM.extab.text._ZSt11__terminatePFvvE)
 <LI><a href="#[111]">__gxx_personality_v0</a> from cxa_personality.cpp.o(.text.__gxx_personality_v0) referenced from cxa_handlers.cpp.o(.ARM.extab.text._ZSt9terminatev)
 <LI><a href="#[111]">__gxx_personality_v0</a> from cxa_personality.cpp.o(.text.__gxx_personality_v0) referenced from new.cpp.o(.ARM.extab.text._ZnajRKSt9nothrow_t)
 <LI><a href="#[111]">__gxx_personality_v0</a> from cxa_personality.cpp.o(.text.__gxx_personality_v0) referenced from new.cpp.o(.ARM.extab.text._ZnajSt11align_val_tRKSt9nothrow_t)
 <LI><a href="#[111]">__gxx_personality_v0</a> from cxa_personality.cpp.o(.text.__gxx_personality_v0) referenced from new.cpp.o(.ARM.extab.text._ZnwjRKSt9nothrow_t)
 <LI><a href="#[111]">__gxx_personality_v0</a> from cxa_personality.cpp.o(.text.__gxx_personality_v0) referenced from new.cpp.o(.ARM.extab.text._ZnwjSt11align_val_tRKSt9nothrow_t)
 <LI><a href="#[111]">__gxx_personality_v0</a> from cxa_personality.cpp.o(.text.__gxx_personality_v0) referenced from cxa_exception.cpp.o(.ARM.extab.text.__cxa_allocate_exception)
 <LI><a href="#[111]">__gxx_personality_v0</a> from cxa_personality.cpp.o(.text.__gxx_personality_v0) referenced from cxa_exception.cpp.o(.ARM.extab.text.__cxa_begin_catch)
 <LI><a href="#[111]">__gxx_personality_v0</a> from cxa_personality.cpp.o(.text.__gxx_personality_v0) referenced from cxa_exception.cpp.o(.ARM.extab.text.__cxa_begin_cleanup)
 <LI><a href="#[111]">__gxx_personality_v0</a> from cxa_personality.cpp.o(.text.__gxx_personality_v0) referenced from cxa_personality.cpp.o(.ARM.extab.text.__cxa_call_unexpected)
 <LI><a href="#[111]">__gxx_personality_v0</a> from cxa_personality.cpp.o(.text.__gxx_personality_v0) referenced from cxa_exception.cpp.o(.ARM.extab.text.__cxa_decrement_exception_refcount)
 <LI><a href="#[9c]">__main</a> from entry.o(.ARM.Collect$$$$00000000) referenced from startup_stm32h743xx.o(.text)
 <LI><a href="#[a2]">_sbackspace</a> from _sgetc.o(.text) referenced from __0sscanf.o(.text)
 <LI><a href="#[a3]">_scanf_char_input</a> from scanf_char.o(.text) referenced from scanf_char.o(.text)
 <LI><a href="#[a1]">_sgetc</a> from _sgetc.o(.text) referenced from __0sscanf.o(.text)
 <LI><a href="#[4]">abort</a> from retarget_io.o(.text.abort) referenced 2 times from cxa_default_handlers.cpp.o(.data.__cxa_terminate_handler)
 <LI><a href="#[4]">abort</a> from retarget_io.o(.text.abort) referenced 2 times from cxa_default_handlers.cpp.o(.text._ZSt13set_terminatePFvvE)
 <LI><a href="#[10f]">eth_notify</a> from net_eth.o(i.eth_notify) referenced from net_eth.o(i.net_eth_iface_init)
 <LI><a href="#[10e]">fputc</a> from retarget_io.o(.text.fputc) referenced from printfa.o(i.__0printf)
 <LI><a href="#[217]">inv_auto_calibrate</a> from accel_auto_cal.o(.text) referenced 3 times from accel_auto_cal.o(.text)
 <LI><a href="#[d4]">inv_db_load_func</a> from data_builder.o(.text.inv_db_load_func) referenced 2 times from data_builder.o(.text.inv_init_data_builder)
 <LI><a href="#[d5]">inv_db_save_func</a> from data_builder.o(.text.inv_db_save_func) referenced 2 times from data_builder.o(.text.inv_init_data_builder)
 <LI><a href="#[cf]">inv_generate_eMPL_outputs</a> from empl_outputs.o(.text.inv_generate_eMPL_outputs) referenced 2 times from empl_outputs.o(.text.inv_disable_eMPL_outputs)
 <LI><a href="#[cf]">inv_generate_eMPL_outputs</a> from empl_outputs.o(.text.inv_generate_eMPL_outputs) referenced 2 times from empl_outputs.o(.text.inv_start_eMPL_outputs)
 <LI><a href="#[1b3]">inv_generate_fast_nomot</a> from fast_no_motion.o(.text) referenced 2 times from fast_no_motion.o(.text)
 <LI><a href="#[a0]">inv_generate_quaternion</a> from quaternion_supervisor.o(.text) referenced from quaternion_supervisor.o(.text)
 <LI><a href="#[193]">inv_generate_vector_compass_cal</a> from compass_vec_cal.o(.text) referenced 3 times from compass_vec_cal.o(.text)
 <LI><a href="#[9d]">inv_gtc_data_cb</a> from gyro_tc.o(.text) referenced from gyro_tc.o(.text)
 <LI><a href="#[9f]">inv_gtc_load</a> from gyro_tc.o(.text) referenced from gyro_tc.o(.text)
 <LI><a href="#[9e]">inv_gtc_store</a> from gyro_tc.o(.text) referenced from gyro_tc.o(.text)
 <LI><a href="#[1ed]">inv_magnetic_disturbance_process</a> from mag_disturb.o(.text) referenced 4 times from mag_disturb.o(.text)
 <LI><a href="#[1cd]">inv_process_9x_sensor_fusion_cb</a> from fusion_9axis.o(.text) referenced 2 times from fusion_9axis.o(.text)
 <LI><a href="#[1cf]">inv_start_9x_sensor_fusion</a> from fusion_9axis.o(.text) referenced 2 times from fusion_9axis.o(.text)
 <LI><a href="#[d0]">inv_start_eMPL_outputs</a> from empl_outputs.o(.text.inv_start_eMPL_outputs) referenced 2 times from empl_outputs.o(.text.inv_disable_eMPL_outputs)
 <LI><a href="#[d0]">inv_start_eMPL_outputs</a> from empl_outputs.o(.text.inv_start_eMPL_outputs) referenced 2 times from empl_outputs.o(.text.inv_enable_eMPL_outputs)
 <LI><a href="#[1bc]">inv_start_fast_nomot</a> from fast_no_motion.o(.text) referenced 2 times from fast_no_motion.o(.text)
 <LI><a href="#[1da]">inv_start_gyro_tc</a> from gyro_tc.o(.text) referenced 2 times from gyro_tc.o(.text)
 <LI><a href="#[d2]">inv_start_hal_outputs</a> from hal_outputs.o(.text.inv_start_hal_outputs) referenced 2 times from hal_outputs.o(.text.inv_disable_hal_outputs)
[...]
<BR><BR>[Stack]<UL><LI>Max Depth = 288<LI>Call Chain = inv_combine_data_calculate_bias &rArr; inv_compute_bias &rArr; __aeabi_dsub &rArr; __aeabi_dadd &rArr; _double_epilogue &rArr; _double_round
</UL>
<BR>[Calls]<UL><LI><a href="#[1a8]">&gt;&gt;</a>&nbsp;&nbsp;&nbsp;inv_q30_mult
<LI><a href="#[16d]">&gt;&gt;</a>&nbsp;&nbsp;&nbsp;__aeabi_f2d
<LI><a href="#[18f]">&gt;&gt;</a>&nbsp;&nbsp;&nbsp;__aeabi_d2iz
<LI><a href="#[166]">&gt;&gt;</a>&nbsp;&nbsp;&nbsp;__aeabi_cdrcmple
<LI><a href="#[173]">&gt;&gt;</a>&nbsp;&nbsp;&nbsp;inv_compute_bias
<LI><a href="#[171]">&gt;&gt;</a>&nbsp;&nbsp;&nbsp;inv_combine_compass_data
</UL>
<BR>[Called By]<UL><LI><a href="#[217]">&gt;&gt;</a>&nbsp;&nbsp;&nbsp;inv_auto_calibrate
</UL>

<P><STRONG><a name="[215]"></a>set_sample_rate</STRONG> (Thumb, 82 bytes, Stack size 8 bytes, accel_auto_cal.o(.text))
<BR><BR>[Stack]<UL><LI>Max Depth = 192<LI>Call Chain = set_sample_rate &rArr; __hardfp_cos &rArr; __ieee754_rem_pio2 &rArr; fabs
</UL>
<BR>[Calls]<UL><LI><a href="#[16d]">&gt;&gt;</a>&nbsp;&nbsp;&nbsp;__aeabi_f2d
<LI><a href="#[167]">&gt;&gt;</a>&nbsp;&nbsp;&nbsp;__aeabi_dmul
<LI><a href="#[18f]">&gt;&gt;</a>&nbsp;&nbsp;&nbsp;__aeabi_d2iz
<LI><a href="#[216]">&gt;&gt;</a>&nbsp;&nbsp;&nbsp;__hardfp_cos
</UL>
<BR>[Called By]<UL><LI><a href="#[217]">&gt;&gt;</a>&nbsp;&nbsp;&nbsp;inv_auto_calibrate
</UL>

<P><STRONG><a name="[478]"></a>arp_cache_alloc</STRONG> (Thumb, 128 bytes, Stack size 20 bytes, net_arp.o(i.arp_cache_alloc))
<BR><BR>[Stack]<UL><LI>Max Depth = 20<LI>Call Chain = arp_cache_alloc
</UL>
<BR>[Called By]<UL><LI><a href="#[47a]">&gt;&gt;</a>&nbsp;&nbsp;&nbsp;net_arp_cache_find
<LI><a href="#[479]">&gt;&gt;</a>&nbsp;&nbsp;&nbsp;net_arp_cache_early
<LI><a href="#[476]">&gt;&gt;</a>&nbsp;&nbsp;&nbsp;net_arp_cache_add
</UL>

<P><STRONG><a name="[477]"></a>arp_is_cacheable</STRONG> (Thumb, 60 bytes, Stack size 0 bytes, net_arp.o(i.arp_is_cacheable))
<BR><BR>[Called By]<UL><LI><a href="#[479]">&gt;&gt;</a>&nbsp;&nbsp;&nbsp;net_arp_cache_early
<LI><a href="#[476]">&gt;&gt;</a>&nbsp;&nbsp;&nbsp;net_arp_cache_add
</UL>

<P><STRONG><a name="[453]"></a>arp_probe_run</STRONG> (Thumb, 58 bytes, Stack size 8 bytes, net_arp.o(i.arp_probe_run))
<BR><BR>[Stack]<UL><LI>Max Depth = 80<LI>Call Chain = arp_probe_run &rArr; arp_send_request &rArr; net_eth_output &rArr; eth_unlock &rArr; netif_unlock &rArr; osSemaphoreRelease &rArr; osRtxPostProcess
</UL>
<BR>[Calls]<UL><LI><a href="#[454]">&gt;&gt;</a>&nbsp;&nbsp;&nbsp;arp_send_request
</UL>
<BR>[Called By]<UL><LI><a href="#[480]">&gt;&gt;</a>&nbsp;&nbsp;&nbsp;net_arp_run
</UL>

<P><STRONG><a name="[455]"></a>arp_proc_response</STRONG> (Thumb, 182 bytes, Stack size 24 bytes, net_arp.o(i.arp_proc_response))
<BR><BR>[Stack]<UL><LI>Max Depth = 72<LI>Call Chain = arp_proc_response &rArr; net_eth_output &rArr; eth_unlock &rArr; netif_unlock &rArr; osSemaphoreRelease &rArr; osRtxPostProcess
</UL>
<BR>[Calls]<UL><LI><a href="#[457]">&gt;&gt;</a>&nbsp;&nbsp;&nbsp;net_mem_free
<LI><a href="#[456]">&gt;&gt;</a>&nbsp;&nbsp;&nbsp;net_eth_output
</UL>
<BR>[Called By]<UL><LI><a href="#[47e]">&gt;&gt;</a>&nbsp;&nbsp;&nbsp;net_arp_process
</UL>

<P><STRONG><a name="[458]"></a>arp_que_free</STRONG> (Thumb, 26 bytes, Stack size 8 bytes, net_arp.o(i.arp_que_free))
<BR><BR>[Stack]<UL><LI>Max Depth = 24<LI>Call Chain = arp_que_free &rArr; net_mem_free
</UL>
<BR>[Calls]<UL><LI><a href="#[457]">&gt;&gt;</a>&nbsp;&nbsp;&nbsp;net_mem_free
</UL>
<BR>[Called By]<UL><LI><a href="#[480]">&gt;&gt;</a>&nbsp;&nbsp;&nbsp;net_arp_run
<LI><a href="#[47a]">&gt;&gt;</a>&nbsp;&nbsp;&nbsp;net_arp_cache_find
<LI><a href="#[479]">&gt;&gt;</a>&nbsp;&nbsp;&nbsp;net_arp_cache_early
<LI><a href="#[476]">&gt;&gt;</a>&nbsp;&nbsp;&nbsp;net_arp_cache_add
</UL>

<P><STRONG><a name="[459]"></a>arp_send_reply</STRONG> (Thumb, 130 bytes, Stack size 16 bytes, net_arp.o(i.arp_send_reply))
<BR><BR>[Stack]<UL><LI>Max Depth = 64<LI>Call Chain = arp_send_reply &rArr; net_eth_output &rArr; eth_unlock &rArr; netif_unlock &rArr; osSemaphoreRelease &rArr; osRtxPostProcess
</UL>
<BR>[Calls]<UL><LI><a href="#[457]">&gt;&gt;</a>&nbsp;&nbsp;&nbsp;net_mem_free
<LI><a href="#[45a]">&gt;&gt;</a>&nbsp;&nbsp;&nbsp;net_mem_alloc
<LI><a href="#[456]">&gt;&gt;</a>&nbsp;&nbsp;&nbsp;net_eth_output
</UL>
<BR>[Called By]<UL><LI><a href="#[47e]">&gt;&gt;</a>&nbsp;&nbsp;&nbsp;net_arp_process
</UL>

<P><STRONG><a name="[454]"></a>arp_send_request</STRONG> (Thumb, 170 bytes, Stack size 24 bytes, net_arp.o(i.arp_send_request))
<BR><BR>[Stack]<UL><LI>Max Depth = 72<LI>Call Chain = arp_send_request &rArr; net_eth_output &rArr; eth_unlock &rArr; netif_unlock &rArr; osSemaphoreRelease &rArr; osRtxPostProcess
</UL>
<BR>[Calls]<UL><LI><a href="#[457]">&gt;&gt;</a>&nbsp;&nbsp;&nbsp;net_mem_free
<LI><a href="#[45a]">&gt;&gt;</a>&nbsp;&nbsp;&nbsp;net_mem_alloc
<LI><a href="#[456]">&gt;&gt;</a>&nbsp;&nbsp;&nbsp;net_eth_output
</UL>
<BR>[Called By]<UL><LI><a href="#[480]">&gt;&gt;</a>&nbsp;&nbsp;&nbsp;net_arp_run
<LI><a href="#[47d]">&gt;&gt;</a>&nbsp;&nbsp;&nbsp;net_arp_notify
<LI><a href="#[47b]">&gt;&gt;</a>&nbsp;&nbsp;&nbsp;net_arp_enqueue
<LI><a href="#[479]">&gt;&gt;</a>&nbsp;&nbsp;&nbsp;net_arp_cache_early
<LI><a href="#[453]">&gt;&gt;</a>&nbsp;&nbsp;&nbsp;arp_probe_run
</UL>

<P><STRONG><a name="[47f]"></a>arp_sender_valid</STRONG> (Thumb, 88 bytes, Stack size 0 bytes, net_arp.o(i.arp_sender_valid))
<BR><BR>[Called By]<UL><LI><a href="#[47e]">&gt;&gt;</a>&nbsp;&nbsp;&nbsp;net_arp_process
</UL>

<P><STRONG><a name="[461]"></a>ip4_get_chksum</STRONG> (Thumb, 10 bytes, Stack size 0 bytes, net_ip4.o(i.ip4_get_chksum))
<BR><BR>[Stack]<UL><LI>Max Depth = 12<LI>Call Chain = ip4_get_chksum &rArr; net_ip4_chksum_buf
</UL>
<BR>[Calls]<UL><LI><a href="#[462]">&gt;&gt;</a>&nbsp;&nbsp;&nbsp;net_ip4_chksum_buf
</UL>
<BR>[Called By]<UL><LI><a href="#[492]">&gt;&gt;</a>&nbsp;&nbsp;&nbsp;net_ip4_send_frame
<LI><a href="#[488]">&gt;&gt;</a>&nbsp;&nbsp;&nbsp;net_ip4_chk_frame
</UL>

<P><STRONG><a name="[497]"></a>ip4_get_mtu</STRONG> (Thumb, 24 bytes, Stack size 0 bytes, net_ip4.o(i.ip4_get_mtu))
<BR><BR>[Called By]<UL><LI><a href="#[492]">&gt;&gt;</a>&nbsp;&nbsp;&nbsp;net_ip4_send_frame
<LI><a href="#[488]">&gt;&gt;</a>&nbsp;&nbsp;&nbsp;net_ip4_chk_frame
</UL>

<P><STRONG><a name="[463]"></a>ip4_get_route</STRONG> (Thumb, 112 bytes, Stack size 16 bytes, net_ip4.o(i.ip4_get_route))
<BR><BR>[Stack]<UL><LI>Max Depth = 16<LI>Call Chain = ip4_get_route
</UL>
<BR>[Calls]<UL><LI><a href="#[464]">&gt;&gt;</a>&nbsp;&nbsp;&nbsp;net_addr4_is_subnet
</UL>
<BR>[Called By]<UL><LI><a href="#[494]">&gt;&gt;</a>&nbsp;&nbsp;&nbsp;net_ip4_tx_offload
<LI><a href="#[475]">&gt;&gt;</a>&nbsp;&nbsp;&nbsp;net_ip4_get_local
</UL>

<P><STRONG><a name="[465]"></a>mem_lock</STRONG> (Thumb, 8 bytes, Stack size 0 bytes, net_mem.o(i.mem_lock))
<BR><BR>[Calls]<UL><LI><a href="#[3fe]">&gt;&gt;</a>&nbsp;&nbsp;&nbsp;netos_lock
</UL>
<BR>[Called By]<UL><LI><a href="#[457]">&gt;&gt;</a>&nbsp;&nbsp;&nbsp;net_mem_free
<LI><a href="#[45a]">&gt;&gt;</a>&nbsp;&nbsp;&nbsp;net_mem_alloc
</UL>

<P><STRONG><a name="[466]"></a>mem_unlock</STRONG> (Thumb, 8 bytes, Stack size 0 bytes, net_mem.o(i.mem_unlock))
<BR><BR>[Calls]<UL><LI><a href="#[40e]">&gt;&gt;</a>&nbsp;&nbsp;&nbsp;netos_unlock
</UL>
<BR>[Called By]<UL><LI><a href="#[457]">&gt;&gt;</a>&nbsp;&nbsp;&nbsp;net_mem_free
<LI><a href="#[45a]">&gt;&gt;</a>&nbsp;&nbsp;&nbsp;net_mem_alloc
</UL>

<P><STRONG><a name="[482]"></a>crc32_8bit</STRONG> (Thumb, 34 bytes, Stack size 0 bytes, net_common.o(i.crc32_8bit))
<BR><BR>[Called By]<UL><LI><a href="#[481]">&gt;&gt;</a>&nbsp;&nbsp;&nbsp;net_crc32_buf
</UL>

<P><STRONG><a name="[307]"></a>_ZL13unwind_phase2P13unw_context_tP12unw_cursor_tP21_Unwind_Control_Blockb</STRONG> (Thumb, 168 bytes, Stack size unknown bytes, Unwind-EHABI.cpp.o(.text._ZL13unwind_phase2P13unw_context_tP12unw_cursor_tP21_Unwind_Control_Blockb))
<BR><BR>[Stack]<UL><LI>Max Depth = 8 + Unknown Stack Size
<LI>Call Chain = _ZL13unwind_phase2P13unw_context_tP12unw_cursor_tP21_Unwind_Control_Blockb &rArr; unw_init_local &rArr; __aeabi_memcpy
</UL>
<BR>[Calls]<UL><LI><a href="#[4]">&gt;&gt;</a>&nbsp;&nbsp;&nbsp;abort
<LI><a href="#[30f]">&gt;&gt;</a>&nbsp;&nbsp;&nbsp;unw_set_reg
<LI><a href="#[353]">&gt;&gt;</a>&nbsp;&nbsp;&nbsp;unw_resume
<LI><a href="#[306]">&gt;&gt;</a>&nbsp;&nbsp;&nbsp;unw_init_local
<LI><a href="#[30a]">&gt;&gt;</a>&nbsp;&nbsp;&nbsp;unw_get_reg
<LI><a href="#[302]">&gt;&gt;</a>&nbsp;&nbsp;&nbsp;unw_get_proc_info
</UL>
<BR>[Called By]<UL><LI><a href="#[308]">&gt;&gt;</a>&nbsp;&nbsp;&nbsp;_Unwind_Resume
<LI><a href="#[304]">&gt;&gt;</a>&nbsp;&nbsp;&nbsp;_Unwind_RaiseException
</UL>

<P><STRONG><a name="[366]"></a>&lang;unnamed namespace 1&rang;::unwindOneFrame(unsigned, _Unwind_Control_Block*, _Unwind_Context*)</STRONG> (Thumb, 56 bytes, Stack size unknown bytes, Unwind-EHABI.cpp.o(.text._ZN12_GLOBAL__N_114unwindOneFrameEjP21_Unwind_Control_BlockP15_Unwind_Context))
<BR><BR>[Calls]<UL><LI><a href="#[367]">&gt;&gt;</a>&nbsp;&nbsp;&nbsp;unw_step
<LI><a href="#[302]">&gt;&gt;</a>&nbsp;&nbsp;&nbsp;unw_get_proc_info
</UL>
<BR>[Called By]<UL><LI><a href="#[c9]">&gt;&gt;</a>&nbsp;&nbsp;&nbsp;__aeabi_unwind_cpp_pr0
<LI><a href="#[ca]">&gt;&gt;</a>&nbsp;&nbsp;&nbsp;__aeabi_unwind_cpp_pr1
<LI><a href="#[cb]">&gt;&gt;</a>&nbsp;&nbsp;&nbsp;__aeabi_unwind_cpp_pr2
</UL>

<P><STRONG><a name="[44f]"></a>_fp_digits</STRONG> (Thumb, 366 bytes, Stack size 64 bytes, printfa.o(i._fp_digits), UNUSED)
<BR><BR>[Calls]<UL><LI><a href="#[167]">&gt;&gt;</a>&nbsp;&nbsp;&nbsp;__aeabi_dmul
<LI><a href="#[175]">&gt;&gt;</a>&nbsp;&nbsp;&nbsp;__aeabi_ddiv
<LI><a href="#[169]">&gt;&gt;</a>&nbsp;&nbsp;&nbsp;__aeabi_dadd
<LI><a href="#[166]">&gt;&gt;</a>&nbsp;&nbsp;&nbsp;__aeabi_cdrcmple
<LI><a href="#[235]">&gt;&gt;</a>&nbsp;&nbsp;&nbsp;__aeabi_d2ulz
<LI><a href="#[221]">&gt;&gt;</a>&nbsp;&nbsp;&nbsp;__aeabi_uldivmod
</UL>
<BR>[Called By]<UL><LI><a href="#[43d]">&gt;&gt;</a>&nbsp;&nbsp;&nbsp;_printf_core
</UL>

<P><STRONG><a name="[43d]"></a>_printf_core</STRONG> (Thumb, 1744 bytes, Stack size 136 bytes, printfa.o(i._printf_core), UNUSED)
<BR><BR>[Calls]<UL><LI><a href="#[450]">&gt;&gt;</a>&nbsp;&nbsp;&nbsp;_printf_pre_padding
<LI><a href="#[451]">&gt;&gt;</a>&nbsp;&nbsp;&nbsp;_printf_post_padding
<LI><a href="#[44f]">&gt;&gt;</a>&nbsp;&nbsp;&nbsp;_fp_digits
<LI><a href="#[221]">&gt;&gt;</a>&nbsp;&nbsp;&nbsp;__aeabi_uldivmod
<LI><a href="#[452]">&gt;&gt;</a>&nbsp;&nbsp;&nbsp;__aeabi_uidivmod
</UL>
<BR>[Called By]<UL><LI><a href="#[43c]">&gt;&gt;</a>&nbsp;&nbsp;&nbsp;__0printf
</UL>

<P><STRONG><a name="[451]"></a>_printf_post_padding</STRONG> (Thumb, 36 bytes, Stack size 24 bytes, printfa.o(i._printf_post_padding), UNUSED)
<BR><BR>[Called By]<UL><LI><a href="#[43d]">&gt;&gt;</a>&nbsp;&nbsp;&nbsp;_printf_core
</UL>

<P><STRONG><a name="[450]"></a>_printf_pre_padding</STRONG> (Thumb, 46 bytes, Stack size 24 bytes, printfa.o(i._printf_pre_padding), UNUSED)
<BR><BR>[Called By]<UL><LI><a href="#[43d]">&gt;&gt;</a>&nbsp;&nbsp;&nbsp;_printf_core
</UL>

<P><STRONG><a name="[361]"></a>_ZN10__cxxabiv1L12failed_throwEPNS_15__cxa_exceptionE</STRONG> (Thumb, 16 bytes, Stack size unknown bytes, cxa_exception.cpp.o(.text._ZN10__cxxabiv1L12failed_throwEPNS_15__cxa_exceptionE))
<BR><BR>[Stack]<UL><LI>Max Depth = 8 + Unknown Stack Size
 + In Cycle
<LI>Call Chain = _ZN10__cxxabiv1L12failed_throwEPNS_15__cxa_exceptionE &rArr;  __cxa_begin_catch (Cycle)
</UL>
<BR>[Calls]<UL><LI><a href="#[362]">&gt;&gt;</a>&nbsp;&nbsp;&nbsp;__cxa_begin_catch
<LI><a href="#[363]">&gt;&gt;</a>&nbsp;&nbsp;&nbsp;std::__terminate(void(*)())
</UL>
<BR>[Called By]<UL><LI><a href="#[399]">&gt;&gt;</a>&nbsp;&nbsp;&nbsp;__cxa_throw
</UL>

<P><STRONG><a name="[ce]"></a>_ZN10__cxxabiv1L22exception_cleanup_funcE19_Unwind_Reason_CodeP21_Unwind_Control_Block</STRONG> (Thumb, 22 bytes, Stack size unknown bytes, cxa_exception.cpp.o(.text._ZN10__cxxabiv1L22exception_cleanup_funcE19_Unwind_Reason_CodeP21_Unwind_Control_Block))
<BR><BR>[Stack]<UL><LI>Max Depth = 8 + Unknown Stack Size
<LI>Call Chain = _ZN10__cxxabiv1L22exception_cleanup_funcE19_Unwind_Reason_CodeP21_Unwind_Control_Block &rArr; std::__terminate(void(*)()) &rArr;  __clang_call_terminate (Cycle)
</UL>
<BR>[Calls]<UL><LI><a href="#[363]">&gt;&gt;</a>&nbsp;&nbsp;&nbsp;std::__terminate(void(*)())
<LI><a href="#[365]">&gt;&gt;</a>&nbsp;&nbsp;&nbsp;__cxa_decrement_exception_refcount
</UL>
<BR>[Address Reference Count : 1]<UL><LI> cxa_exception.cpp.o(.text.__cxa_throw)
</UL>
<P><STRONG><a name="[cd]"></a>_ZN10__cxxabiv1L27dependent_exception_cleanupE19_Unwind_Reason_CodeP21_Unwind_Control_Block</STRONG> (Thumb, 34 bytes, Stack size unknown bytes, cxa_exception.cpp.o(.text._ZN10__cxxabiv1L27dependent_exception_cleanupE19_Unwind_Reason_CodeP21_Unwind_Control_Block))
<BR><BR>[Stack]<UL><LI>Max Depth = 8 + Unknown Stack Size
<LI>Call Chain = _ZN10__cxxabiv1L27dependent_exception_cleanupE19_Unwind_Reason_CodeP21_Unwind_Control_Block &rArr; std::__terminate(void(*)()) &rArr;  __clang_call_terminate (Cycle)
</UL>
<BR>[Calls]<UL><LI><a href="#[363]">&gt;&gt;</a>&nbsp;&nbsp;&nbsp;std::__terminate(void(*)())
<LI><a href="#[35a]">&gt;&gt;</a>&nbsp;&nbsp;&nbsp;__cxxabiv1::__aligned_free_with_fallback(void*)
<LI><a href="#[365]">&gt;&gt;</a>&nbsp;&nbsp;&nbsp;__cxa_decrement_exception_refcount
</UL>
<BR>[Address Reference Count : 1]<UL><LI> cxa_exception.cpp.o(.text.__cxa_rethrow_primary_exception)
</UL>
<P><STRONG><a name="[15c]"></a>__cxa_end_cleanup_impl</STRONG> (Thumb, 88 bytes, Stack size unknown bytes, cxa_exception.cpp.o(.text.__cxa_end_cleanup_impl), UNUSED, KEPT)
<BR><BR>[Stack]<UL><LI>Max Depth = 36 + Unknown Stack Size
<LI>Call Chain = __cxa_end_cleanup_impl &rArr; std::terminate() &rArr; __clang_call_terminate &rArr;  std::terminate() (Cycle)
</UL>
<BR>[Calls]<UL><LI><a href="#[5]">&gt;&gt;</a>&nbsp;&nbsp;&nbsp;std::terminate()
<LI><a href="#[3a1]">&gt;&gt;</a>&nbsp;&nbsp;&nbsp;__cxa_get_globals
</UL>

<P><STRONG><a name="[35c]"></a>_ZN10__cxxabiv1L11scan_eh_tabERNS_12_GLOBAL__N_112scan_resultsE14_Unwind_ActionbP21_Unwind_Control_BlockP15_Unwind_Context</STRONG> (Thumb, 926 bytes, Stack size unknown bytes, cxa_personality.cpp.o(.text._ZN10__cxxabiv1L11scan_eh_tabERNS_12_GLOBAL__N_112scan_resultsE14_Unwind_ActionbP21_Unwind_Control_BlockP15_Unwind_Context))
<BR><BR>[Stack]<UL><LI>Max Depth = 8 + Unknown Stack Size
<LI>Call Chain = _ZN10__cxxabiv1L11scan_eh_tabERNS_12_GLOBAL__N_112scan_resultsE14_Unwind_ActionbP21_Unwind_Control_BlockP15_Unwind_Context &rArr; _ZN10__cxxabiv1L24exception_spec_can_catchExPKhhPKNS_16__shim_type_infoEPvP21_Unwind_Control_Block &rArr; _ZN10__cxxabiv1L14call_terminateEbP21_Unwind_Control_Block &rArr;  __cxa_begin_catch (Cycle)
</UL>
<BR>[Calls]<UL><LI><a href="#[309]">&gt;&gt;</a>&nbsp;&nbsp;&nbsp;_Unwind_VRS_Get
<LI><a href="#[303]">&gt;&gt;</a>&nbsp;&nbsp;&nbsp;_Unwind_GetRegionStart
<LI><a href="#[301]">&gt;&gt;</a>&nbsp;&nbsp;&nbsp;_Unwind_GetLanguageSpecificData
<LI><a href="#[35d]">&gt;&gt;</a>&nbsp;&nbsp;&nbsp;__aeabi_memclr8
<LI><a href="#[360]">&gt;&gt;</a>&nbsp;&nbsp;&nbsp;_ZN10__cxxabiv1L24exception_spec_can_catchExPKhhPKNS_16__shim_type_infoEPvP21_Unwind_Control_Block
<LI><a href="#[35e]">&gt;&gt;</a>&nbsp;&nbsp;&nbsp;_ZN10__cxxabiv1L18readEncodedPointerEPPKhh
<LI><a href="#[35f]">&gt;&gt;</a>&nbsp;&nbsp;&nbsp;_ZN10__cxxabiv1L14call_terminateEbP21_Unwind_Control_Block
</UL>
<BR>[Called By]<UL><LI><a href="#[111]">&gt;&gt;</a>&nbsp;&nbsp;&nbsp;__gxx_personality_v0
</UL>

<P><STRONG><a name="[364]"></a>_ZN10__cxxabiv1L13set_registersEP21_Unwind_Control_BlockP15_Unwind_ContextRKNS_12_GLOBAL__N_112scan_resultsE</STRONG> (Thumb, 92 bytes, Stack size unknown bytes, cxa_personality.cpp.o(.text._ZN10__cxxabiv1L13set_registersEP21_Unwind_Control_BlockP15_Unwind_ContextRKNS_12_GLOBAL__N_112scan_resultsE))
<BR><BR>[Calls]<UL><LI><a href="#[310]">&gt;&gt;</a>&nbsp;&nbsp;&nbsp;_Unwind_VRS_Set
<LI><a href="#[309]">&gt;&gt;</a>&nbsp;&nbsp;&nbsp;_Unwind_VRS_Get
</UL>
<BR>[Called By]<UL><LI><a href="#[111]">&gt;&gt;</a>&nbsp;&nbsp;&nbsp;__gxx_personality_v0
</UL>

<P><STRONG><a name="[35f]"></a>_ZN10__cxxabiv1L14call_terminateEbP21_Unwind_Control_Block</STRONG> (Thumb, 26 bytes, Stack size unknown bytes, cxa_personality.cpp.o(.text._ZN10__cxxabiv1L14call_terminateEbP21_Unwind_Control_Block))
<BR><BR>[Stack]<UL><LI>Max Depth = 8 + Unknown Stack Size
 + In Cycle
<LI>Call Chain = _ZN10__cxxabiv1L14call_terminateEbP21_Unwind_Control_Block &rArr;  __cxa_begin_catch (Cycle)
</UL>
<BR>[Calls]<UL><LI><a href="#[362]">&gt;&gt;</a>&nbsp;&nbsp;&nbsp;__cxa_begin_catch
<LI><a href="#[5]">&gt;&gt;</a>&nbsp;&nbsp;&nbsp;std::terminate()
<LI><a href="#[363]">&gt;&gt;</a>&nbsp;&nbsp;&nbsp;std::__terminate(void(*)())
</UL>
<BR>[Called By]<UL><LI><a href="#[111]">&gt;&gt;</a>&nbsp;&nbsp;&nbsp;__gxx_personality_v0
<LI><a href="#[360]">&gt;&gt;</a>&nbsp;&nbsp;&nbsp;_ZN10__cxxabiv1L24exception_spec_can_catchExPKhhPKNS_16__shim_type_infoEPvP21_Unwind_Control_Block
<LI><a href="#[35c]">&gt;&gt;</a>&nbsp;&nbsp;&nbsp;_ZN10__cxxabiv1L11scan_eh_tabERNS_12_GLOBAL__N_112scan_resultsE14_Unwind_ActionbP21_Unwind_Control_BlockP15_Unwind_Context
<LI><a href="#[3a0]">&gt;&gt;</a>&nbsp;&nbsp;&nbsp;__cxa_call_unexpected
</UL>

<P><STRONG><a name="[35e]"></a>_ZN10__cxxabiv1L18readEncodedPointerEPPKhh</STRONG> (Thumb, 322 bytes, Stack size unknown bytes, cxa_personality.cpp.o(.text._ZN10__cxxabiv1L18readEncodedPointerEPPKhh))
<BR><BR>[Calls]<UL><LI><a href="#[4]">&gt;&gt;</a>&nbsp;&nbsp;&nbsp;abort
</UL>
<BR>[Called By]<UL><LI><a href="#[35c]">&gt;&gt;</a>&nbsp;&nbsp;&nbsp;_ZN10__cxxabiv1L11scan_eh_tabERNS_12_GLOBAL__N_112scan_resultsE14_Unwind_ActionbP21_Unwind_Control_BlockP15_Unwind_Context
<LI><a href="#[3a0]">&gt;&gt;</a>&nbsp;&nbsp;&nbsp;__cxa_call_unexpected
</UL>

<P><STRONG><a name="[360]"></a>_ZN10__cxxabiv1L24exception_spec_can_catchExPKhhPKNS_16__shim_type_infoEPvP21_Unwind_Control_Block</STRONG> (Thumb, 68 bytes, Stack size unknown bytes, cxa_personality.cpp.o(.text._ZN10__cxxabiv1L24exception_spec_can_catchExPKhhPKNS_16__shim_type_infoEPvP21_Unwind_Control_Block))
<BR><BR>[Stack]<UL><LI>Max Depth = 8 + Unknown Stack Size
<LI>Call Chain = _ZN10__cxxabiv1L24exception_spec_can_catchExPKhhPKNS_16__shim_type_infoEPvP21_Unwind_Control_Block &rArr; _ZN10__cxxabiv1L14call_terminateEbP21_Unwind_Control_Block &rArr;  __cxa_begin_catch (Cycle)
</UL>
<BR>[Calls]<UL><LI><a href="#[35f]">&gt;&gt;</a>&nbsp;&nbsp;&nbsp;_ZN10__cxxabiv1L14call_terminateEbP21_Unwind_Control_Block
</UL>
<BR>[Called By]<UL><LI><a href="#[35c]">&gt;&gt;</a>&nbsp;&nbsp;&nbsp;_ZN10__cxxabiv1L11scan_eh_tabERNS_12_GLOBAL__N_112scan_resultsE14_Unwind_ActionbP21_Unwind_Control_BlockP15_Unwind_Context
<LI><a href="#[3a0]">&gt;&gt;</a>&nbsp;&nbsp;&nbsp;__cxa_call_unexpected
</UL>

<P><STRONG><a name="[a3]"></a>_scanf_char_input</STRONG> (Thumb, 12 bytes, Stack size 0 bytes, scanf_char.o(.text))
<BR>[Address Reference Count : 1]<UL><LI> scanf_char.o(.text)
</UL>
<P><STRONG><a name="[357]"></a>&lang;unnamed namespace 1&rang;::fallback_free(void*)</STRONG> (Thumb, 156 bytes, Stack size unknown bytes, fallback_malloc.cpp.o(.text._ZN12_GLOBAL__N_113fallback_freeEPv))
<BR><BR>[Called By]<UL><LI><a href="#[356]">&gt;&gt;</a>&nbsp;&nbsp;&nbsp;__cxxabiv1::__free_with_fallback(void*)
<LI><a href="#[35a]">&gt;&gt;</a>&nbsp;&nbsp;&nbsp;__cxxabiv1::__aligned_free_with_fallback(void*)
</UL>

<P><STRONG><a name="[359]"></a>&lang;unnamed namespace 1&rang;::fallback_malloc(unsigned)</STRONG> (Thumb, 146 bytes, Stack size unknown bytes, fallback_malloc.cpp.o(.text._ZN12_GLOBAL__N_115fallback_mallocEj))
<BR><BR>[Called By]<UL><LI><a href="#[358]">&gt;&gt;</a>&nbsp;&nbsp;&nbsp;__cxxabiv1::__calloc_with_fallback(unsigned, unsigned)
<LI><a href="#[35b]">&gt;&gt;</a>&nbsp;&nbsp;&nbsp;__cxxabiv1::__aligned_malloc_with_fallback(unsigned)
</UL>
<P>
<H3>
Undefined Global Symbols
</H3><HR></body></html>
