<html>
<body>
<pre>
<h1>µVision Build Log</h1>
<h2>Tool Versions:</h2>
IDE-Version: µVision V5.25.2.0
Copyright (C) 2018 ARM Ltd and ARM Germany GmbH. All rights reserved.
License Information: no no, no, LIC=MGXAR-KAP7L-78RFD-8FIUW-WHZEF-VU8IE
 
Tool Versions:
Toolchain:       MDK-ARM Professional  Version: 5.25.2.0
Toolchain Path:  C:\Keil_v5\ARM\ARMCC\Bin
C Compiler:      Armcc.exe V5.06 update 6 (build 750)
Assembler:       Armasm.exe V5.06 update 6 (build 750)
Linker/Locator:  ArmLink.exe V5.06 update 6 (build 750)
Library Manager: ArmAr.exe V5.06 update 6 (build 750)
Hex Converter:   FromElf.exe V5.06 update 6 (build 750)
CPU DLL:         SARMCM3.DLL V5.25.2.0
Dialog DLL:      DCM.DLL V1.17.1.0
Target DLL:      UL2CM3.DLL V1.160.12.0
Dialog DLL:      TCM.DLL V1.35.1.0
 
<h2>Project:</h2>
E:\SVN\Project\USBL_ETH\USBL_ETH.uvprojx
Project File Date:  05/10/2018

<h2>Output:</h2>
*** Using Compiler 'V5.06 update 6 (build 750)', folder: 'C:\Keil_v5\ARM\ARMCC\Bin'
Build target 'Target 1'
compiling PHY_LAN8742A.c...
compiling RTX_Config.c...
compiling rtx_lib.c...
compiling stm32h7xx_hal_eth_ex.c...
compiling stm32h7xx_it.c...
compiling main.c...
compiling stm32h7xx_hal_cortex.c...
compiling EMAC_STM32H7xx.c...
.\RTE\Device\STM32H743ZITx\MX_Device.h(268): warning:  #2775-D: white space is required between the macro name "MX_SYS_JTMS" and its replacement text
  #define MX_SYS_JTMS-SWDIO_Pin                   PA13
.\RTE\Device\STM32H743ZITx\MX_Device.h(272): warning:  #2775-D: white space is required between the macro name "MX_SYS_JTCK" and its replacement text
  #define MX_SYS_JTCK-SWCLK_Pin                   PA14
.\RTE\Device\STM32H743ZITx\MX_Device.h(276): warning:  #2775-D: white space is required between the macro name "MX_SYS_JTDO" and its replacement text
  #define MX_SYS_JTDO-SWO_Pin                     PB3
.\RTE\Device\STM32H743ZITx\MX_Device.h(442): warning:  #2775-D: white space is required between the macro name "MX_USER_Btn_" and its replacement text
  #define MX_USER_Btn_[B1]                        PC13
.\RTE\Device\STM32H743ZITx\MX_Device.h(452): warning:  #2775-D: white space is required between the macro name "MX_LD3_" and its replacement text
  #define MX_LD3_[Red]                            PB14
.\RTE\Device\STM32H743ZITx\MX_Device.h(462): warning:  #2775-D: white space is required between the macro name "MX_LD2_" and its replacement text
  #define MX_LD2_[Blue]                           PB7
C:\Keil_v5\ARM\PACK\Keil\STM32H7xx_DFP\2.1.0\CMSIS\Driver\EMAC_STM32H7xx.c: 6 warnings, 0 errors
compiling stm32h7xx_hal_eth.c...
assembling startup_stm32h743xx.s...
compiling stm32h7xx_hal.c...
compiling system_stm32h7xx.c...
compiling stm32h7xx_hal_pwr.c...
compiling stm32h7xx_hal_gpio.c...
compiling stm32h7xx_hal_pwr_ex.c...
compiling stm32h7xx_hal_dma.c...
compiling stm32h7xx_hal_rcc.c...
compiling stm32h7xx_hal_rcc_ex.c...
compiling stm32h7xx_hal_dma_ex.c...
compiling stm32h7xx_hal_mdma.c...
compiling stm32h7xx_hal_qspi.c...
compiling Net_Config.c...
compiling stm32h7xx_hal_tim_ex.c...
compiling stm32h7xx_hal_uart_ex.c...
compiling stm32h7xx_hal_uart.c...
compiling stm32h7xx_hal_tim.c...
compiling stm32h7xx_hal_msp.c...
linking...
Program Size: Code=27440 RO-data=1080 RW-data=5136 ZI-data=14944  
".\Objects\USBL_ETH.axf" - 0 Error(s), 6 Warning(s).

<h2>Software Packages used:</h2>

Package Vendor: ARM
                http://www.keil.com/pack/ARM.CMSIS.5.3.0.pack
                ARM.CMSIS.5.3.0
                CMSIS (Cortex Microcontroller Software Interface Standard)
   * Component: Ethernet MAC Version: 2.1.0
   * Component: Ethernet PHY Version: 2.1.0
   * Component: RTOS2 Version: 2.1.2
   * Component: CORE Version: 5.1.1
   * Component: DSP Version: 1.5.2
   * Component: Keil RTX5 Variant: Library Version: 5.3.0

Package Vendor: ARM
                http://www.keil.com/pack/ARM.CMSIS-Driver.2.2.0.pack
                ARM.CMSIS-Driver.2.2.0
                CMSIS Drivers for external devices
   * Component: LAN8742A Version: 1.2.0

Package Vendor: Keil
                project-path/Keil.FrameworkCubeMX.1.0.0.pack
                Keil.FrameworkCubeMX.1.0.0
                STM32CubeMX generated pack description
   * Component: STM32CubeMX Version: 1.0.0

Package Vendor: Keil
                http://www.keil.com/pack/Keil.MDK-Middleware.7.6.0.pack
                Keil.MDK-Middleware.7.6.0
                Middleware for Keil MDK-Professional and MDK-Plus
   * Component: CORE Variant: IPv4/IPv6 Release Version: 7.8.0
   * Component: ETH Version: 7.8.0
   * Component: UDP Version: 7.8.0

Package Vendor: Keil
                http://www.keil.com/pack/Keil.STM32H7xx_DFP.2.1.0.pack
                Keil.STM32H7xx_DFP.2.1.0
                STMicroelectronics STM32H7 Series Device Support and Examples
   * Component: STM32Cube Framework Version: 1.1.0
   * Component: Ethernet MAC Version: 1.0.0
   * Component: Common Version: 1.1.0
   * Component: Cortex Version: 1.2.0
   * Component: DMA Version: 1.2.0
   * Component: ETH Version: 1.2.0
   * Component: GPIO Version: 1.2.0
   * Component: MDMA Version: 1.2.0
   * Component: PWR Version: 1.2.0
   * Component: QSPI Version: 1.2.0
   * Component: RCC Version: 1.2.0
   * Component: TIM Version: 1.2.0
   * Component: UART Version: 1.2.0
   * Component: Startup Version: 1.2.0

<h2>Collection of Component include folders:</h2>
  .\RTE\CMSIS
  .\RTE\Device\STM32H743ZITx
  .\RTE\Device\STM32H743ZITx\Drivers\STM32H7xx_HAL_Driver\Inc
  .\RTE\Device\STM32H743ZITx\STCubeGenerated\Inc
  .\RTE\_Target_1
  C:\Keil_v5\ARM\PACK\ARM\CMSIS\5.3.0\CMSIS\Driver\Include
  C:\Keil_v5\ARM\PACK\ARM\CMSIS\5.3.0\CMSIS\Include
  C:\Keil_v5\ARM\PACK\ARM\CMSIS\5.3.0\CMSIS\RTOS2\Include
  C:\Keil_v5\ARM\PACK\ARM\CMSIS\5.3.0\CMSIS\RTOS2\RTX\Include
  C:\Keil_v5\ARM\PACK\Keil\MDK-Middleware\7.6.0\Network\Include
  C:\Keil_v5\ARM\PACK\Keil\STM32H7xx_DFP\2.1.0\Drivers\CMSIS\Device\ST\STM32H7xx\Include
  C:\Keil_v5\ARM\PACK\Keil\STM32H7xx_DFP\2.1.0\Drivers\STM32H7xx_HAL_Driver\Inc

<h2>Collection of Component Files used:</h2>

   * Component: ::CMSIS Driver:Ethernet MAC:2.1.0 (API)
      Include file:  CMSIS\Driver\Include\Driver_ETH_MAC.h

   * Component: ::CMSIS Driver:Ethernet PHY:2.1.0 (API)
      Include file:  CMSIS\Driver\Include\Driver_ETH_PHY.h

   * Component: ::CMSIS:RTOS2:2.1.2 (API)
      Include file:  CMSIS\RTOS2\Include\cmsis_os2.h

   * Component: ::Device:STM32Cube Framework:1.1.0 (API)

   * Component: ARM::CMSIS:CORE:5.1.1

   * Component: ARM::CMSIS:DSP:1.5.2
      Include file:  CMSIS\Include\arm_math.h
      Library file:  CMSIS\Lib\ARM\arm_cortexM7lfdp_math.lib

   * Component: ARM::CMSIS:RTOS2:Keil RTX5:Library:5.3.0
      Include file:  CMSIS\RTOS2\RTX\Include\rtx_os.h
      Include file:  CMSIS\RTOS2\RTX\Config\RTX_Config.h
      Source file:   CMSIS\RTOS2\RTX\Config\RTX_Config.c
      Source file:   CMSIS\RTOS2\RTX\Template\main.c
      Source file:   CMSIS\RTOS2\RTX\Template\Events.c
      Source file:   CMSIS\RTOS2\RTX\Template\MemPool.c
      Source file:   CMSIS\RTOS2\RTX\Template\MsgQueue.c
      Source file:   CMSIS\RTOS2\RTX\Template\Mutex.c
      Source file:   CMSIS\RTOS2\RTX\Template\Semaphore.c
      Source file:   CMSIS\RTOS2\RTX\Template\Thread.c
      Source file:   CMSIS\RTOS2\RTX\Template\Timer.c
      Source file:   CMSIS\RTOS2\RTX\Template\svc_user.c
      Source file:   CMSIS\RTOS2\RTX\Source\rtx_lib.c
      Library file:  CMSIS\RTOS2\RTX\Library\ARM\RTX_CM4F.lib

   * Component: Keil.MDK-Pro::Network:CORE:IPv4/IPv6 Release:7.8.0
      Include file:  Network\Include\rl_net.h
      Source file:   Network\Config\Net_Config.c
      Library file:  Network\Lib\ARM\Net_CM3_L.lib

   * Component: Keil.MDK-Pro::Network:Interface:ETH:7.8.0
      Source file:   Network\Config\Net_Config_ETH.h

   * Component: Keil.MDK-Pro::Network:Socket:UDP:7.8.0
      Source file:   Network\Config\Net_Config_UDP.h
      Source file:   Network\Template\UDP_Socket.c

   * Component: Keil::CMSIS Driver:Ethernet MAC:1.0.0
      Source file:   CMSIS\Driver\EMAC_STM32H7xx.c

   * Component: Keil::CMSIS Driver:Ethernet PHY:LAN8742A:1.2.0
      Source file:   ETH\PHY_LAN8742A.c

   * Component: Keil::Device:STM32Cube Framework:STM32CubeMX:1.0.0
      Source file:   STCubeGenerated\Src\stm32h7xx_hal_msp.c
      Include file:  STCubeGenerated\Inc\stm32h7xx_hal_conf.h
      Include file:  MX_Device.h

   * Component: Keil::Device:STM32Cube HAL:Common:1.1.0
      Include file:  Drivers\STM32H7xx_HAL_Driver\Inc\stm32h7xx_hal.h
      Source file:   Drivers\STM32H7xx_HAL_Driver\Src\stm32h7xx_hal.c

   * Component: Keil::Device:STM32Cube HAL:Cortex:1.2.0
      Source file:   Drivers\STM32H7xx_HAL_Driver\Src\stm32h7xx_hal_cortex.c

   * Component: Keil::Device:STM32Cube HAL:DMA:1.2.0
      Source file:   Drivers\STM32H7xx_HAL_Driver\Src\stm32h7xx_hal_dma.c
      Source file:   Drivers\STM32H7xx_HAL_Driver\Src\stm32h7xx_hal_dma_ex.c

   * Component: Keil::Device:STM32Cube HAL:ETH:1.2.0
      Source file:   Drivers\STM32H7xx_HAL_Driver\Src\stm32h7xx_hal_eth.c
      Source file:   Drivers\STM32H7xx_HAL_Driver\Src\stm32h7xx_hal_eth_ex.c

   * Component: Keil::Device:STM32Cube HAL:GPIO:1.2.0
      Source file:   Drivers\STM32H7xx_HAL_Driver\Src\stm32h7xx_hal_gpio.c

   * Component: Keil::Device:STM32Cube HAL:MDMA:1.2.0
      Source file:   Drivers\STM32H7xx_HAL_Driver\Src\stm32h7xx_hal_mdma.c

   * Component: Keil::Device:STM32Cube HAL:PWR:1.2.0
      Source file:   Drivers\STM32H7xx_HAL_Driver\Src\stm32h7xx_hal_pwr.c
      Source file:   Drivers\STM32H7xx_HAL_Driver\Src\stm32h7xx_hal_pwr_ex.c

   * Component: Keil::Device:STM32Cube HAL:QSPI:1.2.0
      Source file:   Drivers\STM32H7xx_HAL_Driver\Src\stm32h7xx_hal_qspi.c

   * Component: Keil::Device:STM32Cube HAL:RCC:1.2.0
      Source file:   Drivers\STM32H7xx_HAL_Driver\Src\stm32h7xx_hal_rcc.c
      Source file:   Drivers\STM32H7xx_HAL_Driver\Src\stm32h7xx_hal_rcc_ex.c

   * Component: Keil::Device:STM32Cube HAL:TIM:1.2.0
      Source file:   Drivers\STM32H7xx_HAL_Driver\Src\stm32h7xx_hal_tim.c
      Source file:   Drivers\STM32H7xx_HAL_Driver\Src\stm32h7xx_hal_tim_ex.c

   * Component: Keil::Device:STM32Cube HAL:UART:1.2.0
      Source file:   Drivers\STM32H7xx_HAL_Driver\Src\stm32h7xx_hal_uart.c
      Source file:   Drivers\STM32H7xx_HAL_Driver\Src\stm32h7xx_hal_uart_ex.c

   * Component: Keil::Device:Startup:1.2.0
      Include file:  Drivers\CMSIS\Device\ST\STM32H7xx\Include\stm32h7xx.h
      Source file:   Drivers\CMSIS\Device\ST\STM32H7xx\Source\Templates\arm\startup_stm32h743xx.s
      Source file:   Drivers\CMSIS\Device\ST\STM32H7xx\Source\Templates\system_stm32h7xx.c
Build Time Elapsed:  00:01:03
</pre>
</body>
</html>
