Component: ARM Compiler 6.9 Tool: armlink [5ced1b00]

==============================================================================

Section Cross References

    stm32h7xx_hal_timebase_tim.o(.text.HAL_InitTick) refers to stm32h7xx_hal_cortex.o(.text.HAL_NVIC_SetPriority) for HAL_NVIC_SetPriority
    stm32h7xx_hal_timebase_tim.o(.text.HAL_InitTick) refers to stm32h7xx_hal_cortex.o(.text.HAL_NVIC_EnableIRQ) for HAL_NVIC_EnableIRQ
    stm32h7xx_hal_timebase_tim.o(.text.HAL_InitTick) refers to stm32h7xx_hal_rcc.o(.text.HAL_RCC_GetClockConfig) for HAL_RCC_GetClockConfig
    stm32h7xx_hal_timebase_tim.o(.text.HAL_InitTick) refers to stm32h7xx_hal_rcc.o(.text.HAL_RCC_GetPCLK1Freq) for HAL_RCC_GetPCLK1Freq
    stm32h7xx_hal_timebase_tim.o(.text.HAL_InitTick) refers to stm32h7xx_hal_timebase_tim.o(.bss.htim7) for htim7
    stm32h7xx_hal_timebase_tim.o(.text.HAL_InitTick) refers to stm32h7xx_hal_tim.o(.text.HAL_TIM_Base_Init) for HAL_TIM_Base_Init
    stm32h7xx_hal_timebase_tim.o(.text.HAL_InitTick) refers to stm32h7xx_hal_tim.o(.text.HAL_TIM_Base_Start_IT) for HAL_TIM_Base_Start_IT
    stm32h7xx_hal_timebase_tim.o(.ARM.exidx.text.HAL_InitTick) refers to stm32h7xx_hal_timebase_tim.o(.text.HAL_InitTick) for [Anonymous Symbol]
    stm32h7xx_hal_timebase_tim.o(.text.HAL_SuspendTick) refers to stm32h7xx_hal_timebase_tim.o(.bss.htim7) for htim7
    stm32h7xx_hal_timebase_tim.o(.ARM.exidx.text.HAL_SuspendTick) refers to stm32h7xx_hal_timebase_tim.o(.text.HAL_SuspendTick) for [Anonymous Symbol]
    stm32h7xx_hal_timebase_tim.o(.text.HAL_ResumeTick) refers to stm32h7xx_hal_timebase_tim.o(.bss.htim7) for htim7
    stm32h7xx_hal_timebase_tim.o(.ARM.exidx.text.HAL_ResumeTick) refers to stm32h7xx_hal_timebase_tim.o(.text.HAL_ResumeTick) for [Anonymous Symbol]
    main.o(.text.main) refers to stm32h7xx_hal.o(.text.HAL_Init) for HAL_Init
    main.o(.text.main) refers to main.o(.text.SystemClock_Config) for SystemClock_Config
    main.o(.text.main) refers to rtx_kernel.o(.text.osKernelInitialize) for osKernelInitialize
    main.o(.text.main) refers to rt_memclr_w.o(.text) for __aeabi_memclr4
    main.o(.text.main) refers to thread.o(.text.Thread) for Thread
    main.o(.text.main) refers to rtx_thread.o(.text.osThreadNew) for osThreadNew
    main.o(.text.main) refers to thread.o(.bss.tid_Thread) for tid_Thread
    main.o(.text.main) refers to stm32h7xx_hal_gpio.o(.text.HAL_GPIO_WritePin) for HAL_GPIO_WritePin
    main.o(.text.main) refers to stm32h7xx_hal_gpio.o(.text.HAL_GPIO_Init) for HAL_GPIO_Init
    main.o(.text.main) refers to stm32h7xx_hal_cortex.o(.text.HAL_NVIC_SetPriority) for HAL_NVIC_SetPriority
    main.o(.text.main) refers to stm32h7xx_hal_cortex.o(.text.HAL_NVIC_EnableIRQ) for HAL_NVIC_EnableIRQ
    main.o(.text.main) refers to main.o(.ARM.__at_0x30040060) for DMATxDscrTab
    main.o(.text.main) refers to main.o(.ARM.__at_0x30040000) for DMARxDscrTab
    main.o(.text.main) refers to main.o(.bss..L_MergedGlobals.2) for .L_MergedGlobals.2
    main.o(.text.main) refers to stm32h7xx_hal_eth.o(.text.HAL_ETH_Init) for HAL_ETH_Init
    main.o(.text.main) refers to main.o(.bss..L_MergedGlobals) for .L_MergedGlobals
    main.o(.text.main) refers to main.o(.bss.huart4) for huart4
    main.o(.text.main) refers to stm32h7xx_hal_uart.o(.text.HAL_UART_Init) for HAL_UART_Init
    main.o(.text.main) refers to stm32h7xx_hal_tim.o(.text.HAL_TIM_PWM_Init) for HAL_TIM_PWM_Init
    main.o(.text.main) refers to stm32h7xx_hal_tim_ex.o(.text.HAL_TIMEx_MasterConfigSynchronization) for HAL_TIMEx_MasterConfigSynchronization
    main.o(.text.main) refers to stm32h7xx_hal_tim.o(.text.HAL_TIM_PWM_ConfigChannel) for HAL_TIM_PWM_ConfigChannel
    main.o(.text.main) refers to stm32h7xx_hal_tim_ex.o(.text.HAL_TIMEx_ConfigBreakDeadTime) for HAL_TIMEx_ConfigBreakDeadTime
    main.o(.text.main) refers to stm32h7xx_hal_msp.o(.text.HAL_TIM_MspPostInit) for HAL_TIM_MspPostInit
    main.o(.text.main) refers to main.o(.bss..L_MergedGlobals.1) for .L_MergedGlobals.1
    main.o(.text.main) refers to stm32h7xx_hal_qspi.o(.text.HAL_QSPI_Init) for HAL_QSPI_Init
    main.o(.text.main) refers to rtx_kernel.o(.text.osKernelGetState) for osKernelGetState
    main.o(.text.main) refers to rtx_kernel.o(.text.osKernelStart) for osKernelStart
    main.o(.ARM.exidx.text.main) refers to main.o(.text.main) for [Anonymous Symbol]
    main.o(.text.SystemClock_Config) refers to stm32h7xx_hal_rcc.o(.text.HAL_RCC_OscConfig) for HAL_RCC_OscConfig
    main.o(.text.SystemClock_Config) refers to stm32h7xx_hal_rcc.o(.text.HAL_RCC_ClockConfig) for HAL_RCC_ClockConfig
    main.o(.text.SystemClock_Config) refers to stm32h7xx_hal_rcc_ex.o(.text.HAL_RCCEx_PeriphCLKConfig) for HAL_RCCEx_PeriphCLKConfig
    main.o(.text.SystemClock_Config) refers to system_stm32h7xx.o(.data.SystemCoreClock) for SystemCoreClock
    main.o(.text.SystemClock_Config) refers to stm32h7xx_hal_cortex.o(.text.HAL_SYSTICK_Config) for HAL_SYSTICK_Config
[...]
    __rt_lib_init_user_alloc_1               0x0800031b   Thumb Code     0  libinit2.o(.ARM.Collect$$libinit$$0000000C)
    __rt_lib_init_cpp_1                      0x0800031f   Thumb Code     0  libinit2.o(.ARM.Collect$$libinit$$00000032)
    __rt_lib_init_return                     0x0800031f   Thumb Code     0  libinit2.o(.ARM.Collect$$libinit$$00000033)
    __rt_lib_shutdown                        0x08000321   Thumb Code     0  libshutdown.o(.ARM.Collect$$libshutdown$$00000000)
    __rt_lib_shutdown_cpp_2                  0x08000323   Thumb Code     0  libshutdown2.o(.ARM.Collect$$libshutdown$$00000001)
    __rt_lib_shutdown_cpp_1                  0x08000329   Thumb Code     0  libshutdown2.o(.ARM.Collect$$libshutdown$$00000002)
    __rt_lib_shutdown_fp_trap_1              0x08000329   Thumb Code     0  libshutdown2.o(.ARM.Collect$$libshutdown$$00000007)
    __rt_lib_shutdown_heap_2                 0x08000329   Thumb Code     0  libshutdown2.o(.ARM.Collect$$libshutdown$$0000000D)
    __rt_lib_shutdown_signal_1               0x08000329   Thumb Code     0  libshutdown2.o(.ARM.Collect$$libshutdown$$0000000A)
    __rt_lib_shutdown_stdio_1                0x08000329   Thumb Code     0  libshutdown2.o(.ARM.Collect$$libshutdown$$00000004)
    __rt_lib_shutdown_user_alloc_1           0x08000329   Thumb Code     0  libshutdown2.o(.ARM.Collect$$libshutdown$$0000000C)
    __rt_lib_shutdown_heap_1                 0x0800032d   Thumb Code     0  libshutdown2.o(.ARM.Collect$$libshutdown$$0000000F)
    __rt_lib_shutdown_return                 0x0800032d   Thumb Code     0  libshutdown2.o(.ARM.Collect$$libshutdown$$00000010)
    __rt_entry                               0x0800032f   Thumb Code     0  __rtentry.o(.ARM.Collect$$rtentry$$00000000)
    __rt_entry_presh_1                       0x0800032f   Thumb Code     0  __rtentry2.o(.ARM.Collect$$rtentry$$00000002)
    __rt_entry_sh                            0x0800032f   Thumb Code     0  __rtentry4.o(.ARM.Collect$$rtentry$$00000004)
    __rt_entry_postsh_1                      0x08000335   Thumb Code     0  __rtentry2.o(.ARM.Collect$$rtentry$$00000008)
    __rt_entry_li                            0x0800033d   Thumb Code     0  __rtentry2.o(.ARM.Collect$$rtentry$$0000000A)
    __rt_entry_main                          0x08000341   Thumb Code     0  __rtentry2.o(.ARM.Collect$$rtentry$$0000000D)
    __rt_entry_postli_1                      0x08000341   Thumb Code     0  __rtentry2.o(.ARM.Collect$$rtentry$$0000000C)
    __rt_exit                                0x08000349   Thumb Code     0  rtexit.o(.ARM.Collect$$rtexit$$00000000)
    __rt_exit_ls                             0x0800034b   Thumb Code     0  rtexit2.o(.ARM.Collect$$rtexit$$00000003)
    __rt_exit_prels_1                        0x0800034b   Thumb Code     0  rtexit2.o(.ARM.Collect$$rtexit$$00000002)
    __rt_exit_exit                           0x0800034f   Thumb Code     0  rtexit2.o(.ARM.Collect$$rtexit$$00000004)
    Reset_Handler                            0x08000355   Thumb Code     8  startup_stm32h743xx.o(.text)
    NMI_Handler                              0x0800035d   Thumb Code     2  startup_stm32h743xx.o(.text)
    MemManage_Handler                        0x08000361   Thumb Code     2  startup_stm32h743xx.o(.text)
    BusFault_Handler                         0x08000363   Thumb Code     2  startup_stm32h743xx.o(.text)
    UsageFault_Handler                       0x08000365   Thumb Code     2  startup_stm32h743xx.o(.text)
    DebugMon_Handler                         0x08000369   Thumb Code     2  startup_stm32h743xx.o(.text)
    ADC3_IRQHandler                          0x0800036f   Thumb Code     0  startup_stm32h743xx.o(.text)
    ADC_IRQHandler                           0x0800036f   Thumb Code     0  startup_stm32h743xx.o(.text)
    BDMA_Channel0_IRQHandler                 0x0800036f   Thumb Code     0  startup_stm32h743xx.o(.text)
    BDMA_Channel1_IRQHandler                 0x0800036f   Thumb Code     0  startup_stm32h743xx.o(.text)
    BDMA_Channel2_IRQHandler                 0x0800036f   Thumb Code     0  startup_stm32h743xx.o(.text)
    BDMA_Channel3_IRQHandler                 0x0800036f   Thumb Code     0  startup_stm32h743xx.o(.text)
    BDMA_Channel4_IRQHandler                 0x0800036f   Thumb Code     0  startup_stm32h743xx.o(.text)
    BDMA_Channel5_IRQHandler                 0x0800036f   Thumb Code     0  startup_stm32h743xx.o(.text)
    BDMA_Channel6_IRQHandler                 0x0800036f   Thumb Code     0  startup_stm32h743xx.o(.text)
    BDMA_Channel7_IRQHandler                 0x0800036f   Thumb Code     0  startup_stm32h743xx.o(.text)
    CEC_IRQHandler                           0x0800036f   Thumb Code     0  startup_stm32h743xx.o(.text)
    COMP1_IRQHandler                         0x0800036f   Thumb Code     0  startup_stm32h743xx.o(.text)
    CRS_IRQHandler                           0x0800036f   Thumb Code     0  startup_stm32h743xx.o(.text)
    DCMI_IRQHandler                          0x0800036f   Thumb Code     0  startup_stm32h743xx.o(.text)
    DFSDM1_FLT0_IRQHandler                   0x0800036f   Thumb Code     0  startup_stm32h743xx.o(.text)
    DFSDM1_FLT1_IRQHandler                   0x0800036f   Thumb Code     0  startup_stm32h743xx.o(.text)
    DFSDM1_FLT2_IRQHandler                   0x0800036f   Thumb Code     0  startup_stm32h743xx.o(.text)
    DFSDM1_FLT3_IRQHandler                   0x0800036f   Thumb Code     0  startup_stm32h743xx.o(.text)
    DMA1_Stream3_IRQHandler                  0x0800036f   Thumb Code     0  startup_stm32h743xx.o(.text)
    DMA1_Stream4_IRQHandler                  0x0800036f   Thumb Code     0  startup_stm32h743xx.o(.text)
    DMA1_Stream5_IRQHandler                  0x0800036f   Thumb Code     0  startup_stm32h743xx.o(.text)
    DMA1_Stream6_IRQHandler                  0x0800036f   Thumb Code     0  startup_stm32h743xx.o(.text)
    DMA1_Stream7_IRQHandler                  0x0800036f   Thumb Code     0  startup_stm32h743xx.o(.text)
    DMA2D_IRQHandler                         0x0800036f   Thumb Code     0  startup_stm32h743xx.o(.text)
    DMA2_Stream0_IRQHandler                  0x0800036f   Thumb Code     0  startup_stm32h743xx.o(.text)
    DMA2_Stream1_IRQHandler                  0x0800036f   Thumb Code     0  startup_stm32h743xx.o(.text)
    DMA2_Stream2_IRQHandler                  0x0800036f   Thumb Code     0  startup_stm32h743xx.o(.text)
    DMA2_Stream3_IRQHandler                  0x0800036f   Thumb Code     0  startup_stm32h743xx.o(.text)
    DMA2_Stream4_IRQHandler                  0x0800036f   Thumb Code     0  startup_stm32h743xx.o(.text)
    DMA2_Stream5_IRQHandler                  0x0800036f   Thumb Code     0  startup_stm32h743xx.o(.text)
    DMA2_Stream6_IRQHandler                  0x0800036f   Thumb Code     0  startup_stm32h743xx.o(.text)
    DMA2_Stream7_IRQHandler                  0x0800036f   Thumb Code     0  startup_stm32h743xx.o(.text)
    DMAMUX1_OVR_IRQHandler                   0x0800036f   Thumb Code     0  startup_stm32h743xx.o(.text)
    DMAMUX2_OVR_IRQHandler                   0x0800036f   Thumb Code     0  startup_stm32h743xx.o(.text)
    ETH_IRQHandler                           0x0800036f   Thumb Code     0  startup_stm32h743xx.o(.text)
    ETH_WKUP_IRQHandler                      0x0800036f   Thumb Code     0  startup_stm32h743xx.o(.text)
    EXTI0_IRQHandler                         0x0800036f   Thumb Code     0  startup_stm32h743xx.o(.text)
    EXTI15_10_IRQHandler                     0x0800036f   Thumb Code     0  startup_stm32h743xx.o(.text)
    EXTI1_IRQHandler                         0x0800036f   Thumb Code     0  startup_stm32h743xx.o(.text)
    EXTI2_IRQHandler                         0x0800036f   Thumb Code     0  startup_stm32h743xx.o(.text)
    EXTI3_IRQHandler                         0x0800036f   Thumb Code     0  startup_stm32h743xx.o(.text)
    EXTI4_IRQHandler                         0x0800036f   Thumb Code     0  startup_stm32h743xx.o(.text)
    EXTI9_5_IRQHandler                       0x0800036f   Thumb Code     0  startup_stm32h743xx.o(.text)
    FDCAN1_IT0_IRQHandler                    0x0800036f   Thumb Code     0  startup_stm32h743xx.o(.text)
    FDCAN1_IT1_IRQHandler                    0x0800036f   Thumb Code     0  startup_stm32h743xx.o(.text)
    FDCAN2_IT0_IRQHandler                    0x0800036f   Thumb Code     0  startup_stm32h743xx.o(.text)
    FDCAN2_IT1_IRQHandler                    0x0800036f   Thumb Code     0  startup_stm32h743xx.o(.text)
    FDCAN_CAL_IRQHandler                     0x0800036f   Thumb Code     0  startup_stm32h743xx.o(.text)
    FLASH_IRQHandler                         0x0800036f   Thumb Code     0  startup_stm32h743xx.o(.text)
    FMC_IRQHandler                           0x0800036f   Thumb Code     0  startup_stm32h743xx.o(.text)
    FPU_IRQHandler                           0x0800036f   Thumb Code     0  startup_stm32h743xx.o(.text)
    HRTIM1_FLT_IRQHandler                    0x0800036f   Thumb Code     0  startup_stm32h743xx.o(.text)
    HRTIM1_Master_IRQHandler                 0x0800036f   Thumb Code     0  startup_stm32h743xx.o(.text)
    HRTIM1_TIMA_IRQHandler                   0x0800036f   Thumb Code     0  startup_stm32h743xx.o(.text)
    HRTIM1_TIMB_IRQHandler                   0x0800036f   Thumb Code     0  startup_stm32h743xx.o(.text)
    HRTIM1_TIMC_IRQHandler                   0x0800036f   Thumb Code     0  startup_stm32h743xx.o(.text)
    HRTIM1_TIMD_IRQHandler                   0x0800036f   Thumb Code     0  startup_stm32h743xx.o(.text)
    HRTIM1_TIME_IRQHandler                   0x0800036f   Thumb Code     0  startup_stm32h743xx.o(.text)
    HSEM1_IRQHandler                         0x0800036f   Thumb Code     0  startup_stm32h743xx.o(.text)
    I2C1_ER_IRQHandler                       0x0800036f   Thumb Code     0  startup_stm32h743xx.o(.text)
    I2C1_EV_IRQHandler                       0x0800036f   Thumb Code     0  startup_stm32h743xx.o(.text)
    I2C2_ER_IRQHandler                       0x0800036f   Thumb Code     0  startup_stm32h743xx.o(.text)
    I2C2_EV_IRQHandler                       0x0800036f   Thumb Code     0  startup_stm32h743xx.o(.text)
    I2C3_ER_IRQHandler                       0x0800036f   Thumb Code     0  startup_stm32h743xx.o(.text)
    I2C3_EV_IRQHandler                       0x0800036f   Thumb Code     0  startup_stm32h743xx.o(.text)
    I2C4_ER_IRQHandler                       0x0800036f   Thumb Code     0  startup_stm32h743xx.o(.text)
    I2C4_EV_IRQHandler                       0x0800036f   Thumb Code     0  startup_stm32h743xx.o(.text)
    JPEG_IRQHandler                          0x0800036f   Thumb Code     0  startup_stm32h743xx.o(.text)
    LPTIM1_IRQHandler                        0x0800036f   Thumb Code     0  startup_stm32h743xx.o(.text)
    LPTIM2_IRQHandler                        0x0800036f   Thumb Code     0  startup_stm32h743xx.o(.text)
    LPTIM3_IRQHandler                        0x0800036f   Thumb Code     0  startup_stm32h743xx.o(.text)
    LPTIM4_IRQHandler                        0x0800036f   Thumb Code     0  startup_stm32h743xx.o(.text)
    LPTIM5_IRQHandler                        0x0800036f   Thumb Code     0  startup_stm32h743xx.o(.text)
    LPUART1_IRQHandler                       0x0800036f   Thumb Code     0  startup_stm32h743xx.o(.text)
    LTDC_ER_IRQHandler                       0x0800036f   Thumb Code     0  startup_stm32h743xx.o(.text)
    LTDC_IRQHandler                          0x0800036f   Thumb Code     0  startup_stm32h743xx.o(.text)
    MDIOS_IRQHandler                         0x0800036f   Thumb Code     0  startup_stm32h743xx.o(.text)
    MDIOS_WKUP_IRQHandler                    0x0800036f   Thumb Code     0  startup_stm32h743xx.o(.text)
    MDMA_IRQHandler                          0x0800036f   Thumb Code     0  startup_stm32h743xx.o(.text)
    OTG_FS_EP1_IN_IRQHandler                 0x0800036f   Thumb Code     0  startup_stm32h743xx.o(.text)
    OTG_FS_EP1_OUT_IRQHandler                0x0800036f   Thumb Code     0  startup_stm32h743xx.o(.text)
    OTG_FS_IRQHandler                        0x0800036f   Thumb Code     0  startup_stm32h743xx.o(.text)
    OTG_FS_WKUP_IRQHandler                   0x0800036f   Thumb Code     0  startup_stm32h743xx.o(.text)
    OTG_HS_EP1_IN_IRQHandler                 0x0800036f   Thumb Code     0  startup_stm32h743xx.o(.text)
    OTG_HS_EP1_OUT_IRQHandler                0x0800036f   Thumb Code     0  startup_stm32h743xx.o(.text)
    OTG_HS_IRQHandler                        0x0800036f   Thumb Code     0  startup_stm32h743xx.o(.text)
    OTG_HS_WKUP_IRQHandler                   0x0800036f   Thumb Code     0  startup_stm32h743xx.o(.text)
    PVD_AVD_IRQHandler                       0x0800036f   Thumb Code     0  startup_stm32h743xx.o(.text)
    RCC_IRQHandler                           0x0800036f   Thumb Code     0  startup_stm32h743xx.o(.text)
    RNG_IRQHandler                           0x0800036f   Thumb Code     0  startup_stm32h743xx.o(.text)
    RTC_Alarm_IRQHandler                     0x0800036f   Thumb Code     0  startup_stm32h743xx.o(.text)
    RTC_WKUP_IRQHandler                      0x0800036f   Thumb Code     0  startup_stm32h743xx.o(.text)
    SAI1_IRQHandler                          0x0800036f   Thumb Code     0  startup_stm32h743xx.o(.text)
    SAI2_IRQHandler                          0x0800036f   Thumb Code     0  startup_stm32h743xx.o(.text)
    SAI3_IRQHandler                          0x0800036f   Thumb Code     0  startup_stm32h743xx.o(.text)
    SAI4_IRQHandler                          0x0800036f   Thumb Code     0  startup_stm32h743xx.o(.text)
    SDMMC1_IRQHandler                        0x0800036f   Thumb Code     0  startup_stm32h743xx.o(.text)
    SDMMC2_IRQHandler                        0x0800036f   Thumb Code     0  startup_stm32h743xx.o(.text)
    SPDIF_RX_IRQHandler                      0x0800036f   Thumb Code     0  startup_stm32h743xx.o(.text)
    SPI1_IRQHandler                          0x0800036f   Thumb Code     0  startup_stm32h743xx.o(.text)
    SPI2_IRQHandler                          0x0800036f   Thumb Code     0  startup_stm32h743xx.o(.text)
    SPI3_IRQHandler                          0x0800036f   Thumb Code     0  startup_stm32h743xx.o(.text)
    SPI4_IRQHandler                          0x0800036f   Thumb Code     0  startup_stm32h743xx.o(.text)
    SPI5_IRQHandler                          0x0800036f   Thumb Code     0  startup_stm32h743xx.o(.text)
    SPI6_IRQHandler                          0x0800036f   Thumb Code     0  startup_stm32h743xx.o(.text)
    SWPMI1_IRQHandler                        0x0800036f   Thumb Code     0  startup_stm32h743xx.o(.text)
    TAMP_STAMP_IRQHandler                    0x0800036f   Thumb Code     0  startup_stm32h743xx.o(.text)
    TIM15_IRQHandler                         0x0800036f   Thumb Code     0  startup_stm32h743xx.o(.text)
    TIM16_IRQHandler                         0x0800036f   Thumb Code     0  startup_stm32h743xx.o(.text)
    TIM17_IRQHandler                         0x0800036f   Thumb Code     0  startup_stm32h743xx.o(.text)
    TIM2_IRQHandler                          0x0800036f   Thumb Code     0  startup_stm32h743xx.o(.text)
    TIM3_IRQHandler                          0x0800036f   Thumb Code     0  startup_stm32h743xx.o(.text)
    TIM4_IRQHandler                          0x0800036f   Thumb Code     0  startup_stm32h743xx.o(.text)
    TIM5_IRQHandler                          0x0800036f   Thumb Code     0  startup_stm32h743xx.o(.text)
    TIM6_DAC_IRQHandler                      0x0800036f   Thumb Code     0  startup_stm32h743xx.o(.text)
    TIM8_BRK_TIM12_IRQHandler                0x0800036f   Thumb Code     0  startup_stm32h743xx.o(.text)
    TIM8_CC_IRQHandler                       0x0800036f   Thumb Code     0  startup_stm32h743xx.o(.text)
    TIM8_TRG_COM_TIM14_IRQHandler            0x0800036f   Thumb Code     0  startup_stm32h743xx.o(.text)
    TIM8_UP_TIM13_IRQHandler                 0x0800036f   Thumb Code     0  startup_stm32h743xx.o(.text)
    UART5_IRQHandler                         0x0800036f   Thumb Code     0  startup_stm32h743xx.o(.text)
    UART7_IRQHandler                         0x0800036f   Thumb Code     0  startup_stm32h743xx.o(.text)
    UART8_IRQHandler                         0x0800036f   Thumb Code     0  startup_stm32h743xx.o(.text)
    USART1_IRQHandler                        0x0800036f   Thumb Code     0  startup_stm32h743xx.o(.text)
    USART2_IRQHandler                        0x0800036f   Thumb Code     0  startup_stm32h743xx.o(.text)
    USART3_IRQHandler                        0x0800036f   Thumb Code     0  startup_stm32h743xx.o(.text)
    USART6_IRQHandler                        0x0800036f   Thumb Code     0  startup_stm32h743xx.o(.text)
    WAKEUP_PIN_IRQHandler                    0x0800036f   Thumb Code     0  startup_stm32h743xx.o(.text)
    WWDG_IRQHandler                          0x0800036f   Thumb Code     0  startup_stm32h743xx.o(.text)
    __user_initial_stackheap                 0x08000371   Thumb Code     0  startup_stm32h743xx.o(.text)
    SVC_Handler                              0x08000395   Thumb Code   152  irq_cm4f.o(.text)
    PendSV_Handler                           0x0800042d   Thumb Code    16  irq_cm4f.o(.text)
    SysTick_Handler                          0x0800043d   Thumb Code    16  irq_cm4f.o(.text)
    __aeabi_uldivmod                         0x08000459   Thumb Code     0  lludivv7m.o(.text)
    _ll_udiv                                 0x08000459   Thumb Code   238  lludivv7m.o(.text)
    __cxa_atexit                             0x08000547   Thumb Code    10  cxa_atexit.o(.text)
    __aeabi_memcpy                           0x08000551   Thumb Code     0  rt_memcpy_v6.o(.text)
    __rt_memcpy                              0x08000551   Thumb Code   138  rt_memcpy_v6.o(.text)
    _memcpy_lastbytes                        0x080005b7   Thumb Code     0  rt_memcpy_v6.o(.text)
    __aeabi_memclr                           0x080005db   Thumb Code     0  rt_memclr.o(.text)
    __rt_memclr                              0x080005db   Thumb Code    68  rt_memclr.o(.text)
    _memset                                  0x080005df   Thumb Code     0  rt_memclr.o(.text)
    __aeabi_memclr4                          0x0800061f   Thumb Code     0  rt_memclr_w.o(.text)
    __aeabi_memclr8                          0x0800061f   Thumb Code     0  rt_memclr_w.o(.text)
    __rt_memclr_w                            0x0800061f   Thumb Code    78  rt_memclr_w.o(.text)
    _memset_w                                0x08000623   Thumb Code     0  rt_memclr_w.o(.text)
    __use_two_region_memory                  0x0800066d   Thumb Code     2  heapauxi.o(.text)
    __rt_heap_escrow                         0x0800066f   Thumb Code     2  heapauxi.o(.text)
    __rt_heap_expand                         0x08000671   Thumb Code     2  heapauxi.o(.text)
    __cpp_initialize__aeabi_                 0x08000675   Thumb Code    26  init_aeabi.o(.text)
    __aeabi_atexit                           0x08000699   Thumb Code    46  aeabi_atexit.o(.text)
    __aeabi_memcpy4                          0x080006c7   Thumb Code     0  rt_memcpy_w.o(.text)
    __aeabi_memcpy8                          0x080006c7   Thumb Code     0  rt_memcpy_w.o(.text)
    __rt_memcpy_w                            0x080006c7   Thumb Code   100  rt_memcpy_w.o(.text)
    _memcpy_lastbytes_aligned                0x0800070f   Thumb Code     0  rt_memcpy_w.o(.text)
    _sys_exit                                0x0800072d   Thumb Code     8  sys_exit.o(.text)
    __rt_ddtor_pointer_addr                  0x08000739   Thumb Code    10  rt_ddtor_pointer_addr_twolibspace.o(.text)
    _malloc_internal                         0x0800074b   Thumb Code   130  h1_alloc_mt.o(.text)
    malloc                                   0x080007cd   Thumb Code    20  h1_alloc_mt.o(.text)
    __cxa_finalize                           0x080007e1   Thumb Code    66  cxa_finalize.o(.text)
    __user_libspace                          0x08000825   Thumb Code     8  libspace.o(.text)
    __user_perproc_libspace                  0x08000825   Thumb Code     0  libspace.o(.text)
    __I$use$semihosting                      0x0800082d   Thumb Code     0  use_no_semi.o(.text)
    __use_no_semihosting_swi                 0x0800082d   Thumb Code     2  use_no_semi.o(.text)
    __semihosting_library_function           0x0800082f   Thumb Code     0  indicate_semi.o(.text)
    __user_setup_stackheap                   0x0800082f   Thumb Code    74  sys_stackheap_outer.o(.text)
    __rt_heap_descriptor                     0x08000879   Thumb Code    10  rt_heap_descriptor_twolibspace.o(.text)
    __use_no_heap                            0x08000883   Thumb Code     2  hguard.o(.text)
    __heap$guard                             0x08000885   Thumb Code     2  hguard.o(.text)
    _terminate_user_alloc                    0x08000887   Thumb Code     2  init_alloc.o(.text)
    _init_user_alloc                         0x08000889   Thumb Code     2  init_alloc.o(.text)
    __Heap_Full                              0x0800088b   Thumb Code    34  init_alloc.o(.text)
    __Heap_Broken                            0x080008ad   Thumb Code     6  init_alloc.o(.text)
    _init_alloc                              0x080008b3   Thumb Code    94  init_alloc.o(.text)
    __Heap_Initialize                        0x08000911   Thumb Code    14  h1_init_mt.o(.text)
    __Heap_DescSize                          0x0800091f   Thumb Code     4  h1_init_mt.o(.text)
    _free_internal                           0x08000923   Thumb Code    98  h1_free_mt.o(.text)
    free                                     0x08000985   Thumb Code    20  h1_free_mt.o(.text)
    exit                                     0x08000999   Thumb Code    18  exit.o(.text)
    __sig_exit                               0x080009ab   Thumb Code    10  defsig_exit.o(.text)
    __Heap_ProvideMemory                     0x080009b5   Thumb Code    62  h1_extend_mt.o(.text)
    _maybe_terminate_alloc                   0x080009b5   Thumb Code     0  maybetermalloc2.o(.text)
    __default_signal_display                 0x080009f3   Thumb Code    50  defsig_general.o(.text)
    __rt_SIGRTMEM                            0x08000a25   Thumb Code    14  defsig_rtmem_outer.o(.text)
    _ttywrch                                 0x08000a33   Thumb Code    14  sys_wrch.o(.text)
    _terminate_alloc                         0x08000a41   Thumb Code    16  term_alloc.o(.text)
    __rt_SIGRTMEM_inner                      0x08000a51   Thumb Code    22  defsig_rtmem_inner.o(.text)
    __Heap_Finalize                          0x08000aa1   Thumb Code    10  h1_final_mt.o(.text)
    DMA1_Stream0_IRQHandler                  0x08000ab1   Thumb Code    12  stm32h7xx_it.o(.text.DMA1_Stream0_IRQHandler)
    DMA1_Stream1_IRQHandler                  0x08000ac1   Thumb Code    12  stm32h7xx_it.o(.text.DMA1_Stream1_IRQHandler)
    DMA1_Stream2_IRQHandler                  0x08000ad1   Thumb Code    12  stm32h7xx_it.o(.text.DMA1_Stream2_IRQHandler)
    HAL_DMA_Abort_IT                         0x08000c99   Thumb Code   180  stm32h7xx_hal_dma.o(.text.HAL_DMA_Abort_IT)
    HAL_DMA_IRQHandler                       0x08000d51   Thumb Code   840  stm32h7xx_hal_dma.o(.text.HAL_DMA_IRQHandler)
    HAL_DMA_Init                             0x08001099   Thumb Code   770  stm32h7xx_hal_dma.o(.text.HAL_DMA_Init)
    HAL_ETH_Init                             0x080013a1   Thumb Code   814  stm32h7xx_hal_eth.o(.text.HAL_ETH_Init)
    HAL_ETH_MspInit                          0x080016d1   Thumb Code   206  stm32h7xx_hal_msp.o(.text.HAL_ETH_MspInit)
    HAL_GPIO_Init                            0x080017a1   Thumb Code   432  stm32h7xx_hal_gpio.o(.text.HAL_GPIO_Init)
    HAL_GPIO_WritePin                        0x08001951   Thumb Code    10  stm32h7xx_hal_gpio.o(.text.HAL_GPIO_WritePin)
    HAL_GetTick                              0x08001961   Thumb Code    12  stm32h7xx_hal.o(.text.HAL_GetTick)
    HAL_IncTick                              0x08001971   Thumb Code    26  stm32h7xx_hal.o(.text.HAL_IncTick)
    HAL_Init                                 0x08001991   Thumb Code    30  stm32h7xx_hal.o(.text.HAL_Init)
    HAL_InitTick                             0x080019b1   Thumb Code   144  stm32h7xx_hal_timebase_tim.o(.text.HAL_InitTick)
    HAL_MDMA_Abort_IT                        0x08001a41   Thumb Code    44  stm32h7xx_hal_mdma.o(.text.HAL_MDMA_Abort_IT)
    HAL_MDMA_Init                            0x08001a71   Thumb Code   256  stm32h7xx_hal_mdma.o(.text.HAL_MDMA_Init)
    HAL_MspInit                              0x08001b71   Thumb Code   124  stm32h7xx_hal_msp.o(.text.HAL_MspInit)
    HAL_NVIC_EnableIRQ                       0x08001bf1   Thumb Code    32  stm32h7xx_hal_cortex.o(.text.HAL_NVIC_EnableIRQ)
    HAL_NVIC_SetPriority                     0x08001c11   Thumb Code   100  stm32h7xx_hal_cortex.o(.text.HAL_NVIC_SetPriority)
    HAL_NVIC_SetPriorityGrouping             0x08001c79   Thumb Code    32  stm32h7xx_hal_cortex.o(.text.HAL_NVIC_SetPriorityGrouping)
    HAL_QSPI_AbortCpltCallback               0x08001c99   Thumb Code     2  stm32h7xx_hal_qspi.o(.text.HAL_QSPI_AbortCpltCallback)
    HAL_QSPI_CmdCpltCallback                 0x08001ca1   Thumb Code     2  stm32h7xx_hal_qspi.o(.text.HAL_QSPI_CmdCpltCallback)
    HAL_QSPI_ErrorCallback                   0x08001ca9   Thumb Code     2  stm32h7xx_hal_qspi.o(.text.HAL_QSPI_ErrorCallback)
    HAL_QSPI_FifoThresholdCallback           0x08001cb1   Thumb Code     2  stm32h7xx_hal_qspi.o(.text.HAL_QSPI_FifoThresholdCallback)
    HAL_QSPI_IRQHandler                      0x08001cb9   Thumb Code   618  stm32h7xx_hal_qspi.o(.text.HAL_QSPI_IRQHandler)
    HAL_QSPI_Init                            0x08001f29   Thumb Code   306  stm32h7xx_hal_qspi.o(.text.HAL_QSPI_Init)
    HAL_QSPI_MspInit                         0x08002061   Thumb Code   258  stm32h7xx_hal_msp.o(.text.HAL_QSPI_MspInit)
    HAL_QSPI_RxCpltCallback                  0x08002169   Thumb Code     2  stm32h7xx_hal_qspi.o(.text.HAL_QSPI_RxCpltCallback)
    HAL_QSPI_StatusMatchCallback             0x08002171   Thumb Code     2  stm32h7xx_hal_qspi.o(.text.HAL_QSPI_StatusMatchCallback)
    HAL_QSPI_TimeOutCallback                 0x08002179   Thumb Code     2  stm32h7xx_hal_qspi.o(.text.HAL_QSPI_TimeOutCallback)
    HAL_QSPI_TxCpltCallback                  0x08002181   Thumb Code    12  thread.o(.text.HAL_QSPI_TxCpltCallback)
    HAL_RCCEx_GetD1SysClockFreq              0x08002191   Thumb Code    44  stm32h7xx_hal_rcc_ex.o(.text.HAL_RCCEx_GetD1SysClockFreq)
    HAL_RCCEx_GetD3PCLK1Freq                 0x080021c1   Thumb Code    34  stm32h7xx_hal_rcc_ex.o(.text.HAL_RCCEx_GetD3PCLK1Freq)
    HAL_RCCEx_GetPLL2ClockFreq               0x080021e9   Thumb Code   260  stm32h7xx_hal_rcc_ex.o(.text.HAL_RCCEx_GetPLL2ClockFreq)
    HAL_RCCEx_GetPLL3ClockFreq               0x080022f1   Thumb Code   260  stm32h7xx_hal_rcc_ex.o(.text.HAL_RCCEx_GetPLL3ClockFreq)
    HAL_RCCEx_PeriphCLKConfig                0x080023f9   Thumb Code  3700  stm32h7xx_hal_rcc_ex.o(.text.HAL_RCCEx_PeriphCLKConfig)
    HAL_RCC_ClockConfig                      0x08003271   Thumb Code   596  stm32h7xx_hal_rcc.o(.text.HAL_RCC_ClockConfig)
    HAL_RCC_GetClockConfig                   0x080034c9   Thumb Code    88  stm32h7xx_hal_rcc.o(.text.HAL_RCC_GetClockConfig)
    HAL_RCC_GetHCLKFreq                      0x08003521   Thumb Code    44  stm32h7xx_hal_rcc.o(.text.HAL_RCC_GetHCLKFreq)
    HAL_RCC_GetPCLK1Freq                     0x08003551   Thumb Code    54  stm32h7xx_hal_rcc.o(.text.HAL_RCC_GetPCLK1Freq)
    HAL_RCC_GetPCLK2Freq                     0x08003589   Thumb Code    54  stm32h7xx_hal_rcc.o(.text.HAL_RCC_GetPCLK2Freq)
    HAL_RCC_GetSysClockFreq                  0x080035c1   Thumb Code   244  stm32h7xx_hal_rcc.o(.text.HAL_RCC_GetSysClockFreq)
    HAL_RCC_OscConfig                        0x080036b9   Thumb Code  1290  stm32h7xx_hal_rcc.o(.text.HAL_RCC_OscConfig)
    HAL_SYSCFG_ETHInterfaceSelect            0x08003bc9   Thumb Code    20  stm32h7xx_hal.o(.text.HAL_SYSCFG_ETHInterfaceSelect)
    HAL_SYSTICK_CLKSourceConfig              0x08003be1   Thumb Code    26  stm32h7xx_hal_cortex.o(.text.HAL_SYSTICK_CLKSourceConfig)
    HAL_SYSTICK_Config                       0x08003c01   Thumb Code    44  stm32h7xx_hal_cortex.o(.text.HAL_SYSTICK_Config)
    HAL_TIMEx_BreakCallback                  0x08003c31   Thumb Code     2  stm32h7xx_hal_tim_ex.o(.text.HAL_TIMEx_BreakCallback)
    HAL_TIMEx_CommutationCallback            0x08003c39   Thumb Code     2  stm32h7xx_hal_tim_ex.o(.text.HAL_TIMEx_CommutationCallback)
    HAL_TIMEx_ConfigBreakDeadTime            0x08003c41   Thumb Code   158  stm32h7xx_hal_tim_ex.o(.text.HAL_TIMEx_ConfigBreakDeadTime)
    HAL_TIMEx_MasterConfigSynchronization    0x08003ce1   Thumb Code    88  stm32h7xx_hal_tim_ex.o(.text.HAL_TIMEx_MasterConfigSynchronization)
    HAL_TIM_Base_Init                        0x08003d39   Thumb Code    54  stm32h7xx_hal_tim.o(.text.HAL_TIM_Base_Init)
    HAL_TIM_Base_MspInit                     0x08003d71   Thumb Code     2  stm32h7xx_hal_tim.o(.text.HAL_TIM_Base_MspInit)
    HAL_TIM_Base_Start_IT                    0x08003d79   Thumb Code    22  stm32h7xx_hal_tim.o(.text.HAL_TIM_Base_Start_IT)
    HAL_TIM_IC_CaptureCallback               0x08003d91   Thumb Code     2  stm32h7xx_hal_tim.o(.text.HAL_TIM_IC_CaptureCallback)
    HAL_TIM_IRQHandler                       0x08003d99   Thumb Code   532  stm32h7xx_hal_tim.o(.text.HAL_TIM_IRQHandler)
    HAL_TIM_MspPostInit                      0x08003fb1   Thumb Code    62  stm32h7xx_hal_msp.o(.text.HAL_TIM_MspPostInit)
    HAL_TIM_OC_DelayElapsedCallback          0x08003ff1   Thumb Code     2  stm32h7xx_hal_tim.o(.text.HAL_TIM_OC_DelayElapsedCallback)
    HAL_TIM_PWM_ConfigChannel                0x08003ff9   Thumb Code  1130  stm32h7xx_hal_tim.o(.text.HAL_TIM_PWM_ConfigChannel)
    HAL_TIM_PWM_Init                         0x08004469   Thumb Code    54  stm32h7xx_hal_tim.o(.text.HAL_TIM_PWM_Init)
    HAL_TIM_PWM_MspInit                      0x080044a1   Thumb Code   198  stm32h7xx_hal_msp.o(.text.HAL_TIM_PWM_MspInit)
    HAL_TIM_PWM_PulseFinishedCallback        0x08004569   Thumb Code    18  pwmouter.o(.text.HAL_TIM_PWM_PulseFinishedCallback)
    HAL_TIM_PWM_Stop_DMA                     0x08004581   Thumb Code   210  stm32h7xx_hal_tim.o(.text.HAL_TIM_PWM_Stop_DMA)
    HAL_TIM_PeriodElapsedCallback            0x08004659   Thumb Code    20  main.o(.text.HAL_TIM_PeriodElapsedCallback)
    HAL_TIM_TriggerCallback                  0x08004671   Thumb Code     2  stm32h7xx_hal_tim.o(.text.HAL_TIM_TriggerCallback)
    HAL_UARTEx_WakeupCallback                0x08004679   Thumb Code     2  stm32h7xx_hal_uart_ex.o(.text.HAL_UARTEx_WakeupCallback)
    HAL_UART_ErrorCallback                   0x08004681   Thumb Code    12  thread.o(.text.HAL_UART_ErrorCallback)
    HAL_UART_IRQHandler                      0x08004691   Thumb Code   750  stm32h7xx_hal_uart.o(.text.HAL_UART_IRQHandler)
    HAL_UART_Init                            0x08004981   Thumb Code   102  stm32h7xx_hal_uart.o(.text.HAL_UART_Init)
    HAL_UART_MspInit                         0x080049e9   Thumb Code   248  stm32h7xx_hal_msp.o(.text.HAL_UART_MspInit)
    HAL_UART_RxCpltCallback                  0x08004ae1   Thumb Code    12  thread.o(.text.HAL_UART_RxCpltCallback)
    HAL_UART_TxCpltCallback                  0x08004af1   Thumb Code    12  thread.o(.text.HAL_UART_TxCpltCallback)
    HardFault_Handler                        0x08004b01   Thumb Code     2  stm32h7xx_it.o(.text.HardFault_Handler)
    OS_Tick_AcknowledgeIRQ                   0x08004bd5   Thumb Code    12  os_systick.o(.text.OS_Tick_AcknowledgeIRQ)
    OS_Tick_Enable                           0x08004bdd   Thumb Code    44  os_systick.o(.text.OS_Tick_Enable)
    OS_Tick_GetIRQn                          0x08004c01   Thumb Code     6  os_systick.o(.text.OS_Tick_GetIRQn)
    OS_Tick_Setup                            0x08004c09   Thumb Code    64  os_systick.o(.text.OS_Tick_Setup)
    QUADSPI_IRQHandler                       0x08004c81   Thumb Code    12  stm32h7xx_it.o(.text.QUADSPI_IRQHandler)
    SystemClock_Config                       0x08004e31   Thumb Code   222  main.o(.text.SystemClock_Config)
    SystemInit                               0x08004f11   Thumb Code   108  system_stm32h7xx.o(.text.SystemInit)
    TIM1_BRK_IRQHandler                      0x08004f81   Thumb Code    12  stm32h7xx_it.o(.text.TIM1_BRK_IRQHandler)
    TIM1_CC_IRQHandler                       0x08004f91   Thumb Code    12  stm32h7xx_it.o(.text.TIM1_CC_IRQHandler)
    TIM1_TRG_COM_IRQHandler                  0x08004fa1   Thumb Code    12  stm32h7xx_it.o(.text.TIM1_TRG_COM_IRQHandler)
    TIM1_UP_IRQHandler                       0x08004fb1   Thumb Code    12  stm32h7xx_it.o(.text.TIM1_UP_IRQHandler)
    TIM7_IRQHandler                          0x08004fc1   Thumb Code    12  stm32h7xx_it.o(.text.TIM7_IRQHandler)
    TIM_Base_SetConfig                       0x08004fd1   Thumb Code   280  stm32h7xx_hal_tim.o(.text.TIM_Base_SetConfig)
    Thread                                   0x080050e9   Thumb Code    78  thread.o(.text.Thread)
    UART4_IRQHandler                         0x080051f1   Thumb Code    12  stm32h7xx_it.o(.text.UART4_IRQHandler)
    UART_AdvFeatureConfig                    0x08005201   Thumb Code   234  stm32h7xx_hal_uart.o(.text.UART_AdvFeatureConfig)
    UART_CheckIdleState                      0x080052f1   Thumb Code   164  stm32h7xx_hal_uart.o(.text.UART_CheckIdleState)
    UART_SetConfig                           0x080053a9   Thumb Code  2136  stm32h7xx_hal_uart.o(.text.UART_SetConfig)
    _Error_Handler                           0x08005c01   Thumb Code     2  main.o(.text._Error_Handler)
    StopOuter()                              0x08005c19   Thumb Code    38  pwmouter.o(.text._Z9StopOuterv)
    MultiFifo::reloadParam(int)              0x08005c41   Thumb Code   144  multififo.o(.text._ZN9MultiFifo11reloadParamEi)
    MultiFifo::init(int)                     0x08005cd1   Thumb Code    30  multififo.o(.text._ZN9MultiFifo4initEi)
    MultiFifo::MultiFifo(int, int)           0x08005cf1   Thumb Code    40  multififo.o(.text._ZN9MultiFifoC2Eii)
    MultiFifo::MultiFifo__sub_object(int, int) 0x08005cf1   Thumb Code    40  multififo.o(.text._ZN9MultiFifoC2Eii)
    MultiFifo::~MultiFifo()                  0x08005d19   Thumb Code    14  multififo.o(.text._ZN9MultiFifoD2Ev)
    MultiFifo::~MultiFifo__sub_object()      0x08005d19   Thumb Code    14  multififo.o(.text._ZN9MultiFifoD2Ev)
    _mutex_initialize                        0x08005d99   Thumb Code    32  rtx_lib.o(.text._mutex_initialize)
    _platform_post_stackheap_init            0x08005db9   Thumb Code     4  rtx_lib.o(.text._platform_post_stackheap_init)
    main                                     0x08005dc1   Thumb Code   974  main.o(.text.main)
    osDelay                                  0x08006191   Thumb Code    36  rtx_delay.o(.text.osDelay)
    osKernelGetState                         0x080061b5   Thumb Code    52  rtx_kernel.o(.text.osKernelGetState)
    osKernelInitialize                       0x080061e9   Thumb Code    36  rtx_kernel.o(.text.osKernelInitialize)
    osKernelStart                            0x0800620d   Thumb Code    36  rtx_kernel.o(.text.osKernelStart)
    osMemoryPoolDelete                       0x08006231   Thumb Code    36  rtx_mempool.o(.text.osMemoryPoolDelete)
    osMemoryPoolNew                          0x08006255   Thumb Code    36  rtx_mempool.o(.text.osMemoryPoolNew)
    osMessageQueueDelete                     0x08006279   Thumb Code    36  rtx_msgqueue.o(.text.osMessageQueueDelete)
    osMessageQueueGet                        0x0800629d   Thumb Code   112  rtx_msgqueue.o(.text.osMessageQueueGet)
    osMessageQueueNew                        0x0800630d   Thumb Code    36  rtx_msgqueue.o(.text.osMessageQueueNew)
    osMessageQueuePut                        0x08006331   Thumb Code   128  rtx_msgqueue.o(.text.osMessageQueuePut)
    osMutexNew                               0x080063b1   Thumb Code    36  rtx_mutex.o(.text.osMutexNew)
    osRtxErrorNotify                         0x080063d9   Thumb Code     2  rtx_config.o(.text.osRtxErrorNotify)
    osRtxIdleThread                          0x080063e1   Thumb Code     2  rtx_config.o(.text.osRtxIdleThread)
    osRtxMemoryAlloc                         0x080063e3   Thumb Code   128  rtx_memory.o(.text.osRtxMemoryAlloc)
    osRtxMemoryFree                          0x08006463   Thumb Code    82  rtx_memory.o(.text.osRtxMemoryFree)
    osRtxMemoryInit                          0x080064b5   Thumb Code    54  rtx_memory.o(.text.osRtxMemoryInit)
    osRtxMemoryPoolAlloc                     0x080064eb   Thumb Code    74  rtx_mempool.o(.text.osRtxMemoryPoolAlloc)
    osRtxMemoryPoolFree                      0x08006535   Thumb Code    86  rtx_mempool.o(.text.osRtxMemoryPoolFree)
    osRtxMemoryPoolInit                      0x0800658b   Thumb Code    84  rtx_mempool.o(.text.osRtxMemoryPoolInit)
    osRtxMutexOwnerRelease                   0x080066e1   Thumb Code    68  rtx_mutex.o(.text.osRtxMutexOwnerRelease)
    osRtxPendSV_Handler                      0x08006725   Thumb Code   144  rtx_system.o(.text.osRtxPendSV_Handler)
    osRtxPostProcess                         0x080067b1   Thumb Code   116  rtx_system.o(.text.osRtxPostProcess)
    osRtxThreadDelayTick                     0x0800697d   Thumb Code    56  rtx_thread.o(.text.osRtxThreadDelayTick)
    osRtxThreadDispatch                      0x080069b1   Thumb Code    96  rtx_thread.o(.text.osRtxThreadDispatch)
    osRtxThreadListGet                       0x08006a61   Thumb Code    22  rtx_thread.o(.text.osRtxThreadListGet)
    osRtxThreadListPut                       0x08006a77   Thumb Code    56  rtx_thread.o(.text.osRtxThreadListPut)
    osRtxThreadListRemove                    0x08006aaf   Thumb Code    20  rtx_thread.o(.text.osRtxThreadListRemove)
    osRtxThreadReadyPut                      0x08006aed   Thumb Code    20  rtx_thread.o(.text.osRtxThreadReadyPut)
    osRtxThreadRegPtr                        0x08006b01   Thumb Code    20  rtx_thread.o(.text.osRtxThreadRegPtr)
    osRtxThreadStackCheck                    0x08006b15   Thumb Code    40  rtx_thread.o(.text.osRtxThreadStackCheck)
    osRtxThreadStartup                       0x08006b39   Thumb Code    88  rtx_thread.o(.text.osRtxThreadStartup)
    osRtxThreadSwitch                        0x08006b8d   Thumb Code    16  rtx_thread.o(.text.osRtxThreadSwitch)
    osRtxThreadWaitEnter                     0x08006b99   Thumb Code    56  rtx_thread.o(.text.osRtxThreadWaitEnter)
    osRtxThreadWaitExit                      0x08006bd1   Thumb Code    50  rtx_thread.o(.text.osRtxThreadWaitExit)
    osRtxTick_Handler                        0x08006c05   Thumb Code   112  rtx_system.o(.text.osRtxTick_Handler)
    osRtxTimerThread                         0x08006c75   Thumb Code    68  rtx_timer.o(.text.osRtxTimerThread)
    osSemaphoreNew                           0x08006d0d   Thumb Code    36  rtx_semaphore.o(.text.osSemaphoreNew)
    osThreadExit                             0x08006d31   Thumb Code    12  rtx_thread.o(.text.osThreadExit)
    osThreadNew                              0x08006d3d   Thumb Code    36  rtx_thread.o(.text.osThreadNew)
    _fp_init                                 0x080077b5   Thumb Code    10  fpinit.o(x$fpl$fpinit)
    __fplib_config_fpu_vfp                   0x080077bd   Thumb Code     0  fpinit.o(x$fpl$fpinit)
    __fplib_config_pureend_doubles           0x080077bd   Thumb Code     0  fpinit.o(x$fpl$fpinit)
    osRtxConfig                              0x080077c0   Data         104  rtx_lib.o(.rodata)
    os_cb_sections                           0x08007828   Data          56  rtx_lib.o(.rodata)
    D1CorePrescTable                         0x08007860   Data          16  system_stm32h7xx.o(.rodata.D1CorePrescTable)
    osRtxUserSVC                             0x080078c0   Data           4  rtx_lib.o(.rodata.osRtxUserSVC)
    Region$$Table$$Base                      0x0800798c   Number         0  anon$$obj.o(Region$$Table)
    Region$$Table$$Limit                     0x080079ac   Number         0  anon$$obj.o(Region$$Table)
    SHT$$INIT_ARRAY$$Base                    0x080079ac   Number         0  thread.o(.init_array)
    SHT$$INIT_ARRAY$$Limit                   0x080079b0   Number         0  init_aeabi.o(.init_array)
    SystemCoreClock                          0x24000008   Data           4  system_stm32h7xx.o(.data.SystemCoreClock)
    SystemD2Clock                            0x2400000c   Data           4  system_stm32h7xx.o(.data.SystemD2Clock)
    osRtxInfo                                0x24000010   Data         164  rtx_kernel.o(.data.os)
    __libspace_start                         0x240000c0   Data          96  libspace.o(.bss)
    TxConfig                                 0x24000120   Data          52  main.o(.bss..L_MergedGlobals)
    __temporary_stack_top$libspace           0x24000120   Data           0  libspace.o(.bss)
    htim1                                    0x24000154   Data          64  main.o(.bss..L_MergedGlobals)
    hqspi                                    0x240001a0   Data          76  main.o(.bss..L_MergedGlobals.1)
    heth                                     0x240001f0   Data         104  main.o(.bss..L_MergedGlobals.2)
    fifoeth                                  0x2400025c   Data          16  thread.o(.bss.fifoeth)
    fifoqspi                                 0x2400026c   Data          16  thread.o(.bss.fifoqspi)
    hdma_tim1_ch3                            0x2400027c   Data         120  main.o(.bss.hdma_tim1_ch3)
    hdma_uart4_rx                            0x240002f4   Data         120  main.o(.bss.hdma_uart4_rx)
    hdma_uart4_tx                            0x2400036c   Data         120  main.o(.bss.hdma_uart4_tx)
    hmdma_quadspi_fifo_th                    0x240003e4   Data         108  main.o(.bss.hmdma_quadspi_fifo_th)
    htim7                                    0x24000450   Data          64  stm32h7xx_hal_timebase_tim.o(.bss.htim7)
    huart4                                   0x24000490   Data         128  main.o(.bss.huart4)
    .bss.os.msgqueue.cb$$Base                0x2400a190   Number         0  rtx_lib.o(.bss.os.msgqueue.cb)
    .bss.os.msgqueue.cb$$Limit               0x2400a1c4   Number         0  rtx_lib.o(.bss.os.msgqueue.cb)
    .bss.os.thread.cb$$Base                  0x2400a214   Number         0  rtx_lib.o(.bss.os.thread.cb)
    .bss.os.thread.cb$$Limit                 0x2400a29c   Number         0  rtx_lib.o(.bss.os.thread.cb)
    tid_Thread                               0x2400a4a0   Data           4  thread.o(.bss.tid_Thread)
    uartTx_id                                0x2400a4a4   Data           4  thread.o(.bss.uartTx_id)
    DMARxDscrTab                             0x30040000   Data          96  main.o(.ARM.__at_0x30040000)
    DMATxDscrTab                             0x30040060   Data          96  main.o(.ARM.__at_0x30040060)
    Rx_Buff                                  0x30040200   Data        6112  main.o(.ARM.__at_0x30040200)



==============================================================================

Memory Map of the image

  Image Entry point : 0x08000299

  Load Region LR_IROM1 (Base: 0x08000000, Size: 0x00007a70, Max: 0x00200000, ABSOLUTE)

    Execution Region ER_IROM1 (Exec base: 0x08000000, Load base: 0x08000000, Size: 0x000079b0, Max: 0x00200000, ABSOLUTE)

    Exec Addr    Load Addr    Size         Type   Attr      Idx    E Section Name        Object

    0x08000000   0x08000000   0x00000298   Data   RO          943    RESET               startup_stm32h743xx.o
    0x08000298   0x08000298   0x00000008   Code   RO         3057  * !!!main             c_w.l(__main.o)
    0x080002a0   0x080002a0   0x00000034   Code   RO         3507    !!!scatter          c_w.l(__scatter.o)
    0x080002d4   0x080002d4   0x0000001a   Code   RO         3509    !!handler_copy      c_w.l(__scatter_copy.o)
    0x080002ee   0x080002ee   0x00000002   PAD
    0x080002f0   0x080002f0   0x0000001c   Code   RO         3511    !!handler_zi        c_w.l(__scatter_zi.o)
    0x0800030c   0x0800030c   0x00000002   Code   RO         3414    .ARM.Collect$$libinit$$00000000  c_w.l(libinit.o)
    0x0800030e   0x0800030e   0x00000004   Code   RO         3129    .ARM.Collect$$libinit$$00000001  c_w.l(libinit2.o)
    0x08000312   0x08000312   0x00000000   Code   RO         3132    .ARM.Collect$$libinit$$00000004  c_w.l(libinit2.o)
    0x08000312   0x08000312   0x00000008   Code   RO         3133    .ARM.Collect$$libinit$$00000005  c_w.l(libinit2.o)
    0x0800031a   0x0800031a   0x00000000   Code   RO         3135    .ARM.Collect$$libinit$$0000000A  c_w.l(libinit2.o)
    0x0800031a   0x0800031a   0x00000000   Code   RO         3137    .ARM.Collect$$libinit$$0000000C  c_w.l(libinit2.o)
    0x0800031a   0x0800031a   0x00000000   Code   RO         3139    .ARM.Collect$$libinit$$0000000E  c_w.l(libinit2.o)
    0x0800031a   0x0800031a   0x00000000   Code   RO         3142    .ARM.Collect$$libinit$$00000011  c_w.l(libinit2.o)
    0x0800031a   0x0800031a   0x00000000   Code   RO         3144    .ARM.Collect$$libinit$$00000013  c_w.l(libinit2.o)
    0x0800031a   0x0800031a   0x00000000   Code   RO         3146    .ARM.Collect$$libinit$$00000015  c_w.l(libinit2.o)
    0x0800031a   0x0800031a   0x00000000   Code   RO         3148    .ARM.Collect$$libinit$$00000017  c_w.l(libinit2.o)
    0x0800031a   0x0800031a   0x00000000   Code   RO         3150    .ARM.Collect$$libinit$$00000019  c_w.l(libinit2.o)
    0x0800031a   0x0800031a   0x00000000   Code   RO         3152    .ARM.Collect$$libinit$$0000001B  c_w.l(libinit2.o)
    0x0800031a   0x0800031a   0x00000000   Code   RO         3154    .ARM.Collect$$libinit$$0000001D  c_w.l(libinit2.o)
    0x0800031a   0x0800031a   0x00000000   Code   RO         3156    .ARM.Collect$$libinit$$0000001F  c_w.l(libinit2.o)
    0x0800031a   0x0800031a   0x00000000   Code   RO         3158    .ARM.Collect$$libinit$$00000021  c_w.l(libinit2.o)
    0x0800031a   0x0800031a   0x00000000   Code   RO         3160    .ARM.Collect$$libinit$$00000023  c_w.l(libinit2.o)
    0x0800031a   0x0800031a   0x00000000   Code   RO         3162    .ARM.Collect$$libinit$$00000025  c_w.l(libinit2.o)
    0x0800031a   0x0800031a   0x00000000   Code   RO         3166    .ARM.Collect$$libinit$$0000002C  c_w.l(libinit2.o)
    0x0800031a   0x0800031a   0x00000000   Code   RO         3168    .ARM.Collect$$libinit$$0000002E  c_w.l(libinit2.o)
    0x0800031a   0x0800031a   0x00000000   Code   RO         3170    .ARM.Collect$$libinit$$00000030  c_w.l(libinit2.o)
    0x0800031a   0x0800031a   0x00000004   Code   RO         3171    .ARM.Collect$$libinit$$00000031  c_w.l(libinit2.o)
    0x0800031e   0x0800031e   0x00000000   Code   RO         3172    .ARM.Collect$$libinit$$00000032  c_w.l(libinit2.o)
    0x0800031e   0x0800031e   0x00000002   Code   RO         3173    .ARM.Collect$$libinit$$00000033  c_w.l(libinit2.o)
    0x08000320   0x08000320   0x00000002   Code   RO         3505    .ARM.Collect$$libshutdown$$00000000  c_w.l(libshutdown.o)
    0x08000322   0x08000322   0x00000006   Code   RO         3415    .ARM.Collect$$libshutdown$$00000001  c_w.l(libshutdown2.o)
    0x08000328   0x08000328   0x00000000   Code   RO         3416    .ARM.Collect$$libshutdown$$00000002  c_w.l(libshutdown2.o)
    0x08000328   0x08000328   0x00000000   Code   RO         3418    .ARM.Collect$$libshutdown$$00000004  c_w.l(libshutdown2.o)
    0x08000328   0x08000328   0x00000000   Code   RO         3421    .ARM.Collect$$libshutdown$$00000007  c_w.l(libshutdown2.o)
    0x08000328   0x08000328   0x00000000   Code   RO         3424    .ARM.Collect$$libshutdown$$0000000A  c_w.l(libshutdown2.o)
    0x08000328   0x08000328   0x00000000   Code   RO         3426    .ARM.Collect$$libshutdown$$0000000C  c_w.l(libshutdown2.o)
    0x08000328   0x08000328   0x00000004   Code   RO         3427    .ARM.Collect$$libshutdown$$0000000D  c_w.l(libshutdown2.o)
    0x0800032c   0x0800032c   0x00000000   Code   RO         3429    .ARM.Collect$$libshutdown$$0000000F  c_w.l(libshutdown2.o)
    0x0800032c   0x0800032c   0x00000002   Code   RO         3430    .ARM.Collect$$libshutdown$$00000010  c_w.l(libshutdown2.o)
    0x0800032e   0x0800032e   0x00000000   Code   RO         3101    .ARM.Collect$$rtentry$$00000000  c_w.l(__rtentry.o)
    0x0800032e   0x0800032e   0x00000000   Code   RO         3253    .ARM.Collect$$rtentry$$00000002  c_w.l(__rtentry2.o)
    0x0800032e   0x0800032e   0x00000006   Code   RO         3265    .ARM.Collect$$rtentry$$00000004  c_w.l(__rtentry4.o)
    0x08000334   0x08000334   0x00000008   Code   RO         3254    .ARM.Collect$$rtentry$$00000008  c_w.l(__rtentry2.o)
    0x0800033c   0x0800033c   0x00000004   Code   RO         3256    .ARM.Collect$$rtentry$$0000000A  c_w.l(__rtentry2.o)
    0x08000340   0x08000340   0x00000000   Code   RO         3258    .ARM.Collect$$rtentry$$0000000C  c_w.l(__rtentry2.o)
    0x08000340   0x08000340   0x00000008   Code   RO         3259    .ARM.Collect$$rtentry$$0000000D  c_w.l(__rtentry2.o)
    0x08000348   0x08000348   0x00000002   Code   RO         3435    .ARM.Collect$$rtexit$$00000000  c_w.l(rtexit.o)
    0x0800034a   0x0800034a   0x00000000   Code   RO         3473    .ARM.Collect$$rtexit$$00000002  c_w.l(rtexit2.o)
    0x0800034a   0x0800034a   0x00000004   Code   RO         3474    .ARM.Collect$$rtexit$$00000003  c_w.l(rtexit2.o)
    0x0800034e   0x0800034e   0x00000006   Code   RO         3475    .ARM.Collect$$rtexit$$00000004  c_w.l(rtexit2.o)
    0x08000354   0x08000354   0x00000040   Code   RO          944    .text               startup_stm32h743xx.o
    0x08000394   0x08000394   0x000000c4   Code   RO         2289    .text               RTX_CM4F.lib(irq_cm4f.o)
    0x08000458   0x08000458   0x000000ee   Code   RO         2979    .text               c_w.l(lludivv7m.o)
    0x08000546   0x08000546   0x0000000a   Code   RO         3042    .text               c_w.l(cxa_atexit.o)
    0x08000550   0x08000550   0x0000008a   Code   RO         3049    .text               c_w.l(rt_memcpy_v6.o)
    0x080005da   0x080005da   0x00000044   Code   RO         3051    .text               c_w.l(rt_memclr.o)
    0x0800061e   0x0800061e   0x0000004e   Code   RO         3053    .text               c_w.l(rt_memclr_w.o)
    0x0800066c   0x0800066c   0x00000006   Code   RO         3055    .text               c_w.l(heapauxi.o)
    0x08000672   0x08000672   0x00000002   PAD
    0x08000674   0x08000674   0x00000024   Code   RO         3062    .text               c_w.l(init_aeabi.o)
    0x08000698   0x08000698   0x0000002e   Code   RO         3124    .text               c_w.l(aeabi_atexit.o)
    0x080006c6   0x080006c6   0x00000064   Code   RO         3127    .text               c_w.l(rt_memcpy_w.o)
    0x0800072a   0x0800072a   0x00000002   PAD
    0x0800072c   0x0800072c   0x0000000c   Code   RO         3248    .text               c_w.l(sys_exit.o)
    0x08000738   0x08000738   0x0000000a   Code   RO         3274    .text               c_w.l(rt_ddtor_pointer_addr_twolibspace.o)
    0x08000742   0x08000742   0x0000009e   Code   RO         3280    .text               c_w.l(h1_alloc_mt.o)
    0x080007e0   0x080007e0   0x00000042   Code   RO         3338    .text               c_w.l(cxa_finalize.o)
    0x08000822   0x08000822   0x00000002   PAD
    0x08000824   0x08000824   0x00000008   Code   RO         3350    .text               c_w.l(libspace.o)
    0x0800082c   0x0800082c   0x00000002   Code   RO         3353    .text               c_w.l(use_no_semi.o)
    0x0800082e   0x0800082e   0x00000000   Code   RO         3355    .text               c_w.l(indicate_semi.o)
    0x0800082e   0x0800082e   0x0000004a   Code   RO         3356    .text               c_w.l(sys_stackheap_outer.o)
    0x08000878   0x08000878   0x0000000a   Code   RO         3367    .text               c_w.l(rt_heap_descriptor_twolibspace.o)
    0x08000882   0x08000882   0x00000004   Code   RO         3369    .text               c_w.l(hguard.o)
    0x08000886   0x08000886   0x0000008a   Code   RO         3371    .text               c_w.l(init_alloc.o)
    0x08000910   0x08000910   0x00000012   Code   RO         3381    .text               c_w.l(h1_init_mt.o)
    0x08000922   0x08000922   0x00000076   Code   RO         3383    .text               c_w.l(h1_free_mt.o)
    0x08000998   0x08000998   0x00000012   Code   RO         3395    .text               c_w.l(exit.o)
    0x080009aa   0x080009aa   0x0000000a   Code   RO         3397    .text               c_w.l(defsig_exit.o)
    0x080009b4   0x080009b4   0x00000000   Code   RO         3447    .text               c_w.l(maybetermalloc2.o)
    0x080009b4   0x080009b4   0x0000003e   Code   RO         3450    .text               c_w.l(h1_extend_mt.o)
    0x080009f2   0x080009f2   0x00000032   Code   RO         3457    .text               c_w.l(defsig_general.o)
    0x08000a24   0x08000a24   0x0000000e   Code   RO         3461    .text               c_w.l(defsig_rtmem_outer.o)
    0x08000a32   0x08000a32   0x0000000e   Code   RO         3468    .text               c_w.l(sys_wrch.o)
    0x08000a40   0x08000a40   0x00000010   Code   RO         3479    .text               c_w.l(term_alloc.o)
    0x08000a50   0x08000a50   0x00000050   Code   RO         3481    .text               c_w.l(defsig_rtmem_inner.o)
    0x08000aa0   0x08000aa0   0x0000000a   Code   RO         3489    .text               c_w.l(h1_final_mt.o)
    0x08000aaa   0x08000aaa   0x00000006   PAD
    0x08000ab0   0x08000ab0   0x0000000c   Code   RO           54    .text.DMA1_Stream0_IRQHandler  stm32h7xx_it.o
    0x08000abc   0x08000abc   0x00000004   PAD
    0x08000ac0   0x08000ac0   0x0000000c   Code   RO           56    .text.DMA1_Stream1_IRQHandler  stm32h7xx_it.o
    0x08000acc   0x08000acc   0x00000004   PAD
    0x08000ad0   0x08000ad0   0x0000000c   Code   RO           58    .text.DMA1_Stream2_IRQHandler  stm32h7xx_it.o
    0x08000adc   0x08000adc   0x00000004   PAD
    0x08000ae0   0x08000ae0   0x000001b2   Code   RO          589    .text.ETH_SetMACConfig  stm32h7xx_hal_eth.o
    0x08000c92   0x08000c92   0x00000006   PAD
    0x08000c98   0x08000c98   0x000000b4   Code   RO          979    .text.HAL_DMA_Abort_IT  stm32h7xx_hal_dma.o
    0x08000d4c   0x08000d4c   0x00000004   PAD
    0x08000d50   0x08000d50   0x00000348   Code   RO          983    .text.HAL_DMA_IRQHandler  stm32h7xx_hal_dma.o
    0x08001098   0x08001098   0x00000302   Code   RO          969    .text.HAL_DMA_Init  stm32h7xx_hal_dma.o
    0x0800139a   0x0800139a   0x00000006   PAD
    0x080013a0   0x080013a0   0x0000032e   Code   RO          529    .text.HAL_ETH_Init  stm32h7xx_hal_eth.o
    0x080016ce   0x080016ce   0x00000002   PAD
    0x080016d0   0x080016d0   0x000000ce   Code   RO         1612    .text.HAL_ETH_MspInit  stm32h7xx_hal_msp.o
    0x0800179e   0x0800179e   0x00000002   PAD
    0x080017a0   0x080017a0   0x000001b0   Code   RO          683    .text.HAL_GPIO_Init  stm32h7xx_hal_gpio.o
    0x08001950   0x08001950   0x0000000a   Code   RO          689    .text.HAL_GPIO_WritePin  stm32h7xx_hal_gpio.o
    0x0800195a   0x0800195a   0x00000006   PAD
    0x08001960   0x08001960   0x0000000c   Code   RO          383    .text.HAL_GetTick   stm32h7xx_hal.o
    0x0800196c   0x0800196c   0x00000004   PAD
    0x08001970   0x08001970   0x0000001a   Code   RO          381    .text.HAL_IncTick   stm32h7xx_hal.o
    0x0800198a   0x0800198a   0x00000006   PAD
    0x08001990   0x08001990   0x0000001e   Code   RO          371    .text.HAL_Init      stm32h7xx_hal.o
    0x080019ae   0x080019ae   0x00000002   PAD
    0x080019b0   0x080019b0   0x00000090   Code   RO            2    .text.HAL_InitTick  stm32h7xx_hal_timebase_tim.o
    0x08001a40   0x08001a40   0x0000002c   Code   RO         1058    .text.HAL_MDMA_Abort_IT  stm32h7xx_hal_mdma.o
    0x08001a6c   0x08001a6c   0x00000004   PAD
    0x08001a70   0x08001a70   0x00000100   Code   RO         1032    .text.HAL_MDMA_Init  stm32h7xx_hal_mdma.o
    0x08001b70   0x08001b70   0x0000007c   Code   RO         1610    .text.HAL_MspInit   stm32h7xx_hal_msp.o
    0x08001bec   0x08001bec   0x00000004   PAD
    0x08001bf0   0x08001bf0   0x00000020   Code   RO          486    .text.HAL_NVIC_EnableIRQ  stm32h7xx_hal_cortex.o
    0x08001c10   0x08001c10   0x00000064   Code   RO          484    .text.HAL_NVIC_SetPriority  stm32h7xx_hal_cortex.o
    0x08001c74   0x08001c74   0x00000004   PAD
    0x08001c78   0x08001c78   0x00000020   Code   RO          482    .text.HAL_NVIC_SetPriorityGrouping  stm32h7xx_hal_cortex.o
    0x08001c98   0x08001c98   0x00000002   Code   RO         1101    .text.HAL_QSPI_AbortCpltCallback  stm32h7xx_hal_qspi.o
    0x08001c9a   0x08001c9a   0x00000006   PAD
    0x08001ca0   0x08001ca0   0x00000002   Code   RO         1099    .text.HAL_QSPI_CmdCpltCallback  stm32h7xx_hal_qspi.o
    0x08001ca2   0x08001ca2   0x00000006   PAD
    0x08001ca8   0x08001ca8   0x00000002   Code   RO         1103    .text.HAL_QSPI_ErrorCallback  stm32h7xx_hal_qspi.o
    0x08001caa   0x08001caa   0x00000006   PAD
    0x08001cb0   0x08001cb0   0x00000002   Code   RO         1093    .text.HAL_QSPI_FifoThresholdCallback  stm32h7xx_hal_qspi.o
    0x08001cb2   0x08001cb2   0x00000006   PAD
    0x08001cb8   0x08001cb8   0x0000026a   Code   RO         1091    .text.HAL_QSPI_IRQHandler  stm32h7xx_hal_qspi.o
    0x08001f22   0x08001f22   0x00000006   PAD
    0x08001f28   0x08001f28   0x00000132   Code   RO         1081    .text.HAL_QSPI_Init  stm32h7xx_hal_qspi.o
    0x0800205a   0x0800205a   0x00000006   PAD
    0x08002060   0x08002060   0x00000102   Code   RO         1616    .text.HAL_QSPI_MspInit  stm32h7xx_hal_msp.o
    0x08002162   0x08002162   0x00000006   PAD
    0x08002168   0x08002168   0x00000002   Code   RO         1097    .text.HAL_QSPI_RxCpltCallback  stm32h7xx_hal_qspi.o
    0x0800216a   0x0800216a   0x00000006   PAD
    0x08002170   0x08002170   0x00000002   Code   RO         1105    .text.HAL_QSPI_StatusMatchCallback  stm32h7xx_hal_qspi.o
    0x08002172   0x08002172   0x00000006   PAD
    0x08002178   0x08002178   0x00000002   Code   RO         1109    .text.HAL_QSPI_TimeOutCallback  stm32h7xx_hal_qspi.o
    0x0800217a   0x0800217a   0x00000006   PAD
    0x08002180   0x08002180   0x0000000c   Code   RO          135    .text.HAL_QSPI_TxCpltCallback  thread.o
    0x0800218c   0x0800218c   0x00000004   PAD
    0x08002190   0x08002190   0x0000002c   Code   RO          901    .text.HAL_RCCEx_GetD1SysClockFreq  stm32h7xx_hal_rcc_ex.o
    0x080021bc   0x080021bc   0x00000004   PAD
    0x080021c0   0x080021c0   0x00000022   Code   RO          899    .text.HAL_RCCEx_GetD3PCLK1Freq  stm32h7xx_hal_rcc_ex.o
    0x080021e2   0x080021e2   0x00000006   PAD
    0x080021e8   0x080021e8   0x00000104   Code   RO          893    .text.HAL_RCCEx_GetPLL2ClockFreq  stm32h7xx_hal_rcc_ex.o
    0x080022ec   0x080022ec   0x00000004   PAD
    0x080022f0   0x080022f0   0x00000104   Code   RO          895    .text.HAL_RCCEx_GetPLL3ClockFreq  stm32h7xx_hal_rcc_ex.o
    0x080023f4   0x080023f4   0x00000004   PAD
    0x080023f8   0x080023f8   0x00000e74   Code   RO          881    .text.HAL_RCCEx_PeriphCLKConfig  stm32h7xx_hal_rcc_ex.o
    0x0800326c   0x0800326c   0x00000004   PAD
    0x08003270   0x08003270   0x00000254   Code   RO          848    .text.HAL_RCC_ClockConfig  stm32h7xx_hal_rcc.o
    0x080034c4   0x080034c4   0x00000004   PAD
    0x080034c8   0x080034c8   0x00000058   Code   RO          864    .text.HAL_RCC_GetClockConfig  stm32h7xx_hal_rcc.o
    0x08003520   0x08003520   0x0000002c   Code   RO          856    .text.HAL_RCC_GetHCLKFreq  stm32h7xx_hal_rcc.o
    0x0800354c   0x0800354c   0x00000004   PAD
    0x08003550   0x08003550   0x00000036   Code   RO          858    .text.HAL_RCC_GetPCLK1Freq  stm32h7xx_hal_rcc.o
    0x08003586   0x08003586   0x00000002   PAD
    0x08003588   0x08003588   0x00000036   Code   RO          860    .text.HAL_RCC_GetPCLK2Freq  stm32h7xx_hal_rcc.o
    0x080035be   0x080035be   0x00000002   PAD
    0x080035c0   0x080035c0   0x000000f4   Code   RO          850    .text.HAL_RCC_GetSysClockFreq  stm32h7xx_hal_rcc.o
    0x080036b4   0x080036b4   0x00000004   PAD
    0x080036b8   0x080036b8   0x0000050a   Code   RO          846    .text.HAL_RCC_OscConfig  stm32h7xx_hal_rcc.o
    0x08003bc2   0x08003bc2   0x00000006   PAD
    0x08003bc8   0x08003bc8   0x00000014   Code   RO          413    .text.HAL_SYSCFG_ETHInterfaceSelect  stm32h7xx_hal.o
    0x08003bdc   0x08003bdc   0x00000004   PAD
    0x08003be0   0x08003be0   0x0000001a   Code   RO          510    .text.HAL_SYSTICK_CLKSourceConfig  stm32h7xx_hal_cortex.o
    0x08003bfa   0x08003bfa   0x00000006   PAD
    0x08003c00   0x08003c00   0x0000002c   Code   RO          494    .text.HAL_SYSTICK_Config  stm32h7xx_hal_cortex.o
    0x08003c2c   0x08003c2c   0x00000004   PAD
    0x08003c30   0x08003c30   0x00000002   Code   RO         1454    .text.HAL_TIMEx_BreakCallback  stm32h7xx_hal_tim_ex.o
    0x08003c32   0x08003c32   0x00000006   PAD
    0x08003c38   0x08003c38   0x00000002   Code   RO         1452    .text.HAL_TIMEx_CommutationCallback  stm32h7xx_hal_tim_ex.o
    0x08003c3a   0x08003c3a   0x00000006   PAD
    0x08003c40   0x08003c40   0x0000009e   Code   RO         1442    .text.HAL_TIMEx_ConfigBreakDeadTime  stm32h7xx_hal_tim_ex.o
    0x08003cde   0x08003cde   0x00000002   PAD
    0x08003ce0   0x08003ce0   0x00000058   Code   RO         1440    .text.HAL_TIMEx_MasterConfigSynchronization  stm32h7xx_hal_tim_ex.o
    0x08003d38   0x08003d38   0x00000036   Code   RO         1168    .text.HAL_TIM_Base_Init  stm32h7xx_hal_tim.o
    0x08003d6e   0x08003d6e   0x00000002   PAD
    0x08003d70   0x08003d70   0x00000002   Code   RO         1170    .text.HAL_TIM_Base_MspInit  stm32h7xx_hal_tim.o
    0x08003d72   0x08003d72   0x00000006   PAD
    0x08003d78   0x08003d78   0x00000016   Code   RO         1182    .text.HAL_TIM_Base_Start_IT  stm32h7xx_hal_tim.o
    0x08003d8e   0x08003d8e   0x00000002   PAD
    0x08003d90   0x08003d90   0x00000002   Code   RO         1298    .text.HAL_TIM_IC_CaptureCallback  stm32h7xx_hal_tim.o
    0x08003d92   0x08003d92   0x00000006   PAD
    0x08003d98   0x08003d98   0x00000214   Code   RO         1296    .text.HAL_TIM_IRQHandler  stm32h7xx_hal_tim.o
    0x08003fac   0x08003fac   0x00000004   PAD
    0x08003fb0   0x08003fb0   0x0000003e   Code   RO         1622    .text.HAL_TIM_MspPostInit  stm32h7xx_hal_msp.o
    0x08003fee   0x08003fee   0x00000002   PAD
    0x08003ff0   0x08003ff0   0x00000002   Code   RO         1300    .text.HAL_TIM_OC_DelayElapsedCallback  stm32h7xx_hal_tim.o
    0x08003ff2   0x08003ff2   0x00000006   PAD
    0x08003ff8   0x08003ff8   0x0000046a   Code   RO         1322    .text.HAL_TIM_PWM_ConfigChannel  stm32h7xx_hal_tim.o
    0x08004462   0x08004462   0x00000006   PAD
    0x08004468   0x08004468   0x00000036   Code   RO         1218    .text.HAL_TIM_PWM_Init  stm32h7xx_hal_tim.o
    0x0800449e   0x0800449e   0x00000002   PAD
    0x080044a0   0x080044a0   0x000000c6   Code   RO         1620    .text.HAL_TIM_PWM_MspInit  stm32h7xx_hal_msp.o
    0x08004566   0x08004566   0x00000002   PAD
    0x08004568   0x08004568   0x00000012   Code   RO          185    .text.HAL_TIM_PWM_PulseFinishedCallback  pwmouter.o
    0x0800457a   0x0800457a   0x00000006   PAD
    0x08004580   0x08004580   0x000000d2   Code   RO         1236    .text.HAL_TIM_PWM_Stop_DMA  stm32h7xx_hal_tim.o
    0x08004652   0x08004652   0x00000006   PAD
    0x08004658   0x08004658   0x00000014   Code   RO           27    .text.HAL_TIM_PeriodElapsedCallback  main.o
    0x0800466c   0x0800466c   0x00000004   PAD
    0x08004670   0x08004670   0x00000002   Code   RO         1306    .text.HAL_TIM_TriggerCallback  stm32h7xx_hal_tim.o
    0x08004672   0x08004672   0x00000006   PAD
    0x08004678   0x08004678   0x00000002   Code   RO         1597    .text.HAL_UARTEx_WakeupCallback  stm32h7xx_hal_uart_ex.o
    0x0800467a   0x0800467a   0x00000006   PAD
    0x08004680   0x08004680   0x0000000c   Code   RO          145    .text.HAL_UART_ErrorCallback  thread.o
    0x0800468c   0x0800468c   0x00000004   PAD
    0x08004690   0x08004690   0x000002ee   Code   RO         1545    .text.HAL_UART_IRQHandler  stm32h7xx_hal_uart.o
    0x0800497e   0x0800497e   0x00000002   PAD
    0x08004980   0x08004980   0x00000066   Code   RO         1469    .text.HAL_UART_Init  stm32h7xx_hal_uart.o
    0x080049e6   0x080049e6   0x00000002   PAD
    0x080049e8   0x080049e8   0x000000f8   Code   RO         1626    .text.HAL_UART_MspInit  stm32h7xx_hal_msp.o
    0x08004ae0   0x08004ae0   0x0000000c   Code   RO          141    .text.HAL_UART_RxCpltCallback  thread.o
    0x08004aec   0x08004aec   0x00000004   PAD
    0x08004af0   0x08004af0   0x0000000c   Code   RO          143    .text.HAL_UART_TxCpltCallback  thread.o
    0x08004afc   0x08004afc   0x00000004   PAD
    0x08004b00   0x08004b00   0x00000002   Code   RO           52    .text.HardFault_Handler  stm32h7xx_it.o
    0x08004b02   0x08004b02   0x00000046   Code   RO         2270    .text.MessageQueueGet  RTX_CM4F.lib(rtx_msgqueue.o)
    0x08004b48   0x08004b48   0x00000064   Code   RO         2264    .text.MessageQueuePut  RTX_CM4F.lib(rtx_msgqueue.o)
    0x08004bac   0x08004bac   0x00000026   Code   RO         2262    .text.MessageQueueRemove  RTX_CM4F.lib(rtx_msgqueue.o)
    0x08004bd2   0x08004bd2   0x00000002   PAD
    0x08004bd4   0x08004bd4   0x00000008   Code   RO         2635    .text.OS_Tick_AcknowledgeIRQ  RTX_CM4F.lib(os_systick.o)
    0x08004bdc   0x08004bdc   0x00000024   Code   RO         2631    .text.OS_Tick_Enable  RTX_CM4F.lib(os_systick.o)
    0x08004c00   0x08004c00   0x00000006   Code   RO         2637    .text.OS_Tick_GetIRQn  RTX_CM4F.lib(os_systick.o)
    0x08004c06   0x08004c06   0x00000002   PAD
    0x08004c08   0x08004c08   0x00000040   Code   RO         2629    .text.OS_Tick_Setup  RTX_CM4F.lib(os_systick.o)
    0x08004c48   0x08004c48   0x00000032   Code   RO         1107    .text.QSPI_DMAAbortCplt  stm32h7xx_hal_qspi.o
    0x08004c7a   0x08004c7a   0x00000006   PAD
    0x08004c80   0x08004c80   0x0000000c   Code   RO           72    .text.QUADSPI_IRQHandler  stm32h7xx_it.o
    0x08004c8c   0x08004c8c   0x00000004   PAD
    0x08004c90   0x08004c90   0x000000ca   Code   RO          883    .text.RCCEx_PLL2_Config  stm32h7xx_hal_rcc_ex.o
    0x08004d5a   0x08004d5a   0x00000006   PAD
    0x08004d60   0x08004d60   0x000000ca   Code   RO          885    .text.RCCEx_PLL3_Config  stm32h7xx_hal_rcc_ex.o
    0x08004e2a   0x08004e2a   0x00000006   PAD
    0x08004e30   0x08004e30   0x000000de   Code   RO           23    .text.SystemClock_Config  main.o
    0x08004f0e   0x08004f0e   0x00000002   PAD
    0x08004f10   0x08004f10   0x0000006c   Code   RO          951    .text.SystemInit    system_stm32h7xx.o
    0x08004f7c   0x08004f7c   0x00000004   PAD
    0x08004f80   0x08004f80   0x0000000c   Code   RO           60    .text.TIM1_BRK_IRQHandler  stm32h7xx_it.o
    0x08004f8c   0x08004f8c   0x00000004   PAD
    0x08004f90   0x08004f90   0x0000000c   Code   RO           66    .text.TIM1_CC_IRQHandler  stm32h7xx_it.o
    0x08004f9c   0x08004f9c   0x00000004   PAD
    0x08004fa0   0x08004fa0   0x0000000c   Code   RO           64    .text.TIM1_TRG_COM_IRQHandler  stm32h7xx_it.o
    0x08004fac   0x08004fac   0x00000004   PAD
    0x08004fb0   0x08004fb0   0x0000000c   Code   RO           62    .text.TIM1_UP_IRQHandler  stm32h7xx_it.o
    0x08004fbc   0x08004fbc   0x00000004   PAD
    0x08004fc0   0x08004fc0   0x0000000c   Code   RO           70    .text.TIM7_IRQHandler  stm32h7xx_it.o
    0x08004fcc   0x08004fcc   0x00000004   PAD
    0x08004fd0   0x08004fd0   0x00000118   Code   RO         1172    .text.TIM_Base_SetConfig  stm32h7xx_hal_tim.o
    0x080050e8   0x080050e8   0x0000004e   Code   RO          139    .text.Thread        thread.o
    0x08005136   0x08005136   0x0000006a   Code   RO         1982    .text.ThreadFlagsCheck  RTX_CM4F.lib(rtx_thread.o)
    0x080051a0   0x080051a0   0x00000050   Code   RO         2074    .text.TimerInsert   RTX_CM4F.lib(rtx_timer.o)
    0x080051f0   0x080051f0   0x0000000c   Code   RO           68    .text.UART4_IRQHandler  stm32h7xx_it.o
    0x080051fc   0x080051fc   0x00000004   PAD
    0x08005200   0x08005200   0x000000ea   Code   RO         1475    .text.UART_AdvFeatureConfig  stm32h7xx_hal_uart.o
    0x080052ea   0x080052ea   0x00000006   PAD
    0x080052f0   0x080052f0   0x000000a4   Code   RO         1477    .text.UART_CheckIdleState  stm32h7xx_hal_uart.o
    0x08005394   0x08005394   0x00000004   PAD
    0x08005398   0x08005398   0x00000010   Code   RO         1547    .text.UART_DMAAbortOnError  stm32h7xx_hal_uart.o
    0x080053a8   0x080053a8   0x00000858   Code   RO         1473    .text.UART_SetConfig  stm32h7xx_hal_uart.o
    0x08005c00   0x08005c00   0x00000002   Code   RO           25    .text._Error_Handler  main.o
    0x08005c02   0x08005c02   0x00000006   PAD
    0x08005c08   0x08005c08   0x0000000c   Code   RO          149    .text._GLOBAL__sub_I_Thread.cpp  thread.o
    0x08005c14   0x08005c14   0x00000004   PAD
    0x08005c18   0x08005c18   0x00000026   Code   RO          183    .text._Z9StopOuterv  pwmouter.o
    0x08005c3e   0x08005c3e   0x00000002   PAD
    0x08005c40   0x08005c40   0x00000090   Code   RO           86    .text._ZN9MultiFifo11reloadParamEi  multififo.o
    0x08005cd0   0x08005cd0   0x0000001e   Code   RO           94    .text._ZN9MultiFifo4initEi  multififo.o
    0x08005cee   0x08005cee   0x00000002   PAD
    0x08005cf0   0x08005cf0   0x00000028   Code   RO          100    .text._ZN9MultiFifoC2Eii  multififo.o
    0x08005d18   0x08005d18   0x0000000e   Code   RO           98    .text._ZN9MultiFifoD2Ev  multififo.o
    0x08005d26   0x08005d26   0x00000002   PAD
    0x08005d28   0x08005d28   0x00000034   Code   RO          131    .text.__cxx_global_var_init  thread.o
    0x08005d5c   0x08005d5c   0x00000004   PAD
    0x08005d60   0x08005d60   0x00000034   Code   RO          133    .text.__cxx_global_var_init.1  thread.o
    0x08005d94   0x08005d94   0x00000004   PAD
    0x08005d98   0x08005d98   0x00000020   Code   RO          237    .text._mutex_initialize  rtx_lib.o
    0x08005db8   0x08005db8   0x00000004   Code   RO          233    .text._platform_post_stackheap_init  rtx_lib.o
    0x08005dbc   0x08005dbc   0x00000004   PAD
    0x08005dc0   0x08005dc0   0x000003ce   Code   RO           21    .text.main          main.o
    0x0800618e   0x0800618e   0x00000002   PAD
    0x08006190   0x08006190   0x00000024   Code   RO         2039    .text.osDelay       RTX_CM4F.lib(rtx_delay.o)
    0x080061b4   0x080061b4   0x00000034   Code   RO         1845    .text.osKernelGetState  RTX_CM4F.lib(rtx_kernel.o)
    0x080061e8   0x080061e8   0x00000024   Code   RO         1839    .text.osKernelInitialize  RTX_CM4F.lib(rtx_kernel.o)
    0x0800620c   0x0800620c   0x00000024   Code   RO         1849    .text.osKernelStart  RTX_CM4F.lib(rtx_kernel.o)
    0x08006230   0x08006230   0x00000024   Code   RO         2205    .text.osMemoryPoolDelete  RTX_CM4F.lib(rtx_mempool.o)
    0x08006254   0x08006254   0x00000024   Code   RO         2181    .text.osMemoryPoolNew  RTX_CM4F.lib(rtx_mempool.o)
    0x08006278   0x08006278   0x00000024   Code   RO         2256    .text.osMessageQueueDelete  RTX_CM4F.lib(rtx_msgqueue.o)
    0x0800629c   0x0800629c   0x00000070   Code   RO         2236    .text.osMessageQueueGet  RTX_CM4F.lib(rtx_msgqueue.o)
    0x0800630c   0x0800630c   0x00000024   Code   RO         2230    .text.osMessageQueueNew  RTX_CM4F.lib(rtx_msgqueue.o)
    0x08006330   0x08006330   0x00000080   Code   RO         2234    .text.osMessageQueuePut  RTX_CM4F.lib(rtx_msgqueue.o)
    0x080063b0   0x080063b0   0x00000024   Code   RO         2103    .text.osMutexNew    RTX_CM4F.lib(rtx_mutex.o)
    0x080063d4   0x080063d4   0x00000004   PAD
    0x080063d8   0x080063d8   0x00000002   Code   RO          271    .text.osRtxErrorNotify  rtx_config.o
    0x080063da   0x080063da   0x00000006   PAD
    0x080063e0   0x080063e0   0x00000002   Code   RO          269    .text.osRtxIdleThread  rtx_config.o
    0x080063e2   0x080063e2   0x00000080   Code   RO         2597    .text.osRtxMemoryAlloc  RTX_CM4F.lib(rtx_memory.o)
    0x08006462   0x08006462   0x00000052   Code   RO         2599    .text.osRtxMemoryFree  RTX_CM4F.lib(rtx_memory.o)
    0x080064b4   0x080064b4   0x00000036   Code   RO         2595    .text.osRtxMemoryInit  RTX_CM4F.lib(rtx_memory.o)
    0x080064ea   0x080064ea   0x0000004a   Code   RO         2177    .text.osRtxMemoryPoolAlloc  RTX_CM4F.lib(rtx_mempool.o)
    0x08006534   0x08006534   0x00000056   Code   RO         2179    .text.osRtxMemoryPoolFree  RTX_CM4F.lib(rtx_mempool.o)
    0x0800658a   0x0800658a   0x00000054   Code   RO         2175    .text.osRtxMemoryPoolInit  RTX_CM4F.lib(rtx_mempool.o)
    0x080065de   0x080065de   0x0000002c   Code   RO         2209    .text.osRtxMemoryPoolPostProcess  RTX_CM4F.lib(rtx_mempool.o)
    0x0800660a   0x0800660a   0x000000d6   Code   RO         2260    .text.osRtxMessageQueuePostProcess  RTX_CM4F.lib(rtx_msgqueue.o)
    0x080066e0   0x080066e0   0x00000044   Code   RO         2101    .text.osRtxMutexOwnerRelease  RTX_CM4F.lib(rtx_mutex.o)
    0x08006724   0x08006724   0x0000008c   Code   RO         2614    .text.osRtxPendSV_Handler  RTX_CM4F.lib(rtx_system.o)
    0x080067b0   0x080067b0   0x00000070   Code   RO         2616    .text.osRtxPostProcess  RTX_CM4F.lib(rtx_system.o)
    0x08006820   0x08006820   0x0000003e   Code   RO         2154    .text.osRtxSemaphorePostProcess  RTX_CM4F.lib(rtx_semaphore.o)
    0x0800685e   0x0800685e   0x00000002   PAD
    0x08006860   0x08006860   0x00000038   Code   RO         1924    .text.osRtxThreadBlock  RTX_CM4F.lib(rtx_thread.o)
    0x08006898   0x08006898   0x00000090   Code   RO         1932    .text.osRtxThreadDelayInsert  RTX_CM4F.lib(rtx_thread.o)
    0x08006928   0x08006928   0x00000054   Code   RO         1928    .text.osRtxThreadDelayRemove  RTX_CM4F.lib(rtx_thread.o)
    0x0800697c   0x0800697c   0x00000034   Code   RO         1914    .text.osRtxThreadDelayTick  RTX_CM4F.lib(rtx_thread.o)
    0x080069b0   0x080069b0   0x0000005c   Code   RO         1922    .text.osRtxThreadDispatch  RTX_CM4F.lib(rtx_thread.o)
    0x08006a0c   0x08006a0c   0x00000054   Code   RO         2008    .text.osRtxThreadFree  RTX_CM4F.lib(rtx_thread.o)
    0x08006a60   0x08006a60   0x00000016   Code   RO         1906    .text.osRtxThreadListGet  RTX_CM4F.lib(rtx_thread.o)
    0x08006a76   0x08006a76   0x00000038   Code   RO         1904    .text.osRtxThreadListPut  RTX_CM4F.lib(rtx_thread.o)
    0x08006aae   0x08006aae   0x00000014   Code   RO         1910    .text.osRtxThreadListRemove  RTX_CM4F.lib(rtx_thread.o)
    0x08006ac2   0x08006ac2   0x0000002a   Code   RO         1980    .text.osRtxThreadPostProcess  RTX_CM4F.lib(rtx_thread.o)
    0x08006aec   0x08006aec   0x00000014   Code   RO         1912    .text.osRtxThreadReadyPut  RTX_CM4F.lib(rtx_thread.o)
    0x08006b00   0x08006b00   0x00000014   Code   RO         1916    .text.osRtxThreadRegPtr  RTX_CM4F.lib(rtx_thread.o)
    0x08006b14   0x08006b14   0x00000024   Code   RO         1920    .text.osRtxThreadStackCheck  RTX_CM4F.lib(rtx_thread.o)
    0x08006b38   0x08006b38   0x00000054   Code   RO         1934    .text.osRtxThreadStartup  RTX_CM4F.lib(rtx_thread.o)
    0x08006b8c   0x08006b8c   0x0000000c   Code   RO         1918    .text.osRtxThreadSwitch  RTX_CM4F.lib(rtx_thread.o)
    0x08006b98   0x08006b98   0x00000038   Code   RO         1930    .text.osRtxThreadWaitEnter  RTX_CM4F.lib(rtx_thread.o)
    0x08006bd0   0x08006bd0   0x00000032   Code   RO         1926    .text.osRtxThreadWaitExit  RTX_CM4F.lib(rtx_thread.o)
    0x08006c02   0x08006c02   0x00000002   PAD
    0x08006c04   0x08006c04   0x00000070   Code   RO         2612    .text.osRtxTick_Handler  RTX_CM4F.lib(rtx_system.o)
    0x08006c74   0x08006c74   0x00000040   Code   RO         2058    .text.osRtxTimerThread  RTX_CM4F.lib(rtx_timer.o)
    0x08006cb4   0x08006cb4   0x00000058   Code   RO         2060    .text.osRtxTimerTick  RTX_CM4F.lib(rtx_timer.o)
    0x08006d0c   0x08006d0c   0x00000024   Code   RO         2138    .text.osSemaphoreNew  RTX_CM4F.lib(rtx_semaphore.o)
    0x08006d30   0x08006d30   0x0000000c   Code   RO         1964    .text.osThreadExit  RTX_CM4F.lib(rtx_thread.o)
    0x08006d3c   0x08006d3c   0x00000024   Code   RO         1938    .text.osThreadNew   RTX_CM4F.lib(rtx_thread.o)
    0x08006d60   0x08006d60   0x00000014   Code   RO         2043    .text.svcRtxDelay   RTX_CM4F.lib(rtx_delay.o)
    0x08006d74   0x08006d74   0x0000000c   Code   RO         1847    .text.svcRtxKernelGetState  RTX_CM4F.lib(rtx_kernel.o)
    0x08006d80   0x08006d80   0x00000178   Code   RO         1877    .text.svcRtxKernelInitialize  RTX_CM4F.lib(rtx_kernel.o)
    0x08006ef8   0x08006ef8   0x0000008c   Code   RO         1879    .text.svcRtxKernelStart  RTX_CM4F.lib(rtx_kernel.o)
    0x08006f84   0x08006f84   0x00000078   Code   RO         2217    .text.svcRtxMemoryPoolDelete  RTX_CM4F.lib(rtx_mempool.o)
    0x08006ffc   0x08006ffc   0x0000011c   Code   RO         2207    .text.svcRtxMemoryPoolNew  RTX_CM4F.lib(rtx_mempool.o)
    0x08007118   0x08007118   0x00000078   Code   RO         2276    .text.svcRtxMessageQueueDelete  RTX_CM4F.lib(rtx_msgqueue.o)
    0x08007190   0x08007190   0x000000f0   Code   RO         2272    .text.svcRtxMessageQueueGet  RTX_CM4F.lib(rtx_msgqueue.o)
    0x08007280   0x08007280   0x00000138   Code   RO         2258    .text.svcRtxMessageQueueNew  RTX_CM4F.lib(rtx_msgqueue.o)
    0x080073b8   0x080073b8   0x000000c8   Code   RO         2268    .text.svcRtxMessageQueuePut  RTX_CM4F.lib(rtx_msgqueue.o)
    0x08007480   0x08007480   0x0000006c   Code   RO         2115    .text.svcRtxMutexNew  RTX_CM4F.lib(rtx_mutex.o)
    0x080074ec   0x080074ec   0x00000080   Code   RO         2152    .text.svcRtxSemaphoreNew  RTX_CM4F.lib(rtx_semaphore.o)
    0x0800756c   0x0800756c   0x00000068   Code   RO         2012    .text.svcRtxThreadExit  RTX_CM4F.lib(rtx_thread.o)
    0x080075d4   0x080075d4   0x000001e0   Code   RO         1936    .text.svcRtxThreadNew  RTX_CM4F.lib(rtx_thread.o)
    0x080077b4   0x080077b4   0x0000000a   Code   RO         3347    x$fpl$fpinit        g_wv.l(fpinit.o)
    0x080077be   0x080077be   0x00000002   PAD
    0x080077c0   0x080077c0   0x000000a0   Data   RO          249    .rodata             rtx_lib.o
    0x08007860   0x08007860   0x00000010   Data   RO          957    .rodata.D1CorePrescTable  system_stm32h7xx.o
    0x08007870   0x08007870   0x00000018   Data   RO         1575    .rodata.UARTPrescTable  stm32h7xx_hal_uart.o
    0x08007888   0x08007888   0x00000030   Data   RO         1368    .rodata.cst16       stm32h7xx_hal_tim.o
    0x080078b8   0x080078b8   0x00000008   Data   RO          993    .rodata.cst8        stm32h7xx_hal_dma.o
    0x080078c0   0x080078c0   0x00000004   Data   RO          251    .rodata.osRtxUserSVC  rtx_lib.o
    0x080078c4   0x080078c4   0x00000024   Data   RO          246    .rodata.os_idle_thread_attr  rtx_lib.o
    0x080078e8   0x080078e8   0x00000018   Data   RO          248    .rodata.os_timer_mq_attr  rtx_lib.o
    0x08007900   0x08007900   0x00000024   Data   RO          247    .rodata.os_timer_thread_attr  rtx_lib.o
    0x08007924   0x08007924   0x00000059   Data   RO         1630    .rodata.str1.1      stm32h7xx_hal_msp.o
    0x0800797d   0x0800797d   0x00000003   PAD
    0x08007980   0x08007980   0x0000000b   Data   RO         1891    .rodata.str1.4      RTX_CM4F.lib(rtx_kernel.o)
    0x0800798b   0x0800798b   0x00000001   PAD
    0x0800798c   0x0800798c   0x00000020   Data   RO         3506    Region$$Table       anon$$obj.o
    0x080079ac   0x080079ac   0x00000004   Data   RO          155    .init_array         thread.o
    0x080079b0   0x080079ac   0x00000000   Data   RO         3060    .init_array         c_w.l(init_aeabi.o)


    Execution Region RW_IRAM1 (Exec base: 0x20000000, Load base: 0x080079b0, Size: 0x00000000, Max: 0x00020000, ABSOLUTE)

    **** No section assigned to this execution region ****


    Execution Region RW_IRAM2 (Exec base: 0x24000000, Load base: 0x080079b0, Size: 0x0000aab0, Max: 0x00080000, ABSOLUTE)

    Exec Addr    Load Addr    Size         Type   Attr      Idx    E Section Name        Object

    0x24000000   0x080079b0   0x00000008   Data   RW          470    .data..L_MergedGlobals  stm32h7xx_hal.o
    0x24000008   0x080079b8   0x00000004   Data   RW          955    .data.SystemCoreClock  system_stm32h7xx.o
    0x2400000c   0x080079bc   0x00000004   Data   RW          956    .data.SystemD2Clock  system_stm32h7xx.o
    0x24000010   0x080079c0   0x000000a4   Data   RW         1892    .data.os            RTX_CM4F.lib(rtx_kernel.o)
    0x240000b4   0x08007a64   0x0000000c   PAD
    0x240000c0        -       0x00000060   Zero   RW         3351    .bss                c_w.l(libspace.o)
    0x24000120        -       0x00000074   Zero   RW           38    .bss..L_MergedGlobals  main.o
    0x24000194   0x08007a64   0x0000000c   PAD
    0x240001a0        -       0x0000004c   Zero   RW           39    .bss..L_MergedGlobals.1  main.o
    0x240001ec   0x08007a64   0x00000004   PAD
    0x240001f0        -       0x00000068   Zero   RW           40    .bss..L_MergedGlobals.2  main.o
    0x24000258        -       0x00000001   Zero   RW         2647    .bss.PendST         RTX_CM4F.lib(os_systick.o)
    0x24000259   0x08007a64   0x00000003   PAD
    0x2400025c        -       0x00000010   Zero   RW          154    .bss.fifoeth        thread.o
    0x2400026c        -       0x00000010   Zero   RW          153    .bss.fifoqspi       thread.o
    0x2400027c        -       0x00000078   Zero   RW           30    .bss.hdma_tim1_ch3  main.o
    0x240002f4        -       0x00000078   Zero   RW           32    .bss.hdma_uart4_rx  main.o
    0x2400036c        -       0x00000078   Zero   RW           33    .bss.hdma_uart4_tx  main.o
    0x240003e4        -       0x0000006c   Zero   RW           29    .bss.hmdma_quadspi_fifo_th  main.o
    0x24000450        -       0x00000040   Zero   RW            9    .bss.htim7          stm32h7xx_hal_timebase_tim.o
    0x24000490        -       0x00000080   Zero   RW           31    .bss.huart4         main.o
    0x24000510        -       0x00009c80   Zero   RW          245    .bss.os             rtx_lib.o
    0x2400a190        -       0x00000034   Zero   RW          255    .bss.os.msgqueue.cb  rtx_lib.o
    0x2400a1c4        -       0x00000050   Zero   RW          256    .bss.os.msgqueue.mem  rtx_lib.o
    0x2400a214        -       0x00000088   Zero   RW          253    .bss.os.thread.cb   rtx_lib.o
    0x2400a29c   0x08007a64   0x00000004   PAD
    0x2400a2a0        -       0x00000200   Zero   RW          254    .bss.os.thread.stack  rtx_lib.o
    0x2400a4a0        -       0x00000004   Zero   RW          151    .bss.tid_Thread     thread.o
    0x2400a4a4        -       0x00000004   Zero   RW          152    .bss.uartTx_id      thread.o
    0x2400a4a8        -       0x00000004   Zero   RW          469    .bss.uwTick         stm32h7xx_hal.o
    0x2400a4ac   0x08007a64   0x00000004   PAD
    0x2400a4b0        -       0x00000200   Zero   RW          942    HEAP                startup_stm32h743xx.o
    0x2400a6b0        -       0x00000400   Zero   RW          941    STACK               startup_stm32h743xx.o



  Load Region LR$$.ARM.__at_0x30040000 (Base: 0x30040000, Size: 0x00000060, Max: 0x00000060, ABSOLUTE)

    Execution Region ER$$.ARM.__at_0x30040000 (Exec base: 0x30040000, Load base: 0x30040000, Size: 0x00000060, Max: 0x00000060, ABSOLUTE, UNINIT)

    Exec Addr    Load Addr    Size         Type   Attr      Idx    E Section Name        Object

    0x30040000   0x30040000   0x00000060   Data   RW           34    .ARM.__at_0x30040000  main.o



  Load Region LR$$.ARM.__at_0x30040060 (Base: 0x30040060, Size: 0x00000060, Max: 0x00000060, ABSOLUTE)

    Execution Region ER$$.ARM.__at_0x30040060 (Exec base: 0x30040060, Load base: 0x30040060, Size: 0x00000060, Max: 0x00000060, ABSOLUTE, UNINIT)

    Exec Addr    Load Addr    Size         Type   Attr      Idx    E Section Name        Object

    0x30040060   0x30040060   0x00000060   Data   RW           35    .ARM.__at_0x30040060  main.o



  Load Region LR$$.ARM.__at_0x30040200 (Base: 0x30040200, Size: 0x000017e0, Max: 0x000017e0, ABSOLUTE)

    Execution Region ER$$.ARM.__at_0x30040200 (Exec base: 0x30040200, Load base: 0x30040200, Size: 0x000017e0, Max: 0x000017e0, ABSOLUTE, UNINIT)

    Exec Addr    Load Addr    Size         Type   Attr      Idx    E Section Name        Object

    0x30040200   0x30040200   0x000017e0   Data   RW           36    .ARM.__at_0x30040200  main.o



  Load Region LR$$.ARM.__AT_0x30042000 (Base: 0x30042000, Size: 0x000017e0, Max: 0x000017e0, ABSOLUTE)

    Execution Region ER$$.ARM.__AT_0x30042000 (Exec base: 0x30042000, Load base: 0x30042000, Size: 0x000017e0, Max: 0x000017e0, ABSOLUTE, UNINIT)

    Exec Addr    Load Addr    Size         Type   Attr      Idx    E Section Name        Object

    0x30042000   0x30042000   0x000017e0   Data   RW          357    .ARM.__AT_0x30042000  emac_stm32h7xx.o


==============================================================================

Image component sizes


      Code (inc. data)   RO Data    RW Data    ZI Data      Debug   Object Name

         0          0          0       6112          0      18885   emac_stm32h7xx.o
      1218          0          0       6304        892      30038   main.o
       228          0          0          0          0       6048   multififo.o
        56          0          0          0          0      18057   pwmouter.o
         4          0          0          0          0        827   rtx_config.o
        36          0        260          0      40844       8091   rtx_lib.o
        64         26        664          0       1536        856   startup_stm32h743xx.o
        88          0          0          8          4      15890   stm32h7xx_hal.o
       234          0          0          0          0      12440   stm32h7xx_hal_cortex.o
      1790          4          8          0          0      12718   stm32h7xx_hal_dma.o
      1248          0          0          0          0      29118   stm32h7xx_hal_eth.o
       442          0          0          0          0       7440   stm32h7xx_hal_gpio.o
       300          0          0          0          0      13310   stm32h7xx_hal_mdma.o
      1096          0         89          0          0      22339   stm32h7xx_hal_msp.o
       988          0          0          0          0      20300   stm32h7xx_hal_qspi.o
      2370          4          0          0          0      10650   stm32h7xx_hal_rcc.o
      4702        166          0          0          0      20424   stm32h7xx_hal_rcc_ex.o
      2290         12         48          0          0      51149   stm32h7xx_hal_tim.o
       250          0          0          0          0      18989   stm32h7xx_hal_tim_ex.o
       144          0          0          0         64      10098   stm32h7xx_hal_timebase_tim.o
      3402        492         24          0          0      25080   stm32h7xx_hal_uart.o
         2          0          0          0          0       6943   stm32h7xx_hal_uart_ex.o
       122          0          0          0          0       1558   stm32h7xx_it.o
       108          0         16          8          0       4590   system_stm32h7xx.o
       242          0          4          0         40      19002   thread.o

    ----------------------------------------------------------------------
     21802        716       1148      12432      43404     384840   Object Totals
         0          0         32          0          0          0   (incl. Generated)
       378         12          3          0         24          0   (incl. Padding)

    ----------------------------------------------------------------------

      Code (inc. data)   RO Data    RW Data    ZI Data      Debug   Library Member Name

       196         12          0          0          0        540   irq_cm4f.o
       114         20          0          0          1       3578   os_systick.o
        56          4          0          0          0       3088   rtx_delay.o
       652         48         11        164          0      18714   rtx_kernel.o
       264          0          0          0          0       2707   rtx_memory.o
       764         20          0          0          0      15835   rtx_mempool.o
      1606         32          0          0          0      18606   rtx_msgqueue.o
       212          8          0          0          0      10258   rtx_mutex.o
       226          8          0          0          0      11844   rtx_semaphore.o
       364         16          0          0          0       5544   rtx_system.o
      1668         56          0          0          0      33996   rtx_thread.o
       232         16          0          0          0      10983   rtx_timer.o
         8          0          0          0          0         68   __main.o
         0          0          0          0          0          0   __rtentry.o
        20          0          0          0          0          0   __rtentry2.o
         6          0          0          0          0          0   __rtentry4.o
        52          8          0          0          0          0   __scatter.o
        26          0          0          0          0          0   __scatter_copy.o
        28          0          0          0          0          0   __scatter_zi.o
        46          0          0          0          0         84   aeabi_atexit.o
        10          0          0          0          0         68   cxa_atexit.o
        66          0          0          0          0         84   cxa_finalize.o
        10          0          0          0          0         68   defsig_exit.o
        50          0          0          0          0         88   defsig_general.o
        80         58          0          0          0         76   defsig_rtmem_inner.o
        14          0          0          0          0         80   defsig_rtmem_outer.o
        18          0          0          0          0         80   exit.o
       158          0          0          0          0        128   h1_alloc_mt.o
        62          0          0          0          0         80   h1_extend_mt.o
        10          0          0          0          0         76   h1_final_mt.o
       118          0          0          0          0        108   h1_free_mt.o
        18          0          0          0          0         84   h1_init_mt.o
         6          0          0          0          0        152   heapauxi.o
         4          0          0          0          0        136   hguard.o
         0          0          0          0          0          0   indicate_semi.o
        36         10          0          0          0         80   init_aeabi.o
       138          0          0          0          0        168   init_alloc.o
         2          0          0          0          0          0   libinit.o
        18          0          0          0          0          0   libinit2.o
         2          0          0          0          0          0   libshutdown.o
        12          0          0          0          0          0   libshutdown2.o
         8          4          0          0         96         68   libspace.o
       238          0          0          0          0        100   lludivv7m.o
         0          0          0          0          0          0   maybetermalloc2.o
        10          0          0          0          0         76   rt_ddtor_pointer_addr_twolibspace.o
        10          0          0          0          0         76   rt_heap_descriptor_twolibspace.o
        68          0          0          0          0         68   rt_memclr.o
        78          0          0          0          0         80   rt_memclr_w.o
       138          0          0          0          0         68   rt_memcpy_v6.o
       100          0          0          0          0         80   rt_memcpy_w.o
         2          0          0          0          0          0   rtexit.o
        10          0          0          0          0          0   rtexit2.o
        12          4          0          0          0         68   sys_exit.o
        74          0          0          0          0         80   sys_stackheap_outer.o
        14          0          0          0          0         76   sys_wrch.o
        16          0          0          0          0         80   term_alloc.o
         2          0          0          0          0         68   use_no_semi.o
        10          0          0          0          0        116   fpinit.o

    ----------------------------------------------------------------------
      8190        328         12        164        112     138505   Library Totals
        28          4          1          0         15          0   (incl. Padding)

    ----------------------------------------------------------------------

      Code (inc. data)   RO Data    RW Data    ZI Data      Debug   Library Name

      6354        240         11        164          1     135693   RTX_CM4F.lib
      1798         84          0          0         96       2696   c_w.l
        10          0          0          0          0        116   g_wv.l

    ----------------------------------------------------------------------
      8190        328         12        164        112     138505   Library Totals

    ----------------------------------------------------------------------

==============================================================================


      Code (inc. data)   RO Data    RW Data    ZI Data      Debug   

     29992       1044       1160      12596      43516     521261   Grand Totals
     29992       1044       1160      12596      43516     521261   ELF Image Totals
     29992       1044       1160      12596          0          0   ROM Totals

==============================================================================

    Total RO  Size (Code + RO Data)                31152 (  30.42kB)
    Total RW  Size (RW Data + ZI Data)             56112 (  54.80kB)
    Total ROM Size (Code + RO Data + RW Data)      43748 (  42.72kB)

==============================================================================

