Component: ARM Compiler 5.06 update 6 (build 750) Tool: armlink [4d35ed]

==============================================================================

Section Cross References

    main.o(i.MX_DMA_Init) refers to stm32h7xx_hal_cortex.o(i.HAL_NVIC_SetPriority) for HAL_NVIC_SetPriority
    main.o(i.MX_DMA_Init) refers to stm32h7xx_hal_cortex.o(i.HAL_NVIC_EnableIRQ) for HAL_NVIC_EnableIRQ
    main.o(i.MX_ETH_Init) refers to stm32h7xx_hal_eth.o(i.HAL_ETH_Init) for HAL_ETH_Init
    main.o(i.MX_ETH_Init) refers to main.o(i._Error_Handler) for _Error_Handler
    main.o(i.MX_ETH_Init) refers to rt_memclr_w.o(.text) for __aeabi_memclr4
    main.o(i.MX_ETH_Init) refers to main.o(.bss) for heth
    main.o(i.MX_ETH_Init) refers to main.o(.ARM.__AT_0x30040060) for DMATxDscrTab
    main.o(i.MX_ETH_Init) refers to main.o(.ARM.__AT_0x30040000) for DMARxDscrTab
    main.o(i.MX_GPIO_Init) refers to stm32h7xx_hal_gpio.o(i.HAL_GPIO_WritePin) for HAL_GPIO_WritePin
    main.o(i.MX_GPIO_Init) refers to stm32h7xx_hal_gpio.o(i.HAL_GPIO_Init) for HAL_GPIO_Init
    main.o(i.MX_QUADSPI_Init) refers to stm32h7xx_hal_qspi.o(i.HAL_QSPI_Init) for HAL_QSPI_Init
    main.o(i.MX_QUADSPI_Init) refers to main.o(i._Error_Handler) for _Error_Handler
    main.o(i.MX_QUADSPI_Init) refers to main.o(.bss) for hqspi
    main.o(i.MX_TIM1_Init) refers to stm32h7xx_hal_tim.o(i.HAL_TIM_PWM_Init) for HAL_TIM_PWM_Init
    main.o(i.MX_TIM1_Init) refers to main.o(i._Error_Handler) for _Error_Handler
    main.o(i.MX_TIM1_Init) refers to stm32h7xx_hal_tim_ex.o(i.HAL_TIMEx_MasterConfigSynchronization) for HAL_TIMEx_MasterConfigSynchronization
    main.o(i.MX_TIM1_Init) refers to stm32h7xx_hal_tim.o(i.HAL_TIM_PWM_ConfigChannel) for HAL_TIM_PWM_ConfigChannel
    main.o(i.MX_TIM1_Init) refers to stm32h7xx_hal_tim_ex.o(i.HAL_TIMEx_ConfigBreakDeadTime) for HAL_TIMEx_ConfigBreakDeadTime
    main.o(i.MX_TIM1_Init) refers to stm32h7xx_hal_msp.o(i.HAL_TIM_MspPostInit) for HAL_TIM_MspPostInit
    main.o(i.MX_TIM1_Init) refers to main.o(.bss) for htim1
    main.o(i.MX_UART4_Init) refers to stm32h7xx_hal_uart.o(i.HAL_UART_Init) for HAL_UART_Init
    main.o(i.MX_UART4_Init) refers to main.o(i._Error_Handler) for _Error_Handler
    main.o(i.MX_UART4_Init) refers to main.o(.bss) for huart4
    main.o(i.SystemClock_Config) refers to stm32h7xx_hal_rcc.o(i.HAL_RCC_OscConfig) for HAL_RCC_OscConfig
    main.o(i.SystemClock_Config) refers to main.o(i._Error_Handler) for _Error_Handler
    main.o(i.SystemClock_Config) refers to stm32h7xx_hal_rcc.o(i.HAL_RCC_ClockConfig) for HAL_RCC_ClockConfig
    main.o(i.SystemClock_Config) refers to stm32h7xx_hal_rcc_ex.o(i.HAL_RCCEx_PeriphCLKConfig) for HAL_RCCEx_PeriphCLKConfig
    main.o(i.SystemClock_Config) refers to stm32h7xx_hal_cortex.o(i.HAL_SYSTICK_Config) for HAL_SYSTICK_Config
    main.o(i.SystemClock_Config) refers to stm32h7xx_hal_cortex.o(i.HAL_SYSTICK_CLKSourceConfig) for HAL_SYSTICK_CLKSourceConfig
    main.o(i.SystemClock_Config) refers to stm32h7xx_hal_cortex.o(i.HAL_NVIC_SetPriority) for HAL_NVIC_SetPriority
    main.o(i.SystemClock_Config) refers to system_stm32h7xx.o(.data) for SystemCoreClock
    main.o(i.main) refers to main.o(i.SCB_EnableICache) for SCB_EnableICache
    main.o(i.main) refers to main.o(i.SCB_EnableDCache) for SCB_EnableDCache
    main.o(i.main) refers to stm32h7xx_hal.o(i.HAL_Init) for HAL_Init
    main.o(i.main) refers to main.o(i.SystemClock_Config) for SystemClock_Config
    main.o(i.main) refers to main.o(i.MX_GPIO_Init) for MX_GPIO_Init
    main.o(i.main) refers to main.o(i.MX_DMA_Init) for MX_DMA_Init
    main.o(i.main) refers to main.o(i.MX_MDMA_Init) for MX_MDMA_Init
    main.o(i.main) refers to main.o(i.MX_ETH_Init) for MX_ETH_Init
    main.o(i.main) refers to main.o(i.MX_UART4_Init) for MX_UART4_Init
    main.o(i.main) refers to main.o(i.MX_TIM1_Init) for MX_TIM1_Init
    main.o(i.main) refers to main.o(i.MX_QUADSPI_Init) for MX_QUADSPI_Init
    stm32h7xx_it.o(i.DMA1_Stream0_IRQHandler) refers to stm32h7xx_hal_dma.o(i.HAL_DMA_IRQHandler) for HAL_DMA_IRQHandler
    stm32h7xx_it.o(i.DMA1_Stream0_IRQHandler) refers to main.o(.bss) for hdma_uart4_rx
    stm32h7xx_it.o(i.DMA1_Stream1_IRQHandler) refers to stm32h7xx_hal_dma.o(i.HAL_DMA_IRQHandler) for HAL_DMA_IRQHandler
    stm32h7xx_it.o(i.DMA1_Stream1_IRQHandler) refers to main.o(.bss) for hdma_uart4_tx
    stm32h7xx_it.o(i.DMA1_Stream2_IRQHandler) refers to stm32h7xx_hal_dma.o(i.HAL_DMA_IRQHandler) for HAL_DMA_IRQHandler
    stm32h7xx_it.o(i.DMA1_Stream2_IRQHandler) refers to main.o(.bss) for hdma_tim1_ch3
    stm32h7xx_it.o(i.QUADSPI_IRQHandler) refers to stm32h7xx_hal_qspi.o(i.HAL_QSPI_IRQHandler) for HAL_QSPI_IRQHandler
    stm32h7xx_it.o(i.QUADSPI_IRQHandler) refers to main.o(.bss) for hqspi
    stm32h7xx_it.o(i.TIM1_BRK_IRQHandler) refers to stm32h7xx_hal_tim.o(i.HAL_TIM_IRQHandler) for HAL_TIM_IRQHandler
    stm32h7xx_it.o(i.TIM1_BRK_IRQHandler) refers to main.o(.bss) for htim1
[...]
    i.MX_DMA_Init                            0x080051a4   Section        0  main.o(i.MX_DMA_Init)
    MX_DMA_Init                              0x080051a5   Thumb Code    80  main.o(i.MX_DMA_Init)
    i.MX_ETH_Init                            0x080051f8   Section        0  main.o(i.MX_ETH_Init)
    MX_ETH_Init                              0x080051f9   Thumb Code   106  main.o(i.MX_ETH_Init)
    i.MX_GPIO_Init                           0x080052ac   Section        0  main.o(i.MX_GPIO_Init)
    MX_GPIO_Init                             0x080052ad   Thumb Code   250  main.o(i.MX_GPIO_Init)
    i.MX_MDMA_Init                           0x080053b8   Section        0  main.o(i.MX_MDMA_Init)
    MX_MDMA_Init                             0x080053b9   Thumb Code    32  main.o(i.MX_MDMA_Init)
    i.MX_QUADSPI_Init                        0x080053dc   Section        0  main.o(i.MX_QUADSPI_Init)
    MX_QUADSPI_Init                          0x080053dd   Thumb Code    54  main.o(i.MX_QUADSPI_Init)
    i.MX_TIM1_Init                           0x08005450   Section        0  main.o(i.MX_TIM1_Init)
    MX_TIM1_Init                             0x08005451   Thumb Code   186  main.o(i.MX_TIM1_Init)
    i.MX_UART4_Init                          0x08005548   Section        0  main.o(i.MX_UART4_Init)
    MX_UART4_Init                            0x08005549   Thumb Code    78  main.o(i.MX_UART4_Init)
    i.QSPI_DMAAbortCplt                      0x080055d8   Section        0  stm32h7xx_hal_qspi.o(i.QSPI_DMAAbortCplt)
    QSPI_DMAAbortCplt                        0x080055d9   Thumb Code    66  stm32h7xx_hal_qspi.o(i.QSPI_DMAAbortCplt)
    i.QSPI_WaitFlagStateUntilTimeout         0x0800561a   Section        0  stm32h7xx_hal_qspi.o(i.QSPI_WaitFlagStateUntilTimeout)
    QSPI_WaitFlagStateUntilTimeout           0x0800561b   Thumb Code    76  stm32h7xx_hal_qspi.o(i.QSPI_WaitFlagStateUntilTimeout)
    i.QUADSPI_IRQHandler                     0x08005668   Section        0  stm32h7xx_it.o(i.QUADSPI_IRQHandler)
    i.RCCEx_PLL2_Config                      0x08005678   Section        0  stm32h7xx_hal_rcc_ex.o(i.RCCEx_PLL2_Config)
    RCCEx_PLL2_Config                        0x08005679   Thumb Code   244  stm32h7xx_hal_rcc_ex.o(i.RCCEx_PLL2_Config)
    i.RCCEx_PLL3_Config                      0x08005770   Section        0  stm32h7xx_hal_rcc_ex.o(i.RCCEx_PLL3_Config)
    RCCEx_PLL3_Config                        0x08005771   Thumb Code   244  stm32h7xx_hal_rcc_ex.o(i.RCCEx_PLL3_Config)
    i.SCB_EnableDCache                       0x08005868   Section        0  main.o(i.SCB_EnableDCache)
    SCB_EnableDCache                         0x08005869   Thumb Code   148  main.o(i.SCB_EnableDCache)
    i.SCB_EnableICache                       0x08005904   Section        0  main.o(i.SCB_EnableICache)
    SCB_EnableICache                         0x08005905   Thumb Code   116  main.o(i.SCB_EnableICache)
    i.SystemClock_Config                     0x08005980   Section        0  main.o(i.SystemClock_Config)
    i.SystemInit                             0x08005ab0   Section        0  system_stm32h7xx.o(i.SystemInit)
    i.TIM1_BRK_IRQHandler                    0x08005b44   Section        0  stm32h7xx_it.o(i.TIM1_BRK_IRQHandler)
    i.TIM1_CC_IRQHandler                     0x08005b54   Section        0  stm32h7xx_it.o(i.TIM1_CC_IRQHandler)
    i.TIM1_TRG_COM_IRQHandler                0x08005b64   Section        0  stm32h7xx_it.o(i.TIM1_TRG_COM_IRQHandler)
    i.TIM1_UP_IRQHandler                     0x08005b74   Section        0  stm32h7xx_it.o(i.TIM1_UP_IRQHandler)
    i.TIM_Base_SetConfig                     0x08005b84   Section        0  stm32h7xx_hal_tim.o(i.TIM_Base_SetConfig)
    i.TIM_OC1_SetConfig                      0x08005c50   Section        0  stm32h7xx_hal_tim.o(i.TIM_OC1_SetConfig)
    i.TIM_OC2_SetConfig                      0x08005d00   Section        0  stm32h7xx_hal_tim.o(i.TIM_OC2_SetConfig)
    i.TIM_OC3_SetConfig                      0x08005dbc   Section        0  stm32h7xx_hal_tim.o(i.TIM_OC3_SetConfig)
    i.TIM_OC4_SetConfig                      0x08005e70   Section        0  stm32h7xx_hal_tim.o(i.TIM_OC4_SetConfig)
    i.TIM_OC5_SetConfig                      0x08005ee8   Section        0  stm32h7xx_hal_tim.o(i.TIM_OC5_SetConfig)
    TIM_OC5_SetConfig                        0x08005ee9   Thumb Code    92  stm32h7xx_hal_tim.o(i.TIM_OC5_SetConfig)
    i.TIM_OC6_SetConfig                      0x08005f58   Section        0  stm32h7xx_hal_tim.o(i.TIM_OC6_SetConfig)
    TIM_OC6_SetConfig                        0x08005f59   Thumb Code    94  stm32h7xx_hal_tim.o(i.TIM_OC6_SetConfig)
    i.UART4_IRQHandler                       0x08005fcc   Section        0  stm32h7xx_it.o(i.UART4_IRQHandler)
    i.UART_AdvFeatureConfig                  0x08005fdc   Section        0  stm32h7xx_hal_uart.o(i.UART_AdvFeatureConfig)
    i.UART_CheckIdleState                    0x080060c6   Section        0  stm32h7xx_hal_uart.o(i.UART_CheckIdleState)
    i.UART_DMAAbortOnError                   0x0800613a   Section        0  stm32h7xx_hal_uart.o(i.UART_DMAAbortOnError)
    UART_DMAAbortOnError                     0x0800613b   Thumb Code    24  stm32h7xx_hal_uart.o(i.UART_DMAAbortOnError)
    i.UART_EndRxTransfer                     0x08006152   Section        0  stm32h7xx_hal_uart.o(i.UART_EndRxTransfer)
    UART_EndRxTransfer                       0x08006153   Thumb Code    32  stm32h7xx_hal_uart.o(i.UART_EndRxTransfer)
    i.UART_EndTransmit_IT                    0x08006172   Section        0  stm32h7xx_hal_uart.o(i.UART_EndTransmit_IT)
    UART_EndTransmit_IT                      0x08006173   Thumb Code    32  stm32h7xx_hal_uart.o(i.UART_EndTransmit_IT)
    i.UART_Receive_IT                        0x08006192   Section        0  stm32h7xx_hal_uart.o(i.UART_Receive_IT)
    UART_Receive_IT                          0x08006193   Thumb Code   138  stm32h7xx_hal_uart.o(i.UART_Receive_IT)
    i.UART_SetConfig                         0x0800621c   Section        0  stm32h7xx_hal_uart.o(i.UART_SetConfig)
    i.UART_Transmit_IT                       0x08006bc0   Section        0  stm32h7xx_hal_uart.o(i.UART_Transmit_IT)
    UART_Transmit_IT                         0x08006bc1   Thumb Code   130  stm32h7xx_hal_uart.o(i.UART_Transmit_IT)
    i.UART_WaitOnFlagUntilTimeout            0x08006c42   Section        0  stm32h7xx_hal_uart.o(i.UART_WaitOnFlagUntilTimeout)
    i._Error_Handler                         0x08006cae   Section        0  main.o(i._Error_Handler)
    i.__NVIC_GetPriorityGrouping             0x08006cb4   Section        0  stm32h7xx_hal_cortex.o(i.__NVIC_GetPriorityGrouping)
    __NVIC_GetPriorityGrouping               0x08006cb5   Thumb Code    10  stm32h7xx_hal_cortex.o(i.__NVIC_GetPriorityGrouping)
    i.__NVIC_SetPriority                     0x08006cc4   Section        0  stm32h7xx_hal_cortex.o(i.__NVIC_SetPriority)
    __NVIC_SetPriority                       0x08006cc5   Thumb Code    32  stm32h7xx_hal_cortex.o(i.__NVIC_SetPriority)
    i._mutex_acquire                         0x08006cec   Section        0  rtx_lib.o(i._mutex_acquire)
    __tagsym$$used                           0x08006ced   Number         0  rtx_lib.o(i._mutex_acquire)
    i._mutex_free                            0x08006d02   Section        0  rtx_lib.o(i._mutex_free)
    __tagsym$$used                           0x08006d03   Number         0  rtx_lib.o(i._mutex_free)
    i._mutex_initialize                      0x08006d0e   Section        0  rtx_lib.o(i._mutex_initialize)
    __tagsym$$used                           0x08006d0f   Number         0  rtx_lib.o(i._mutex_initialize)
    i._mutex_release                         0x08006d30   Section        0  rtx_lib.o(i._mutex_release)
    __tagsym$$used                           0x08006d31   Number         0  rtx_lib.o(i._mutex_release)
    i._platform_post_stackheap_init          0x08006d42   Section        0  rtx_lib.o(i._platform_post_stackheap_init)
    i.main                                   0x08006d4a   Section        0  main.o(i.main)
    i.osRtxErrorNotify                       0x08006d7a   Section        0  rtx_config.o(i.osRtxErrorNotify)
    i.os_kernel_is_active                    0x08006d9c   Section        0  rtx_lib.o(i.os_kernel_is_active)
    os_kernel_is_active                      0x08006d9d   Thumb Code    28  rtx_lib.o(i.os_kernel_is_active)
    x$fpl$fpinit                             0x08006dbc   Section       10  fpinit.o(x$fpl$fpinit)
    $v0                                      0x08006dbc   Number         0  fpinit.o(x$fpl$fpinit)
    .constdata                               0x08006dc8   Section      100  rtx_lib.o(.constdata)
    os_idle_thread_attr                      0x08006dc8   Data          36  rtx_lib.o(.constdata)
    os_timer_thread_attr                     0x08006dec   Data          36  rtx_lib.o(.constdata)
    os_timer_mq_attr                         0x08006e10   Data          24  rtx_lib.o(.constdata)
    .constdata                               0x08006e2c   Section       16  system_stm32h7xx.o(.constdata)
    .constdata                               0x08006e3c   Section       32  stm32h7xx_hal_dma.o(.constdata)
    UARTPrescTable                           0x08006e3c   Data          24  stm32h7xx_hal_dma.o(.constdata)
    flagBitshiftOffset                       0x08006e54   Data           8  stm32h7xx_hal_dma.o(.constdata)
    .constdata                               0x08006e5c   Section       24  stm32h7xx_hal_uart.o(.constdata)
    UARTPrescTable                           0x08006e5c   Data          24  stm32h7xx_hal_uart.o(.constdata)
    .constdata                               0x08006e74   Section        1  irq_cm4f.o(.constdata)
    .conststring                             0x08006e78   Section       89  stm32h7xx_hal_msp.o(.conststring)
    .rodata                                  0x08006ed4   Section      104  rtx_lib.o(.rodata)
    __tagsym$$used                           0x08006ed4   Number         0  rtx_lib.o(.rodata)
    [Anonymous Symbol]                       0x08006f3c   Section        0  rtx_kernel.o(.rodata.str1.4)
    .L.str                                   0x08006f3c   Data          11  rtx_kernel.o(.rodata.str1.4)
    .bss.os                                  0x24000000   Section     4160  rtx_lib.o(.bss.os)
    os_mem                                   0x24000000   Data        4096  rtx_lib.o(.bss.os)
    os_isr_queue                             0x24001000   Data          64  rtx_lib.o(.bss.os)
    .bss.os.msgqueue.cb                      0x24001040   Section       52  rtx_lib.o(.bss.os.msgqueue.cb)
    os_timer_mq_cb                           0x24001040   Data          52  rtx_lib.o(.bss.os.msgqueue.cb)
    .bss.os.msgqueue.mem                     0x24001074   Section       80  rtx_lib.o(.bss.os.msgqueue.mem)
    os_timer_mq_data                         0x24001074   Data          80  rtx_lib.o(.bss.os.msgqueue.mem)
    .bss.os.thread.cb                        0x240010c4   Section      136  rtx_lib.o(.bss.os.thread.cb)
    os_idle_thread_cb                        0x240010c4   Data          68  rtx_lib.o(.bss.os.thread.cb)
    os_timer_thread_cb                       0x24001108   Data          68  rtx_lib.o(.bss.os.thread.cb)
    .bss.os.thread.stack                     0x24001150   Section      512  rtx_lib.o(.bss.os.thread.stack)
    os_idle_thread_stack                     0x24001150   Data         256  rtx_lib.o(.bss.os.thread.stack)
    os_timer_thread_stack                    0x24001250   Data         256  rtx_lib.o(.bss.os.thread.stack)
    .data                                    0x24001350   Section        5  rtx_lib.o(.data)
    os_kernel_active                         0x24001354   Data           1  rtx_lib.o(.data)
    .data                                    0x24001358   Section        9  stm32h7xx_hal.o(.data)
    uwTick                                   0x24001358   Data           4  stm32h7xx_hal.o(.data)
    uwTickPrio                               0x2400135c   Data           4  stm32h7xx_hal.o(.data)
    uwTickFreq                               0x24001360   Data           1  stm32h7xx_hal.o(.data)
    .data                                    0x24001364   Section        8  system_stm32h7xx.o(.data)
    .bss                                     0x24001410   Section      892  main.o(.bss)
    .bss                                     0x2400178c   Section       96  libspace.o(.bss)
    HEAP                                     0x240017f0   Section      512  startup_stm32h743xx.o(HEAP)
    Heap_Mem                                 0x240017f0   Data         512  startup_stm32h743xx.o(HEAP)
    STACK                                    0x240019f0   Section     1024  startup_stm32h743xx.o(STACK)
    Stack_Mem                                0x240019f0   Data        1024  startup_stm32h743xx.o(STACK)
    __initial_sp                             0x24001df0   Data           0  startup_stm32h743xx.o(STACK)
    .ARM.__AT_0x30040000                     0x30040000   Section       96  main.o(.ARM.__AT_0x30040000)
    .ARM.__AT_0x30040060                     0x30040060   Section       96  main.o(.ARM.__AT_0x30040060)
    .ARM.__AT_0x30040200                     0x30040200   Section     6112  main.o(.ARM.__AT_0x30040200)
    .ARM.__AT_0x30042000                     0x30042000   Section     6112  emac_stm32h7xx.o(.ARM.__AT_0x30042000)
    TX_Buff                                  0x30042000   Data        6112  emac_stm32h7xx.o(.ARM.__AT_0x30042000)

    Global Symbols

    Symbol Name                              Value     Ov Type        Size  Object(Section)

    BuildAttributes$$THM_ISAv4$E$P$D$K$B$S$7EM$VFPv5_D16$PE$PLD8$A:L22UL41UL21$X:L11$S22US41US21$IEEE1$IW$~IW$USESV6$~STKCKD$USESV7$~SHL$OSPACE$ROPI$EBA8$UX$STANDARDLIB$REQ8$PRES8$EABIv2 0x00000000   Number         0  anon$$obj.o ABSOLUTE
    __ARM_use_no_argv                        0x00000000   Number         0  main.o ABSOLUTE
    _printf_flags                            0x00000000   Number         0  printf_stubs.o ABSOLUTE
    _printf_return_value                     0x00000000   Number         0  printf_stubs.o ABSOLUTE
    _printf_sizespec                         0x00000000   Number         0  printf_stubs.o ABSOLUTE
    _printf_widthprec                        0x00000000   Number         0  printf_stubs.o ABSOLUTE
    .bss.os.evflags.cb$$Base                  - Undefined Weak Reference
    .bss.os.evflags.cb$$Limit                 - Undefined Weak Reference
    .bss.os.mempool.cb$$Base                  - Undefined Weak Reference
    .bss.os.mempool.cb$$Limit                 - Undefined Weak Reference
    .bss.os.mutex.cb$$Base                    - Undefined Weak Reference
    .bss.os.mutex.cb$$Limit                   - Undefined Weak Reference
    .bss.os.semaphore.cb$$Base                - Undefined Weak Reference
    .bss.os.semaphore.cb$$Limit               - Undefined Weak Reference
    .bss.os.timer.cb$$Base                    - Undefined Weak Reference
    .bss.os.timer.cb$$Limit                   - Undefined Weak Reference
    __ARM_exceptions_init                     - Undefined Weak Reference
    __alloca_initialize                       - Undefined Weak Reference
    __arm_preinit_                            - Undefined Weak Reference
    __cpp_initialize__aeabi_                  - Undefined Weak Reference
    __cxa_finalize                            - Undefined Weak Reference
    __sigvec_lookup                           - Undefined Weak Reference
    _atexit_init                              - Undefined Weak Reference
    _call_atexit_fns                          - Undefined Weak Reference
    _clock_init                               - Undefined Weak Reference
    _fp_trap_init                             - Undefined Weak Reference
    _fp_trap_shutdown                         - Undefined Weak Reference
    _get_lc_collate                           - Undefined Weak Reference
    _get_lc_monetary                          - Undefined Weak Reference
    _get_lc_numeric                           - Undefined Weak Reference
    _get_lc_time                              - Undefined Weak Reference
    _getenv_init                              - Undefined Weak Reference
    _handle_redirection                       - Undefined Weak Reference
    _init_alloc                               - Undefined Weak Reference
    _init_user_alloc                          - Undefined Weak Reference
    _initio                                   - Undefined Weak Reference
    _printf_truncate_signed                   - Undefined Weak Reference
    _printf_truncate_unsigned                 - Undefined Weak Reference
    _rand_init                                - Undefined Weak Reference
    _scanf_longlong                           - Undefined Weak Reference
    _scanf_mbtowc                             - Undefined Weak Reference
    _scanf_real                               - Undefined Weak Reference
    _scanf_string                             - Undefined Weak Reference
    _scanf_wctomb                             - Undefined Weak Reference
    _scanf_wstring                            - Undefined Weak Reference
    _signal_finish                            - Undefined Weak Reference
    _signal_init                              - Undefined Weak Reference
    _terminate_alloc                          - Undefined Weak Reference
    _terminate_user_alloc                     - Undefined Weak Reference
    _terminateio                              - Undefined Weak Reference
    __Vectors_Size                           0x00000298   Number         0  startup_stm32h743xx.o ABSOLUTE
    __MW_NET_VER                             0x07080000   Number         0  net_version.o ABSOLUTE
    __Vectors                                0x08000000   Data           4  startup_stm32h743xx.o(RESET)
    __Vectors_End                            0x08000298   Data           0  startup_stm32h743xx.o(RESET)
    __main                                   0x08000299   Thumb Code     8  __main.o(!!!main)
    __scatterload                            0x080002a1   Thumb Code     0  __scatter.o(!!!scatter)
    __scatterload_rt2                        0x080002a1   Thumb Code    44  __scatter.o(!!!scatter)
    __scatterload_rt2_thumb_only             0x080002a1   Thumb Code     0  __scatter.o(!!!scatter)
    __scatterload_null                       0x080002af   Thumb Code     0  __scatter.o(!!!scatter)
    __decompress                             0x080002d5   Thumb Code    90  __dczerorl2.o(!!dczerorl2)
    __decompress1                            0x080002d5   Thumb Code     0  __dczerorl2.o(!!dczerorl2)
    __scatterload_zeroinit                   0x08000331   Thumb Code    28  __scatter_zi.o(!!handler_zi)
    __rt_lib_init                            0x0800034d   Thumb Code     0  libinit.o(.ARM.Collect$$libinit$$00000000)
    __rt_lib_init_fp_1                       0x0800034f   Thumb Code     0  libinit2.o(.ARM.Collect$$libinit$$00000001)
    __rt_lib_init_alloca_1                   0x08000353   Thumb Code     0  libinit2.o(.ARM.Collect$$libinit$$0000002E)
    __rt_lib_init_argv_1                     0x08000353   Thumb Code     0  libinit2.o(.ARM.Collect$$libinit$$0000002C)
    __rt_lib_init_atexit_1                   0x08000353   Thumb Code     0  libinit2.o(.ARM.Collect$$libinit$$0000001B)
    __rt_lib_init_clock_1                    0x08000353   Thumb Code     0  libinit2.o(.ARM.Collect$$libinit$$00000021)
    __rt_lib_init_cpp_1                      0x08000353   Thumb Code     0  libinit2.o(.ARM.Collect$$libinit$$00000032)
    __rt_lib_init_exceptions_1               0x08000353   Thumb Code     0  libinit2.o(.ARM.Collect$$libinit$$00000030)
    __rt_lib_init_fp_trap_1                  0x08000353   Thumb Code     0  libinit2.o(.ARM.Collect$$libinit$$0000001F)
    __rt_lib_init_getenv_1                   0x08000353   Thumb Code     0  libinit2.o(.ARM.Collect$$libinit$$00000023)
    __rt_lib_init_heap_1                     0x08000353   Thumb Code     0  libinit2.o(.ARM.Collect$$libinit$$0000000A)
    __rt_lib_init_lc_collate_1               0x08000353   Thumb Code     0  libinit2.o(.ARM.Collect$$libinit$$00000011)
    __rt_lib_init_lc_ctype_1                 0x08000353   Thumb Code     0  libinit2.o(.ARM.Collect$$libinit$$00000013)
    __rt_lib_init_lc_monetary_1              0x08000353   Thumb Code     0  libinit2.o(.ARM.Collect$$libinit$$00000015)
    __rt_lib_init_lc_numeric_1               0x08000353   Thumb Code     0  libinit2.o(.ARM.Collect$$libinit$$00000017)
    __rt_lib_init_lc_time_1                  0x08000353   Thumb Code     0  libinit2.o(.ARM.Collect$$libinit$$00000019)
    __rt_lib_init_preinit_1                  0x08000353   Thumb Code     0  libinit2.o(.ARM.Collect$$libinit$$00000004)
    __rt_lib_init_rand_1                     0x08000353   Thumb Code     0  libinit2.o(.ARM.Collect$$libinit$$0000000E)
    __rt_lib_init_return                     0x08000353   Thumb Code     0  libinit2.o(.ARM.Collect$$libinit$$00000033)
    __rt_lib_init_signal_1                   0x08000353   Thumb Code     0  libinit2.o(.ARM.Collect$$libinit$$0000001D)
    __rt_lib_init_stdio_1                    0x08000353   Thumb Code     0  libinit2.o(.ARM.Collect$$libinit$$00000025)
    __rt_lib_init_user_alloc_1               0x08000353   Thumb Code     0  libinit2.o(.ARM.Collect$$libinit$$0000000C)
    __rt_lib_shutdown                        0x08000355   Thumb Code     0  libshutdown.o(.ARM.Collect$$libshutdown$$00000000)
    __rt_lib_shutdown_cpp_1                  0x08000357   Thumb Code     0  libshutdown2.o(.ARM.Collect$$libshutdown$$00000002)
    __rt_lib_shutdown_fp_trap_1              0x08000357   Thumb Code     0  libshutdown2.o(.ARM.Collect$$libshutdown$$00000007)
    __rt_lib_shutdown_heap_1                 0x08000357   Thumb Code     0  libshutdown2.o(.ARM.Collect$$libshutdown$$0000000F)
    __rt_lib_shutdown_return                 0x08000357   Thumb Code     0  libshutdown2.o(.ARM.Collect$$libshutdown$$00000010)
    __rt_lib_shutdown_signal_1               0x08000357   Thumb Code     0  libshutdown2.o(.ARM.Collect$$libshutdown$$0000000A)
    __rt_lib_shutdown_stdio_1                0x08000357   Thumb Code     0  libshutdown2.o(.ARM.Collect$$libshutdown$$00000004)
    __rt_lib_shutdown_user_alloc_1           0x08000357   Thumb Code     0  libshutdown2.o(.ARM.Collect$$libshutdown$$0000000C)
    __rt_entry                               0x08000359   Thumb Code     0  __rtentry.o(.ARM.Collect$$rtentry$$00000000)
    __rt_entry_presh_1                       0x08000359   Thumb Code     0  __rtentry2.o(.ARM.Collect$$rtentry$$00000002)
    __rt_entry_sh                            0x08000359   Thumb Code     0  __rtentry4.o(.ARM.Collect$$rtentry$$00000004)
    __rt_entry_postsh_1                      0x0800035f   Thumb Code     0  __rtentry2.o(.ARM.Collect$$rtentry$$00000008)
    __rt_entry_li                            0x08000367   Thumb Code     0  __rtentry2.o(.ARM.Collect$$rtentry$$0000000A)
    __rt_entry_main                          0x0800036b   Thumb Code     0  __rtentry2.o(.ARM.Collect$$rtentry$$0000000D)
    __rt_entry_postli_1                      0x0800036b   Thumb Code     0  __rtentry2.o(.ARM.Collect$$rtentry$$0000000C)
    __rt_exit                                0x08000373   Thumb Code     0  rtexit.o(.ARM.Collect$$rtexit$$00000000)
    __rt_exit_ls                             0x08000375   Thumb Code     0  rtexit2.o(.ARM.Collect$$rtexit$$00000003)
    __rt_exit_prels_1                        0x08000375   Thumb Code     0  rtexit2.o(.ARM.Collect$$rtexit$$00000002)
    __rt_exit_exit                           0x08000379   Thumb Code     0  rtexit2.o(.ARM.Collect$$rtexit$$00000004)
    Reset_Handler                            0x08000381   Thumb Code     8  startup_stm32h743xx.o(.text)
    NMI_Handler                              0x08000389   Thumb Code     2  startup_stm32h743xx.o(.text)
    MemManage_Handler                        0x0800038d   Thumb Code     2  startup_stm32h743xx.o(.text)
    BusFault_Handler                         0x0800038f   Thumb Code     2  startup_stm32h743xx.o(.text)
    UsageFault_Handler                       0x08000391   Thumb Code     2  startup_stm32h743xx.o(.text)
    DebugMon_Handler                         0x08000395   Thumb Code     2  startup_stm32h743xx.o(.text)
    ADC3_IRQHandler                          0x0800039b   Thumb Code     0  startup_stm32h743xx.o(.text)
    ADC_IRQHandler                           0x0800039b   Thumb Code     0  startup_stm32h743xx.o(.text)
    BDMA_Channel0_IRQHandler                 0x0800039b   Thumb Code     0  startup_stm32h743xx.o(.text)
    BDMA_Channel1_IRQHandler                 0x0800039b   Thumb Code     0  startup_stm32h743xx.o(.text)
    BDMA_Channel2_IRQHandler                 0x0800039b   Thumb Code     0  startup_stm32h743xx.o(.text)
    BDMA_Channel3_IRQHandler                 0x0800039b   Thumb Code     0  startup_stm32h743xx.o(.text)
    BDMA_Channel4_IRQHandler                 0x0800039b   Thumb Code     0  startup_stm32h743xx.o(.text)
    BDMA_Channel5_IRQHandler                 0x0800039b   Thumb Code     0  startup_stm32h743xx.o(.text)
    BDMA_Channel6_IRQHandler                 0x0800039b   Thumb Code     0  startup_stm32h743xx.o(.text)
    BDMA_Channel7_IRQHandler                 0x0800039b   Thumb Code     0  startup_stm32h743xx.o(.text)
    CEC_IRQHandler                           0x0800039b   Thumb Code     0  startup_stm32h743xx.o(.text)
    COMP1_IRQHandler                         0x0800039b   Thumb Code     0  startup_stm32h743xx.o(.text)
    CRS_IRQHandler                           0x0800039b   Thumb Code     0  startup_stm32h743xx.o(.text)
    DCMI_IRQHandler                          0x0800039b   Thumb Code     0  startup_stm32h743xx.o(.text)
    DFSDM1_FLT0_IRQHandler                   0x0800039b   Thumb Code     0  startup_stm32h743xx.o(.text)
    DFSDM1_FLT1_IRQHandler                   0x0800039b   Thumb Code     0  startup_stm32h743xx.o(.text)
    DFSDM1_FLT2_IRQHandler                   0x0800039b   Thumb Code     0  startup_stm32h743xx.o(.text)
    DFSDM1_FLT3_IRQHandler                   0x0800039b   Thumb Code     0  startup_stm32h743xx.o(.text)
    DMA1_Stream3_IRQHandler                  0x0800039b   Thumb Code     0  startup_stm32h743xx.o(.text)
    DMA1_Stream4_IRQHandler                  0x0800039b   Thumb Code     0  startup_stm32h743xx.o(.text)
    DMA1_Stream5_IRQHandler                  0x0800039b   Thumb Code     0  startup_stm32h743xx.o(.text)
    DMA1_Stream6_IRQHandler                  0x0800039b   Thumb Code     0  startup_stm32h743xx.o(.text)
    DMA1_Stream7_IRQHandler                  0x0800039b   Thumb Code     0  startup_stm32h743xx.o(.text)
    DMA2D_IRQHandler                         0x0800039b   Thumb Code     0  startup_stm32h743xx.o(.text)
    DMA2_Stream0_IRQHandler                  0x0800039b   Thumb Code     0  startup_stm32h743xx.o(.text)
    DMA2_Stream1_IRQHandler                  0x0800039b   Thumb Code     0  startup_stm32h743xx.o(.text)
    DMA2_Stream2_IRQHandler                  0x0800039b   Thumb Code     0  startup_stm32h743xx.o(.text)
    DMA2_Stream3_IRQHandler                  0x0800039b   Thumb Code     0  startup_stm32h743xx.o(.text)
    DMA2_Stream4_IRQHandler                  0x0800039b   Thumb Code     0  startup_stm32h743xx.o(.text)
    DMA2_Stream5_IRQHandler                  0x0800039b   Thumb Code     0  startup_stm32h743xx.o(.text)
    DMA2_Stream6_IRQHandler                  0x0800039b   Thumb Code     0  startup_stm32h743xx.o(.text)
    DMA2_Stream7_IRQHandler                  0x0800039b   Thumb Code     0  startup_stm32h743xx.o(.text)
    DMAMUX1_OVR_IRQHandler                   0x0800039b   Thumb Code     0  startup_stm32h743xx.o(.text)
    DMAMUX2_OVR_IRQHandler                   0x0800039b   Thumb Code     0  startup_stm32h743xx.o(.text)
    ETH_IRQHandler                           0x0800039b   Thumb Code     0  startup_stm32h743xx.o(.text)
    ETH_WKUP_IRQHandler                      0x0800039b   Thumb Code     0  startup_stm32h743xx.o(.text)
    EXTI0_IRQHandler                         0x0800039b   Thumb Code     0  startup_stm32h743xx.o(.text)
    EXTI15_10_IRQHandler                     0x0800039b   Thumb Code     0  startup_stm32h743xx.o(.text)
    EXTI1_IRQHandler                         0x0800039b   Thumb Code     0  startup_stm32h743xx.o(.text)
    EXTI2_IRQHandler                         0x0800039b   Thumb Code     0  startup_stm32h743xx.o(.text)
    EXTI3_IRQHandler                         0x0800039b   Thumb Code     0  startup_stm32h743xx.o(.text)
    EXTI4_IRQHandler                         0x0800039b   Thumb Code     0  startup_stm32h743xx.o(.text)
    EXTI9_5_IRQHandler                       0x0800039b   Thumb Code     0  startup_stm32h743xx.o(.text)
    FDCAN1_IT0_IRQHandler                    0x0800039b   Thumb Code     0  startup_stm32h743xx.o(.text)
    FDCAN1_IT1_IRQHandler                    0x0800039b   Thumb Code     0  startup_stm32h743xx.o(.text)
    FDCAN2_IT0_IRQHandler                    0x0800039b   Thumb Code     0  startup_stm32h743xx.o(.text)
    FDCAN2_IT1_IRQHandler                    0x0800039b   Thumb Code     0  startup_stm32h743xx.o(.text)
    FDCAN_CAL_IRQHandler                     0x0800039b   Thumb Code     0  startup_stm32h743xx.o(.text)
    FLASH_IRQHandler                         0x0800039b   Thumb Code     0  startup_stm32h743xx.o(.text)
    FMC_IRQHandler                           0x0800039b   Thumb Code     0  startup_stm32h743xx.o(.text)
    FPU_IRQHandler                           0x0800039b   Thumb Code     0  startup_stm32h743xx.o(.text)
    HRTIM1_FLT_IRQHandler                    0x0800039b   Thumb Code     0  startup_stm32h743xx.o(.text)
    HRTIM1_Master_IRQHandler                 0x0800039b   Thumb Code     0  startup_stm32h743xx.o(.text)
    HRTIM1_TIMA_IRQHandler                   0x0800039b   Thumb Code     0  startup_stm32h743xx.o(.text)
    HRTIM1_TIMB_IRQHandler                   0x0800039b   Thumb Code     0  startup_stm32h743xx.o(.text)
    HRTIM1_TIMC_IRQHandler                   0x0800039b   Thumb Code     0  startup_stm32h743xx.o(.text)
    HRTIM1_TIMD_IRQHandler                   0x0800039b   Thumb Code     0  startup_stm32h743xx.o(.text)
    HRTIM1_TIME_IRQHandler                   0x0800039b   Thumb Code     0  startup_stm32h743xx.o(.text)
    HSEM1_IRQHandler                         0x0800039b   Thumb Code     0  startup_stm32h743xx.o(.text)
    I2C1_ER_IRQHandler                       0x0800039b   Thumb Code     0  startup_stm32h743xx.o(.text)
    I2C1_EV_IRQHandler                       0x0800039b   Thumb Code     0  startup_stm32h743xx.o(.text)
    I2C2_ER_IRQHandler                       0x0800039b   Thumb Code     0  startup_stm32h743xx.o(.text)
    I2C2_EV_IRQHandler                       0x0800039b   Thumb Code     0  startup_stm32h743xx.o(.text)
    I2C3_ER_IRQHandler                       0x0800039b   Thumb Code     0  startup_stm32h743xx.o(.text)
    I2C3_EV_IRQHandler                       0x0800039b   Thumb Code     0  startup_stm32h743xx.o(.text)
    I2C4_ER_IRQHandler                       0x0800039b   Thumb Code     0  startup_stm32h743xx.o(.text)
    I2C4_EV_IRQHandler                       0x0800039b   Thumb Code     0  startup_stm32h743xx.o(.text)
    JPEG_IRQHandler                          0x0800039b   Thumb Code     0  startup_stm32h743xx.o(.text)
    LPTIM1_IRQHandler                        0x0800039b   Thumb Code     0  startup_stm32h743xx.o(.text)
    LPTIM2_IRQHandler                        0x0800039b   Thumb Code     0  startup_stm32h743xx.o(.text)
    LPTIM3_IRQHandler                        0x0800039b   Thumb Code     0  startup_stm32h743xx.o(.text)
    LPTIM4_IRQHandler                        0x0800039b   Thumb Code     0  startup_stm32h743xx.o(.text)
    LPTIM5_IRQHandler                        0x0800039b   Thumb Code     0  startup_stm32h743xx.o(.text)
    LPUART1_IRQHandler                       0x0800039b   Thumb Code     0  startup_stm32h743xx.o(.text)
    LTDC_ER_IRQHandler                       0x0800039b   Thumb Code     0  startup_stm32h743xx.o(.text)
    LTDC_IRQHandler                          0x0800039b   Thumb Code     0  startup_stm32h743xx.o(.text)
    MDIOS_IRQHandler                         0x0800039b   Thumb Code     0  startup_stm32h743xx.o(.text)
    MDIOS_WKUP_IRQHandler                    0x0800039b   Thumb Code     0  startup_stm32h743xx.o(.text)
    MDMA_IRQHandler                          0x0800039b   Thumb Code     0  startup_stm32h743xx.o(.text)
    OTG_FS_EP1_IN_IRQHandler                 0x0800039b   Thumb Code     0  startup_stm32h743xx.o(.text)
    OTG_FS_EP1_OUT_IRQHandler                0x0800039b   Thumb Code     0  startup_stm32h743xx.o(.text)
    OTG_FS_IRQHandler                        0x0800039b   Thumb Code     0  startup_stm32h743xx.o(.text)
    OTG_FS_WKUP_IRQHandler                   0x0800039b   Thumb Code     0  startup_stm32h743xx.o(.text)
    OTG_HS_EP1_IN_IRQHandler                 0x0800039b   Thumb Code     0  startup_stm32h743xx.o(.text)
    OTG_HS_EP1_OUT_IRQHandler                0x0800039b   Thumb Code     0  startup_stm32h743xx.o(.text)
    OTG_HS_IRQHandler                        0x0800039b   Thumb Code     0  startup_stm32h743xx.o(.text)
    OTG_HS_WKUP_IRQHandler                   0x0800039b   Thumb Code     0  startup_stm32h743xx.o(.text)
    PVD_AVD_IRQHandler                       0x0800039b   Thumb Code     0  startup_stm32h743xx.o(.text)
    RCC_IRQHandler                           0x0800039b   Thumb Code     0  startup_stm32h743xx.o(.text)
    RNG_IRQHandler                           0x0800039b   Thumb Code     0  startup_stm32h743xx.o(.text)
    RTC_Alarm_IRQHandler                     0x0800039b   Thumb Code     0  startup_stm32h743xx.o(.text)
    RTC_WKUP_IRQHandler                      0x0800039b   Thumb Code     0  startup_stm32h743xx.o(.text)
    SAI1_IRQHandler                          0x0800039b   Thumb Code     0  startup_stm32h743xx.o(.text)
    SAI2_IRQHandler                          0x0800039b   Thumb Code     0  startup_stm32h743xx.o(.text)
    SAI3_IRQHandler                          0x0800039b   Thumb Code     0  startup_stm32h743xx.o(.text)
    SAI4_IRQHandler                          0x0800039b   Thumb Code     0  startup_stm32h743xx.o(.text)
    SDMMC1_IRQHandler                        0x0800039b   Thumb Code     0  startup_stm32h743xx.o(.text)
    SDMMC2_IRQHandler                        0x0800039b   Thumb Code     0  startup_stm32h743xx.o(.text)
    SPDIF_RX_IRQHandler                      0x0800039b   Thumb Code     0  startup_stm32h743xx.o(.text)
    SPI1_IRQHandler                          0x0800039b   Thumb Code     0  startup_stm32h743xx.o(.text)
    SPI2_IRQHandler                          0x0800039b   Thumb Code     0  startup_stm32h743xx.o(.text)
    SPI3_IRQHandler                          0x0800039b   Thumb Code     0  startup_stm32h743xx.o(.text)
    SPI4_IRQHandler                          0x0800039b   Thumb Code     0  startup_stm32h743xx.o(.text)
    SPI5_IRQHandler                          0x0800039b   Thumb Code     0  startup_stm32h743xx.o(.text)
    SPI6_IRQHandler                          0x0800039b   Thumb Code     0  startup_stm32h743xx.o(.text)
    SWPMI1_IRQHandler                        0x0800039b   Thumb Code     0  startup_stm32h743xx.o(.text)
    TAMP_STAMP_IRQHandler                    0x0800039b   Thumb Code     0  startup_stm32h743xx.o(.text)
    TIM15_IRQHandler                         0x0800039b   Thumb Code     0  startup_stm32h743xx.o(.text)
    TIM16_IRQHandler                         0x0800039b   Thumb Code     0  startup_stm32h743xx.o(.text)
    TIM17_IRQHandler                         0x0800039b   Thumb Code     0  startup_stm32h743xx.o(.text)
    TIM2_IRQHandler                          0x0800039b   Thumb Code     0  startup_stm32h743xx.o(.text)
    TIM3_IRQHandler                          0x0800039b   Thumb Code     0  startup_stm32h743xx.o(.text)
    TIM4_IRQHandler                          0x0800039b   Thumb Code     0  startup_stm32h743xx.o(.text)
    TIM5_IRQHandler                          0x0800039b   Thumb Code     0  startup_stm32h743xx.o(.text)
    TIM6_DAC_IRQHandler                      0x0800039b   Thumb Code     0  startup_stm32h743xx.o(.text)
    TIM7_IRQHandler                          0x0800039b   Thumb Code     0  startup_stm32h743xx.o(.text)
    TIM8_BRK_TIM12_IRQHandler                0x0800039b   Thumb Code     0  startup_stm32h743xx.o(.text)
    TIM8_CC_IRQHandler                       0x0800039b   Thumb Code     0  startup_stm32h743xx.o(.text)
    TIM8_TRG_COM_TIM14_IRQHandler            0x0800039b   Thumb Code     0  startup_stm32h743xx.o(.text)
    TIM8_UP_TIM13_IRQHandler                 0x0800039b   Thumb Code     0  startup_stm32h743xx.o(.text)
    UART5_IRQHandler                         0x0800039b   Thumb Code     0  startup_stm32h743xx.o(.text)
    UART7_IRQHandler                         0x0800039b   Thumb Code     0  startup_stm32h743xx.o(.text)
    UART8_IRQHandler                         0x0800039b   Thumb Code     0  startup_stm32h743xx.o(.text)
    USART1_IRQHandler                        0x0800039b   Thumb Code     0  startup_stm32h743xx.o(.text)
    USART2_IRQHandler                        0x0800039b   Thumb Code     0  startup_stm32h743xx.o(.text)
    USART3_IRQHandler                        0x0800039b   Thumb Code     0  startup_stm32h743xx.o(.text)
    USART6_IRQHandler                        0x0800039b   Thumb Code     0  startup_stm32h743xx.o(.text)
    WAKEUP_PIN_IRQHandler                    0x0800039b   Thumb Code     0  startup_stm32h743xx.o(.text)
    WWDG_IRQHandler                          0x0800039b   Thumb Code     0  startup_stm32h743xx.o(.text)
    __user_initial_stackheap                 0x0800039d   Thumb Code     0  startup_stm32h743xx.o(.text)
    SVC_Handler                              0x080003c1   Thumb Code   152  irq_cm4f.o(.text)
    PendSV_Handler                           0x08000459   Thumb Code    16  irq_cm4f.o(.text)
    SysTick_Handler                          0x08000469   Thumb Code    16  irq_cm4f.o(.text)
    __aeabi_uldivmod                         0x08000485   Thumb Code     0  lludivv7m.o(.text)
    _ll_udiv                                 0x08000485   Thumb Code   238  lludivv7m.o(.text)
    __aeabi_memclr4                          0x08000573   Thumb Code     0  rt_memclr_w.o(.text)
    __aeabi_memclr8                          0x08000573   Thumb Code     0  rt_memclr_w.o(.text)
    __rt_memclr_w                            0x08000573   Thumb Code    78  rt_memclr_w.o(.text)
    _memset_w                                0x08000577   Thumb Code     0  rt_memclr_w.o(.text)
    __use_two_region_memory                  0x080005c1   Thumb Code     2  heapauxi.o(.text)
    __rt_heap_escrow$2region                 0x080005c3   Thumb Code     2  heapauxi.o(.text)
    __rt_heap_expand$2region                 0x080005c5   Thumb Code     2  heapauxi.o(.text)
    __user_setup_stackheap                   0x080005c7   Thumb Code    74  sys_stackheap_outer.o(.text)
    exit                                     0x08000611   Thumb Code    18  exit.o(.text)
    __user_libspace                          0x08000625   Thumb Code     8  libspace.o(.text)
    __user_perproc_libspace                  0x08000625   Thumb Code     0  libspace.o(.text)
    _sys_exit                                0x0800062d   Thumb Code     8  sys_exit.o(.text)
    __I$use$semihosting                      0x08000639   Thumb Code     0  use_no_semi.o(.text)
    __use_no_semihosting_swi                 0x08000639   Thumb Code     2  use_no_semi.o(.text)
    __semihosting_library_function           0x0800063b   Thumb Code     0  indicate_semi.o(.text)
    OS_Tick_AcknowledgeIRQ                   0x0800063d   Thumb Code    12  os_systick.o(.text.OS_Tick_AcknowledgeIRQ)
    osKernelGetState                         0x08000649   Thumb Code    52  rtx_kernel.o(.text.osKernelGetState)
    osKernelInitialize                       0x0800067d   Thumb Code    36  rtx_kernel.o(.text.osKernelInitialize)
    osMutexAcquire                           0x080006a1   Thumb Code    36  rtx_mutex.o(.text.osMutexAcquire)
    osMutexDelete                            0x080006c5   Thumb Code    36  rtx_mutex.o(.text.osMutexDelete)
    osMutexNew                               0x080006e9   Thumb Code    36  rtx_mutex.o(.text.osMutexNew)
    osMutexRelease                           0x0800070d   Thumb Code    36  rtx_mutex.o(.text.osMutexRelease)
    osRtxMemoryAlloc                         0x08000731   Thumb Code   128  rtx_memory.o(.text.osRtxMemoryAlloc)
    osRtxMemoryFree                          0x080007b1   Thumb Code    82  rtx_memory.o(.text.osRtxMemoryFree)
    osRtxMemoryInit                          0x08000803   Thumb Code    54  rtx_memory.o(.text.osRtxMemoryInit)
    osRtxMemoryPoolAlloc                     0x08000839   Thumb Code    74  rtx_mempool.o(.text.osRtxMemoryPoolAlloc)
    osRtxMemoryPoolFree                      0x08000883   Thumb Code    86  rtx_mempool.o(.text.osRtxMemoryPoolFree)
    osRtxMemoryPoolInit                      0x080008d9   Thumb Code    84  rtx_mempool.o(.text.osRtxMemoryPoolInit)
    osRtxPendSV_Handler                      0x0800092d   Thumb Code   144  rtx_system.o(.text.osRtxPendSV_Handler)
    osRtxThreadDelayTick                     0x08000ae5   Thumb Code    56  rtx_thread.o(.text.osRtxThreadDelayTick)
    osRtxThreadDispatch                      0x08000b1d   Thumb Code    96  rtx_thread.o(.text.osRtxThreadDispatch)
    osRtxThreadListGet                       0x08000b7d   Thumb Code    22  rtx_thread.o(.text.osRtxThreadListGet)
    osRtxThreadListPut                       0x08000b93   Thumb Code    56  rtx_thread.o(.text.osRtxThreadListPut)
    osRtxThreadListRemove                    0x08000bcb   Thumb Code    20  rtx_thread.o(.text.osRtxThreadListRemove)
    osRtxThreadListSort                      0x08000bdf   Thumb Code    40  rtx_thread.o(.text.osRtxThreadListSort)
    osRtxThreadReadyPut                      0x08000c09   Thumb Code    20  rtx_thread.o(.text.osRtxThreadReadyPut)
    osRtxThreadStackCheck                    0x08000c1d   Thumb Code    40  rtx_thread.o(.text.osRtxThreadStackCheck)
    osRtxThreadSwitch                        0x08000c45   Thumb Code    16  rtx_thread.o(.text.osRtxThreadSwitch)
    osRtxThreadWaitEnter                     0x08000c55   Thumb Code    56  rtx_thread.o(.text.osRtxThreadWaitEnter)
    osRtxThreadWaitExit                      0x08000c8d   Thumb Code    50  rtx_thread.o(.text.osRtxThreadWaitExit)
    osRtxTick_Handler                        0x08000cc1   Thumb Code   112  rtx_system.o(.text.osRtxTick_Handler)
    DMA1_Stream0_IRQHandler                  0x08001149   Thumb Code    10  stm32h7xx_it.o(i.DMA1_Stream0_IRQHandler)
    DMA1_Stream1_IRQHandler                  0x08001159   Thumb Code    10  stm32h7xx_it.o(i.DMA1_Stream1_IRQHandler)
    DMA1_Stream2_IRQHandler                  0x08001169   Thumb Code    10  stm32h7xx_it.o(i.DMA1_Stream2_IRQHandler)
    HAL_DMA_Abort_IT                         0x080017a5   Thumb Code   236  stm32h7xx_hal_dma.o(i.HAL_DMA_Abort_IT)
    HAL_DMA_IRQHandler                       0x0800189d   Thumb Code  1094  stm32h7xx_hal_dma.o(i.HAL_DMA_IRQHandler)
    HAL_DMA_Init                             0x08001ce9   Thumb Code   512  stm32h7xx_hal_dma.o(i.HAL_DMA_Init)
    HAL_ETH_Init                             0x08001ef9   Thumb Code   340  stm32h7xx_hal_eth.o(i.HAL_ETH_Init)
    HAL_ETH_MspInit                          0x08002055   Thumb Code   206  stm32h7xx_hal_msp.o(i.HAL_ETH_MspInit)
    HAL_GPIO_Init                            0x0800213d   Thumb Code   534  stm32h7xx_hal_gpio.o(i.HAL_GPIO_Init)
    HAL_GPIO_WritePin                        0x08002389   Thumb Code    10  stm32h7xx_hal_gpio.o(i.HAL_GPIO_WritePin)
    HAL_GetTick                              0x08002395   Thumb Code     6  stm32h7xx_hal.o(i.HAL_GetTick)
    HAL_Init                                 0x080023a1   Thumb Code    28  stm32h7xx_hal.o(i.HAL_Init)
    HAL_InitTick                             0x080023bd   Thumb Code    64  stm32h7xx_hal.o(i.HAL_InitTick)
    HAL_MDMA_Abort_IT                        0x08002409   Thumb Code    46  stm32h7xx_hal_mdma.o(i.HAL_MDMA_Abort_IT)
    HAL_MDMA_Init                            0x08002437   Thumb Code   108  stm32h7xx_hal_mdma.o(i.HAL_MDMA_Init)
    HAL_MspInit                              0x080024a5   Thumb Code   114  stm32h7xx_hal_msp.o(i.HAL_MspInit)
    HAL_NVIC_EnableIRQ                       0x0800251d   Thumb Code    32  stm32h7xx_hal_cortex.o(i.HAL_NVIC_EnableIRQ)
    HAL_NVIC_SetPriority                     0x0800253d   Thumb Code   124  stm32h7xx_hal_cortex.o(i.HAL_NVIC_SetPriority)
    HAL_NVIC_SetPriorityGrouping             0x080025b9   Thumb Code    32  stm32h7xx_hal_cortex.o(i.HAL_NVIC_SetPriorityGrouping)
    HAL_QSPI_AbortCpltCallback               0x080025e1   Thumb Code     2  stm32h7xx_hal_qspi.o(i.HAL_QSPI_AbortCpltCallback)
    HAL_QSPI_CmdCpltCallback                 0x080025e3   Thumb Code     2  stm32h7xx_hal_qspi.o(i.HAL_QSPI_CmdCpltCallback)
    HAL_QSPI_ErrorCallback                   0x080025e5   Thumb Code     2  stm32h7xx_hal_qspi.o(i.HAL_QSPI_ErrorCallback)
    HAL_QSPI_FifoThresholdCallback           0x080025e7   Thumb Code     2  stm32h7xx_hal_qspi.o(i.HAL_QSPI_FifoThresholdCallback)
    HAL_QSPI_IRQHandler                      0x080025e9   Thumb Code   594  stm32h7xx_hal_qspi.o(i.HAL_QSPI_IRQHandler)
    HAL_QSPI_Init                            0x08002841   Thumb Code   244  stm32h7xx_hal_qspi.o(i.HAL_QSPI_Init)
    HAL_QSPI_MspInit                         0x0800293d   Thumb Code   230  stm32h7xx_hal_msp.o(i.HAL_QSPI_MspInit)
    HAL_QSPI_RxCpltCallback                  0x08002a41   Thumb Code     2  stm32h7xx_hal_qspi.o(i.HAL_QSPI_RxCpltCallback)
    HAL_QSPI_SetTimeout                      0x08002a43   Thumb Code     4  stm32h7xx_hal_qspi.o(i.HAL_QSPI_SetTimeout)
    HAL_QSPI_StatusMatchCallback             0x08002a47   Thumb Code     2  stm32h7xx_hal_qspi.o(i.HAL_QSPI_StatusMatchCallback)
    HAL_QSPI_TimeOutCallback                 0x08002a49   Thumb Code     2  stm32h7xx_hal_qspi.o(i.HAL_QSPI_TimeOutCallback)
    HAL_QSPI_TxCpltCallback                  0x08002a4b   Thumb Code     2  stm32h7xx_hal_qspi.o(i.HAL_QSPI_TxCpltCallback)
    HAL_RCCEx_GetD1SysClockFreq              0x08002a4d   Thumb Code    44  stm32h7xx_hal_rcc_ex.o(i.HAL_RCCEx_GetD1SysClockFreq)
    HAL_RCCEx_GetD3PCLK1Freq                 0x08002a85   Thumb Code    34  stm32h7xx_hal_rcc_ex.o(i.HAL_RCCEx_GetD3PCLK1Freq)
    HAL_RCCEx_GetPLL2ClockFreq               0x08002ab1   Thumb Code   532  stm32h7xx_hal_rcc_ex.o(i.HAL_RCCEx_GetPLL2ClockFreq)
    HAL_RCCEx_GetPLL3ClockFreq               0x08002cdd   Thumb Code   532  stm32h7xx_hal_rcc_ex.o(i.HAL_RCCEx_GetPLL3ClockFreq)
    HAL_RCCEx_PeriphCLKConfig                0x08002f09   Thumb Code  3204  stm32h7xx_hal_rcc_ex.o(i.HAL_RCCEx_PeriphCLKConfig)
    HAL_RCC_ClockConfig                      0x08003b91   Thumb Code   574  stm32h7xx_hal_rcc.o(i.HAL_RCC_ClockConfig)
    HAL_RCC_GetHCLKFreq                      0x08003de1   Thumb Code    42  stm32h7xx_hal_rcc.o(i.HAL_RCC_GetHCLKFreq)
    HAL_RCC_GetPCLK1Freq                     0x08003e19   Thumb Code    34  stm32h7xx_hal_rcc.o(i.HAL_RCC_GetPCLK1Freq)
    HAL_RCC_GetPCLK2Freq                     0x08003e45   Thumb Code    36  stm32h7xx_hal_rcc.o(i.HAL_RCC_GetPCLK2Freq)
    HAL_RCC_GetSysClockFreq                  0x08003e71   Thumb Code   556  stm32h7xx_hal_rcc.o(i.HAL_RCC_GetSysClockFreq)
    HAL_RCC_OscConfig                        0x080040b5   Thumb Code  1716  stm32h7xx_hal_rcc.o(i.HAL_RCC_OscConfig)
    HAL_SYSCFG_ETHInterfaceSelect            0x08004771   Thumb Code    16  stm32h7xx_hal.o(i.HAL_SYSCFG_ETHInterfaceSelect)
    HAL_SYSTICK_CLKSourceConfig              0x08004785   Thumb Code    40  stm32h7xx_hal_cortex.o(i.HAL_SYSTICK_CLKSourceConfig)
    HAL_SYSTICK_Config                       0x080047ad   Thumb Code    52  stm32h7xx_hal_cortex.o(i.HAL_SYSTICK_Config)
    HAL_TIMEx_BreakCallback                  0x080047e1   Thumb Code     2  stm32h7xx_hal_tim_ex.o(i.HAL_TIMEx_BreakCallback)
    HAL_TIMEx_CommutationCallback            0x080047e3   Thumb Code     2  stm32h7xx_hal_tim_ex.o(i.HAL_TIMEx_CommutationCallback)
    HAL_TIMEx_ConfigBreakDeadTime            0x080047e5   Thumb Code   172  stm32h7xx_hal_tim_ex.o(i.HAL_TIMEx_ConfigBreakDeadTime)
    HAL_TIMEx_MasterConfigSynchronization    0x08004899   Thumb Code    98  stm32h7xx_hal_tim_ex.o(i.HAL_TIMEx_MasterConfigSynchronization)
    HAL_TIM_IC_CaptureCallback               0x08004905   Thumb Code     2  stm32h7xx_hal_tim.o(i.HAL_TIM_IC_CaptureCallback)
    HAL_TIM_IRQHandler                       0x08004907   Thumb Code   440  stm32h7xx_hal_tim.o(i.HAL_TIM_IRQHandler)
    HAL_TIM_MspPostInit                      0x08004ac1   Thumb Code    48  stm32h7xx_hal_msp.o(i.HAL_TIM_MspPostInit)
    HAL_TIM_OC_DelayElapsedCallback          0x08004af9   Thumb Code     2  stm32h7xx_hal_tim.o(i.HAL_TIM_OC_DelayElapsedCallback)
    HAL_TIM_PWM_ConfigChannel                0x08004afb   Thumb Code   372  stm32h7xx_hal_tim.o(i.HAL_TIM_PWM_ConfigChannel)
    HAL_TIM_PWM_Init                         0x08004c6f   Thumb Code    52  stm32h7xx_hal_tim.o(i.HAL_TIM_PWM_Init)
    HAL_TIM_PWM_MspInit                      0x08004ca5   Thumb Code   174  stm32h7xx_hal_msp.o(i.HAL_TIM_PWM_MspInit)
    HAL_TIM_PWM_PulseFinishedCallback        0x08004d69   Thumb Code     2  stm32h7xx_hal_tim.o(i.HAL_TIM_PWM_PulseFinishedCallback)
    HAL_TIM_PeriodElapsedCallback            0x08004d6b   Thumb Code     2  stm32h7xx_hal_tim.o(i.HAL_TIM_PeriodElapsedCallback)
    HAL_TIM_TriggerCallback                  0x08004d6d   Thumb Code     2  stm32h7xx_hal_tim.o(i.HAL_TIM_TriggerCallback)
    HAL_UARTEx_WakeupCallback                0x08004d6f   Thumb Code     2  stm32h7xx_hal_uart_ex.o(i.HAL_UARTEx_WakeupCallback)
    HAL_UART_ErrorCallback                   0x08004d71   Thumb Code     2  stm32h7xx_hal_uart.o(i.HAL_UART_ErrorCallback)
    HAL_UART_IRQHandler                      0x08004d75   Thumb Code   434  stm32h7xx_hal_uart.o(i.HAL_UART_IRQHandler)
    HAL_UART_Init                            0x08004f31   Thumb Code   120  stm32h7xx_hal_uart.o(i.HAL_UART_Init)
    HAL_UART_MspInit                         0x08004fa9   Thumb Code   232  stm32h7xx_hal_msp.o(i.HAL_UART_MspInit)
    HAL_UART_RxCpltCallback                  0x080050ad   Thumb Code     2  stm32h7xx_hal_uart.o(i.HAL_UART_RxCpltCallback)
    HAL_UART_TxCpltCallback                  0x080050af   Thumb Code     2  stm32h7xx_hal_uart.o(i.HAL_UART_TxCpltCallback)
    HardFault_Handler                        0x080050b1   Thumb Code     4  stm32h7xx_it.o(i.HardFault_Handler)
    QUADSPI_IRQHandler                       0x08005669   Thumb Code    10  stm32h7xx_it.o(i.QUADSPI_IRQHandler)
    SystemClock_Config                       0x08005981   Thumb Code   240  main.o(i.SystemClock_Config)
    SystemInit                               0x08005ab1   Thumb Code   130  system_stm32h7xx.o(i.SystemInit)
    TIM1_BRK_IRQHandler                      0x08005b45   Thumb Code    10  stm32h7xx_it.o(i.TIM1_BRK_IRQHandler)
    TIM1_CC_IRQHandler                       0x08005b55   Thumb Code    10  stm32h7xx_it.o(i.TIM1_CC_IRQHandler)
    TIM1_TRG_COM_IRQHandler                  0x08005b65   Thumb Code    10  stm32h7xx_it.o(i.TIM1_TRG_COM_IRQHandler)
    TIM1_UP_IRQHandler                       0x08005b75   Thumb Code    10  stm32h7xx_it.o(i.TIM1_UP_IRQHandler)
    TIM_Base_SetConfig                       0x08005b85   Thumb Code   172  stm32h7xx_hal_tim.o(i.TIM_Base_SetConfig)
    TIM_OC1_SetConfig                        0x08005c51   Thumb Code   152  stm32h7xx_hal_tim.o(i.TIM_OC1_SetConfig)
    TIM_OC2_SetConfig                        0x08005d01   Thumb Code   162  stm32h7xx_hal_tim.o(i.TIM_OC2_SetConfig)
    TIM_OC3_SetConfig                        0x08005dbd   Thumb Code   160  stm32h7xx_hal_tim.o(i.TIM_OC3_SetConfig)
    TIM_OC4_SetConfig                        0x08005e71   Thumb Code    98  stm32h7xx_hal_tim.o(i.TIM_OC4_SetConfig)
    UART4_IRQHandler                         0x08005fcd   Thumb Code    10  stm32h7xx_it.o(i.UART4_IRQHandler)
    UART_AdvFeatureConfig                    0x08005fdd   Thumb Code   234  stm32h7xx_hal_uart.o(i.UART_AdvFeatureConfig)
    UART_CheckIdleState                      0x080060c7   Thumb Code   116  stm32h7xx_hal_uart.o(i.UART_CheckIdleState)
    UART_SetConfig                           0x0800621d   Thumb Code  2452  stm32h7xx_hal_uart.o(i.UART_SetConfig)
    UART_WaitOnFlagUntilTimeout              0x08006c43   Thumb Code   108  stm32h7xx_hal_uart.o(i.UART_WaitOnFlagUntilTimeout)
    _Error_Handler                           0x08006caf   Thumb Code     4  main.o(i._Error_Handler)
    _mutex_acquire                           0x08006ced   Thumb Code    22  rtx_lib.o(i._mutex_acquire)
    _mutex_free                              0x08006d03   Thumb Code    12  rtx_lib.o(i._mutex_free)
    _mutex_initialize                        0x08006d0f   Thumb Code    34  rtx_lib.o(i._mutex_initialize)
    _mutex_release                           0x08006d31   Thumb Code    18  rtx_lib.o(i._mutex_release)
    _platform_post_stackheap_init            0x08006d43   Thumb Code     8  rtx_lib.o(i._platform_post_stackheap_init)
    main                                     0x08006d4b   Thumb Code    48  main.o(i.main)
    osRtxErrorNotify                         0x08006d7b   Thumb Code    32  rtx_config.o(i.osRtxErrorNotify)
    _fp_init                                 0x08006dbd   Thumb Code    10  fpinit.o(x$fpl$fpinit)
    __fplib_config_fpu_vfp                   0x08006dc5   Thumb Code     0  fpinit.o(x$fpl$fpinit)
    __fplib_config_pureend_doubles           0x08006dc5   Thumb Code     0  fpinit.o(x$fpl$fpinit)
    osRtxUserSVC                             0x08006e28   Data           4  rtx_lib.o(.constdata)
    D1CorePrescTable                         0x08006e2c   Data          16  system_stm32h7xx.o(.constdata)
    irqRtxLib                                0x08006e74   Data           1  irq_cm4f.o(.constdata)
    osRtxConfig                              0x08006ed4   Data         104  rtx_lib.o(.rodata)
    Region$$Table$$Base                      0x08006f48   Number         0  anon$$obj.o(Region$$Table)
    Region$$Table$$Limit                     0x08006f68   Number         0  anon$$obj.o(Region$$Table)
    .bss.os.msgqueue.cb$$Base                0x24001040   Number         0  rtx_lib.o(.bss.os.msgqueue.cb)
    .bss.os.msgqueue.cb$$Limit               0x24001074   Number         0  rtx_lib.o(.bss.os.msgqueue.cb)
    .bss.os.thread.cb$$Base                  0x240010c4   Number         0  rtx_lib.o(.bss.os.thread.cb)
    .bss.os.thread.cb$$Limit                 0x2400114c   Number         0  rtx_lib.o(.bss.os.thread.cb)
    irqRtxLibRef                             0x24001350   Data           4  rtx_lib.o(.data)
    SystemCoreClock                          0x24001364   Data           4  system_stm32h7xx.o(.data)
    SystemD2Clock                            0x24001368   Data           4  system_stm32h7xx.o(.data)
    osRtxInfo                                0x2400136c   Data         164  rtx_kernel.o(.data.os)
    TxConfig                                 0x24001410   Data          52  main.o(.bss)
    heth                                     0x24001444   Data         104  main.o(.bss)
    hqspi                                    0x240014ac   Data          76  main.o(.bss)
    hmdma_quadspi_fifo_th                    0x240014f8   Data         108  main.o(.bss)
    htim1                                    0x24001564   Data          64  main.o(.bss)
    hdma_tim1_ch3                            0x240015a4   Data         120  main.o(.bss)
    huart4                                   0x2400161c   Data         128  main.o(.bss)
    hdma_uart4_rx                            0x2400169c   Data         120  main.o(.bss)
    hdma_uart4_tx                            0x24001714   Data         120  main.o(.bss)
    __libspace_start                         0x2400178c   Data          96  libspace.o(.bss)
    __temporary_stack_top$libspace           0x240017ec   Data           0  libspace.o(.bss)
    DMARxDscrTab                             0x30040000   Data          96  main.o(.ARM.__AT_0x30040000)
    DMATxDscrTab                             0x30040060   Data          96  main.o(.ARM.__AT_0x30040060)
    Rx_Buff                                  0x30040200   Data        6112  main.o(.ARM.__AT_0x30040200)



==============================================================================

Memory Map of the image

  Image Entry point : 0x08000299

  Load Region LR_IROM1 (Base: 0x08000000, Size: 0x00008378, Max: 0x00200000, ABSOLUTE, COMPRESSED[0x00006fa8])

    Execution Region ER_IROM1 (Exec base: 0x08000000, Load base: 0x08000000, Size: 0x00006f68, Max: 0x00200000, ABSOLUTE)

    Exec Addr    Load Addr    Size         Type   Attr      Idx    E Section Name        Object

    0x08000000   0x08000000   0x00000298   Data   RO         2315    RESET               startup_stm32h743xx.o
    0x08000298   0x08000298   0x00000008   Code   RO         5748  * !!!main             c_w.l(__main.o)
    0x080002a0   0x080002a0   0x00000034   Code   RO         5949    !!!scatter          c_w.l(__scatter.o)
    0x080002d4   0x080002d4   0x0000005a   Code   RO         5947    !!dczerorl2         c_w.l(__dczerorl2.o)
    0x0800032e   0x0800032e   0x00000002   PAD
    0x08000330   0x08000330   0x0000001c   Code   RO         5951    !!handler_zi        c_w.l(__scatter_zi.o)
    0x0800034c   0x0800034c   0x00000002   Code   RO         5806    .ARM.Collect$$libinit$$00000000  c_w.l(libinit.o)
    0x0800034e   0x0800034e   0x00000004   Code   RO         5828    .ARM.Collect$$libinit$$00000001  c_w.l(libinit2.o)
    0x08000352   0x08000352   0x00000000   Code   RO         5831    .ARM.Collect$$libinit$$00000004  c_w.l(libinit2.o)
    0x08000352   0x08000352   0x00000000   Code   RO         5834    .ARM.Collect$$libinit$$0000000A  c_w.l(libinit2.o)
    0x08000352   0x08000352   0x00000000   Code   RO         5836    .ARM.Collect$$libinit$$0000000C  c_w.l(libinit2.o)
    0x08000352   0x08000352   0x00000000   Code   RO         5838    .ARM.Collect$$libinit$$0000000E  c_w.l(libinit2.o)
    0x08000352   0x08000352   0x00000000   Code   RO         5841    .ARM.Collect$$libinit$$00000011  c_w.l(libinit2.o)
    0x08000352   0x08000352   0x00000000   Code   RO         5843    .ARM.Collect$$libinit$$00000013  c_w.l(libinit2.o)
    0x08000352   0x08000352   0x00000000   Code   RO         5845    .ARM.Collect$$libinit$$00000015  c_w.l(libinit2.o)
    0x08000352   0x08000352   0x00000000   Code   RO         5847    .ARM.Collect$$libinit$$00000017  c_w.l(libinit2.o)
    0x08000352   0x08000352   0x00000000   Code   RO         5849    .ARM.Collect$$libinit$$00000019  c_w.l(libinit2.o)
    0x08000352   0x08000352   0x00000000   Code   RO         5851    .ARM.Collect$$libinit$$0000001B  c_w.l(libinit2.o)
    0x08000352   0x08000352   0x00000000   Code   RO         5853    .ARM.Collect$$libinit$$0000001D  c_w.l(libinit2.o)
    0x08000352   0x08000352   0x00000000   Code   RO         5855    .ARM.Collect$$libinit$$0000001F  c_w.l(libinit2.o)
    0x08000352   0x08000352   0x00000000   Code   RO         5857    .ARM.Collect$$libinit$$00000021  c_w.l(libinit2.o)
    0x08000352   0x08000352   0x00000000   Code   RO         5859    .ARM.Collect$$libinit$$00000023  c_w.l(libinit2.o)
    0x08000352   0x08000352   0x00000000   Code   RO         5861    .ARM.Collect$$libinit$$00000025  c_w.l(libinit2.o)
    0x08000352   0x08000352   0x00000000   Code   RO         5865    .ARM.Collect$$libinit$$0000002C  c_w.l(libinit2.o)
    0x08000352   0x08000352   0x00000000   Code   RO         5867    .ARM.Collect$$libinit$$0000002E  c_w.l(libinit2.o)
    0x08000352   0x08000352   0x00000000   Code   RO         5869    .ARM.Collect$$libinit$$00000030  c_w.l(libinit2.o)
    0x08000352   0x08000352   0x00000000   Code   RO         5871    .ARM.Collect$$libinit$$00000032  c_w.l(libinit2.o)
    0x08000352   0x08000352   0x00000002   Code   RO         5872    .ARM.Collect$$libinit$$00000033  c_w.l(libinit2.o)
    0x08000354   0x08000354   0x00000002   Code   RO         5905    .ARM.Collect$$libshutdown$$00000000  c_w.l(libshutdown.o)
    0x08000356   0x08000356   0x00000000   Code   RO         5931    .ARM.Collect$$libshutdown$$00000002  c_w.l(libshutdown2.o)
    0x08000356   0x08000356   0x00000000   Code   RO         5933    .ARM.Collect$$libshutdown$$00000004  c_w.l(libshutdown2.o)
    0x08000356   0x08000356   0x00000000   Code   RO         5936    .ARM.Collect$$libshutdown$$00000007  c_w.l(libshutdown2.o)
    0x08000356   0x08000356   0x00000000   Code   RO         5939    .ARM.Collect$$libshutdown$$0000000A  c_w.l(libshutdown2.o)
    0x08000356   0x08000356   0x00000000   Code   RO         5941    .ARM.Collect$$libshutdown$$0000000C  c_w.l(libshutdown2.o)
    0x08000356   0x08000356   0x00000000   Code   RO         5944    .ARM.Collect$$libshutdown$$0000000F  c_w.l(libshutdown2.o)
    0x08000356   0x08000356   0x00000002   Code   RO         5945    .ARM.Collect$$libshutdown$$00000010  c_w.l(libshutdown2.o)
    0x08000358   0x08000358   0x00000000   Code   RO         5750    .ARM.Collect$$rtentry$$00000000  c_w.l(__rtentry.o)
    0x08000358   0x08000358   0x00000000   Code   RO         5771    .ARM.Collect$$rtentry$$00000002  c_w.l(__rtentry2.o)
    0x08000358   0x08000358   0x00000006   Code   RO         5783    .ARM.Collect$$rtentry$$00000004  c_w.l(__rtentry4.o)
    0x0800035e   0x0800035e   0x00000008   Code   RO         5772    .ARM.Collect$$rtentry$$00000008  c_w.l(__rtentry2.o)
    0x08000366   0x08000366   0x00000004   Code   RO         5774    .ARM.Collect$$rtentry$$0000000A  c_w.l(__rtentry2.o)
    0x0800036a   0x0800036a   0x00000000   Code   RO         5776    .ARM.Collect$$rtentry$$0000000C  c_w.l(__rtentry2.o)
    0x0800036a   0x0800036a   0x00000008   Code   RO         5777    .ARM.Collect$$rtentry$$0000000D  c_w.l(__rtentry2.o)
    0x08000372   0x08000372   0x00000002   Code   RO         5810    .ARM.Collect$$rtexit$$00000000  c_w.l(rtexit.o)
    0x08000374   0x08000374   0x00000000   Code   RO         5876    .ARM.Collect$$rtexit$$00000002  c_w.l(rtexit2.o)
    0x08000374   0x08000374   0x00000004   Code   RO         5877    .ARM.Collect$$rtexit$$00000003  c_w.l(rtexit2.o)
    0x08000378   0x08000378   0x00000006   Code   RO         5878    .ARM.Collect$$rtexit$$00000004  c_w.l(rtexit2.o)
    0x0800037e   0x0800037e   0x00000002   PAD
    0x08000380   0x08000380   0x00000040   Code   RO         2316    .text               startup_stm32h743xx.o
    0x080003c0   0x080003c0   0x000000c4   Code   RO         4954    .text               RTX_CM4F.lib(irq_cm4f.o)
    0x08000484   0x08000484   0x000000ee   Code   RO         5676    .text               c_w.l(lludivv7m.o)
    0x08000572   0x08000572   0x0000004e   Code   RO         5744    .text               c_w.l(rt_memclr_w.o)
    0x080005c0   0x080005c0   0x00000006   Code   RO         5746    .text               c_w.l(heapauxi.o)
    0x080005c6   0x080005c6   0x0000004a   Code   RO         5793    .text               c_w.l(sys_stackheap_outer.o)
    0x08000610   0x08000610   0x00000012   Code   RO         5797    .text               c_w.l(exit.o)
    0x08000622   0x08000622   0x00000002   PAD
    0x08000624   0x08000624   0x00000008   Code   RO         5807    .text               c_w.l(libspace.o)
    0x0800062c   0x0800062c   0x0000000c   Code   RO         5873    .text               c_w.l(sys_exit.o)
    0x08000638   0x08000638   0x00000002   Code   RO         5894    .text               c_w.l(use_no_semi.o)
    0x0800063a   0x0800063a   0x00000000   Code   RO         5896    .text               c_w.l(indicate_semi.o)
    0x0800063a   0x0800063a   0x00000002   PAD
    0x0800063c   0x0800063c   0x0000000c   Code   RO         5332    .text.OS_Tick_AcknowledgeIRQ  RTX_CM4F.lib(os_systick.o)
    0x08000648   0x08000648   0x00000034   Code   RO         4624    .text.osKernelGetState  RTX_CM4F.lib(rtx_kernel.o)
    0x0800067c   0x0800067c   0x00000024   Code   RO         4618    .text.osKernelInitialize  RTX_CM4F.lib(rtx_kernel.o)
    0x080006a0   0x080006a0   0x00000024   Code   RO         4886    .text.osMutexAcquire  RTX_CM4F.lib(rtx_mutex.o)
    0x080006c4   0x080006c4   0x00000024   Code   RO         4892    .text.osMutexDelete  RTX_CM4F.lib(rtx_mutex.o)
    0x080006e8   0x080006e8   0x00000024   Code   RO         4882    .text.osMutexNew    RTX_CM4F.lib(rtx_mutex.o)
    0x0800070c   0x0800070c   0x00000024   Code   RO         4888    .text.osMutexRelease  RTX_CM4F.lib(rtx_mutex.o)
    0x08000730   0x08000730   0x00000080   Code   RO         5180    .text.osRtxMemoryAlloc  RTX_CM4F.lib(rtx_memory.o)
    0x080007b0   0x080007b0   0x00000052   Code   RO         5182    .text.osRtxMemoryFree  RTX_CM4F.lib(rtx_memory.o)
    0x08000802   0x08000802   0x00000036   Code   RO         5178    .text.osRtxMemoryInit  RTX_CM4F.lib(rtx_memory.o)
    0x08000838   0x08000838   0x0000004a   Code   RO         5197    .text.osRtxMemoryPoolAlloc  RTX_CM4F.lib(rtx_mempool.o)
    0x08000882   0x08000882   0x00000056   Code   RO         5199    .text.osRtxMemoryPoolFree  RTX_CM4F.lib(rtx_mempool.o)
    0x080008d8   0x080008d8   0x00000054   Code   RO         5195    .text.osRtxMemoryPoolInit  RTX_CM4F.lib(rtx_mempool.o)
    0x0800092c   0x0800092c   0x00000090   Code   RO         5311    .text.osRtxPendSV_Handler  RTX_CM4F.lib(rtx_system.o)
    0x080009bc   0x080009bc   0x0000003c   Code   RO         4703    .text.osRtxThreadBlock  RTX_CM4F.lib(rtx_thread.o)
    0x080009f8   0x080009f8   0x00000094   Code   RO         4711    .text.osRtxThreadDelayInsert  RTX_CM4F.lib(rtx_thread.o)
    0x08000a8c   0x08000a8c   0x00000058   Code   RO         4707    .text.osRtxThreadDelayRemove  RTX_CM4F.lib(rtx_thread.o)
    0x08000ae4   0x08000ae4   0x00000038   Code   RO         4693    .text.osRtxThreadDelayTick  RTX_CM4F.lib(rtx_thread.o)
    0x08000b1c   0x08000b1c   0x00000060   Code   RO         4701    .text.osRtxThreadDispatch  RTX_CM4F.lib(rtx_thread.o)
    0x08000b7c   0x08000b7c   0x00000016   Code   RO         4685    .text.osRtxThreadListGet  RTX_CM4F.lib(rtx_thread.o)
    0x08000b92   0x08000b92   0x00000038   Code   RO         4683    .text.osRtxThreadListPut  RTX_CM4F.lib(rtx_thread.o)
    0x08000bca   0x08000bca   0x00000014   Code   RO         4689    .text.osRtxThreadListRemove  RTX_CM4F.lib(rtx_thread.o)
    0x08000bde   0x08000bde   0x00000028   Code   RO         4687    .text.osRtxThreadListSort  RTX_CM4F.lib(rtx_thread.o)
    0x08000c06   0x08000c06   0x00000002   PAD
    0x08000c08   0x08000c08   0x00000014   Code   RO         4691    .text.osRtxThreadReadyPut  RTX_CM4F.lib(rtx_thread.o)
    0x08000c1c   0x08000c1c   0x00000028   Code   RO         4699    .text.osRtxThreadStackCheck  RTX_CM4F.lib(rtx_thread.o)
    0x08000c44   0x08000c44   0x00000010   Code   RO         4697    .text.osRtxThreadSwitch  RTX_CM4F.lib(rtx_thread.o)
    0x08000c54   0x08000c54   0x00000038   Code   RO         4709    .text.osRtxThreadWaitEnter  RTX_CM4F.lib(rtx_thread.o)
    0x08000c8c   0x08000c8c   0x00000032   Code   RO         4705    .text.osRtxThreadWaitExit  RTX_CM4F.lib(rtx_thread.o)
    0x08000cbe   0x08000cbe   0x00000002   PAD
    0x08000cc0   0x08000cc0   0x00000070   Code   RO         5309    .text.osRtxTick_Handler  RTX_CM4F.lib(rtx_system.o)
    0x08000d30   0x08000d30   0x0000000c   Code   RO         4626    .text.svcRtxKernelGetState  RTX_CM4F.lib(rtx_kernel.o)
    0x08000d3c   0x08000d3c   0x00000178   Code   RO         4656    .text.svcRtxKernelInitialize  RTX_CM4F.lib(rtx_kernel.o)
    0x08000eb4   0x08000eb4   0x00000098   Code   RO         4898    .text.svcRtxMutexAcquire  RTX_CM4F.lib(rtx_mutex.o)
    0x08000f4c   0x08000f4c   0x000000d4   Code   RO         4904    .text.svcRtxMutexDelete  RTX_CM4F.lib(rtx_mutex.o)
    0x08001020   0x08001020   0x0000006c   Code   RO         4894    .text.svcRtxMutexNew  RTX_CM4F.lib(rtx_mutex.o)
    0x0800108c   0x0800108c   0x000000bc   Code   RO         4900    .text.svcRtxMutexRelease  RTX_CM4F.lib(rtx_mutex.o)
    0x08001148   0x08001148   0x00000010   Code   RO          212    i.DMA1_Stream0_IRQHandler  stm32h7xx_it.o
    0x08001158   0x08001158   0x00000010   Code   RO          213    i.DMA1_Stream1_IRQHandler  stm32h7xx_it.o
    0x08001168   0x08001168   0x00000010   Code   RO          214    i.DMA1_Stream2_IRQHandler  stm32h7xx_it.o
    0x08001178   0x08001178   0x00000034   Code   RO         2360    i.DMA_CalcBaseAndBitshift  stm32h7xx_hal_dma.o
    0x080011ac   0x080011ac   0x00000074   Code   RO         2361    i.DMA_CalcDMAMUXChannelBaseAndMask  stm32h7xx_hal_dma.o
    0x08001220   0x08001220   0x00000054   Code   RO         2362    i.DMA_CalcDMAMUXRequestGenBaseAndMask  stm32h7xx_hal_dma.o
    0x08001274   0x08001274   0x000000ae   Code   RO         2363    i.DMA_CheckFifoParam  stm32h7xx_hal_dma.o
    0x08001322   0x08001322   0x00000060   Code   RO         1119    i.ETH_DMARxDescListInit  stm32h7xx_hal_eth.o
    0x08001382   0x08001382   0x00000052   Code   RO         1120    i.ETH_DMATxDescListInit  stm32h7xx_hal_eth.o
    0x080013d4   0x080013d4   0x00000106   Code   RO         1121    i.ETH_MACDMAConfig  stm32h7xx_hal_eth.o
    0x080014da   0x080014da   0x00000002   PAD
    0x080014dc   0x080014dc   0x00000078   Code   RO         1122    i.ETH_MAC_MDIO_ClkConfig  stm32h7xx_hal_eth.o
    0x08001554   0x08001554   0x000000bc   Code   RO         1124    i.ETH_SetDMAConfig  stm32h7xx_hal_eth.o
    0x08001610   0x08001610   0x00000194   Code   RO         1125    i.ETH_SetMACConfig  stm32h7xx_hal_eth.o
    0x080017a4   0x080017a4   0x000000f8   Code   RO         2366    i.HAL_DMA_Abort_IT  stm32h7xx_hal_dma.o
    0x0800189c   0x0800189c   0x0000044c   Code   RO         2370    i.HAL_DMA_IRQHandler  stm32h7xx_hal_dma.o
    0x08001ce8   0x08001ce8   0x00000210   Code   RO         2371    i.HAL_DMA_Init      stm32h7xx_hal_dma.o
    0x08001ef8   0x08001ef8   0x0000015c   Code   RO         1145    i.HAL_ETH_Init      stm32h7xx_hal_eth.o
    0x08002054   0x08002054   0x000000e8   Code   RO         4305    i.HAL_ETH_MspInit   stm32h7xx_hal_msp.o
    0x0800213c   0x0800213c   0x0000024c   Code   RO         1589    i.HAL_GPIO_Init     stm32h7xx_hal_gpio.o
    0x08002388   0x08002388   0x0000000a   Code   RO         1593    i.HAL_GPIO_WritePin  stm32h7xx_hal_gpio.o
    0x08002392   0x08002392   0x00000002   PAD
    0x08002394   0x08002394   0x0000000c   Code   RO          683    i.HAL_GetTick       stm32h7xx_hal.o
    0x080023a0   0x080023a0   0x0000001c   Code   RO          687    i.HAL_Init          stm32h7xx_hal.o
    0x080023bc   0x080023bc   0x0000004c   Code   RO          688    i.HAL_InitTick      stm32h7xx_hal.o
    0x08002408   0x08002408   0x0000002e   Code   RO         2559    i.HAL_MDMA_Abort_IT  stm32h7xx_hal_mdma.o
    0x08002436   0x08002436   0x0000006c   Code   RO         2566    i.HAL_MDMA_Init     stm32h7xx_hal_mdma.o
    0x080024a2   0x080024a2   0x00000002   PAD
    0x080024a4   0x080024a4   0x00000078   Code   RO         4306    i.HAL_MspInit       stm32h7xx_hal_msp.o
    0x0800251c   0x0800251c   0x00000020   Code   RO          983    i.HAL_NVIC_EnableIRQ  stm32h7xx_hal_cortex.o
    0x0800253c   0x0800253c   0x0000007c   Code   RO          989    i.HAL_NVIC_SetPriority  stm32h7xx_hal_cortex.o
    0x080025b8   0x080025b8   0x00000028   Code   RO          990    i.HAL_NVIC_SetPriorityGrouping  stm32h7xx_hal_cortex.o
    0x080025e0   0x080025e0   0x00000002   Code   RO         2707    i.HAL_QSPI_AbortCpltCallback  stm32h7xx_hal_qspi.o
    0x080025e2   0x080025e2   0x00000002   Code   RO         2711    i.HAL_QSPI_CmdCpltCallback  stm32h7xx_hal_qspi.o
    0x080025e4   0x080025e4   0x00000002   Code   RO         2715    i.HAL_QSPI_ErrorCallback  stm32h7xx_hal_qspi.o
    0x080025e6   0x080025e6   0x00000002   Code   RO         2716    i.HAL_QSPI_FifoThresholdCallback  stm32h7xx_hal_qspi.o
    0x080025e8   0x080025e8   0x00000258   Code   RO         2720    i.HAL_QSPI_IRQHandler  stm32h7xx_hal_qspi.o
    0x08002840   0x08002840   0x000000fc   Code   RO         2721    i.HAL_QSPI_Init     stm32h7xx_hal_qspi.o
    0x0800293c   0x0800293c   0x00000104   Code   RO         4308    i.HAL_QSPI_MspInit  stm32h7xx_hal_msp.o
    0x08002a40   0x08002a40   0x00000002   Code   RO         2728    i.HAL_QSPI_RxCpltCallback  stm32h7xx_hal_qspi.o
    0x08002a42   0x08002a42   0x00000004   Code   RO         2731    i.HAL_QSPI_SetTimeout  stm32h7xx_hal_qspi.o
    0x08002a46   0x08002a46   0x00000002   Code   RO         2732    i.HAL_QSPI_StatusMatchCallback  stm32h7xx_hal_qspi.o
    0x08002a48   0x08002a48   0x00000002   Code   RO         2733    i.HAL_QSPI_TimeOutCallback  stm32h7xx_hal_qspi.o
    0x08002a4a   0x08002a4a   0x00000002   Code   RO         2737    i.HAL_QSPI_TxCpltCallback  stm32h7xx_hal_qspi.o
    0x08002a4c   0x08002a4c   0x00000038   Code   RO         2156    i.HAL_RCCEx_GetD1SysClockFreq  stm32h7xx_hal_rcc_ex.o
    0x08002a84   0x08002a84   0x0000002c   Code   RO         2157    i.HAL_RCCEx_GetD3PCLK1Freq  stm32h7xx_hal_rcc_ex.o
    0x08002ab0   0x08002ab0   0x0000022c   Code   RO         2159    i.HAL_RCCEx_GetPLL2ClockFreq  stm32h7xx_hal_rcc_ex.o
    0x08002cdc   0x08002cdc   0x0000022c   Code   RO         2160    i.HAL_RCCEx_GetPLL3ClockFreq  stm32h7xx_hal_rcc_ex.o
    0x08002f08   0x08002f08   0x00000c88   Code   RO         2164    i.HAL_RCCEx_PeriphCLKConfig  stm32h7xx_hal_rcc_ex.o
    0x08003b90   0x08003b90   0x00000250   Code   RO         2043    i.HAL_RCC_ClockConfig  stm32h7xx_hal_rcc.o
    0x08003de0   0x08003de0   0x00000038   Code   RO         2047    i.HAL_RCC_GetHCLKFreq  stm32h7xx_hal_rcc.o
    0x08003e18   0x08003e18   0x0000002c   Code   RO         2049    i.HAL_RCC_GetPCLK1Freq  stm32h7xx_hal_rcc.o
    0x08003e44   0x08003e44   0x0000002c   Code   RO         2050    i.HAL_RCC_GetPCLK2Freq  stm32h7xx_hal_rcc.o
    0x08003e70   0x08003e70   0x00000244   Code   RO         2051    i.HAL_RCC_GetSysClockFreq  stm32h7xx_hal_rcc.o
    0x080040b4   0x080040b4   0x000006bc   Code   RO         2054    i.HAL_RCC_OscConfig  stm32h7xx_hal_rcc.o
    0x08004770   0x08004770   0x00000014   Code   RO          699    i.HAL_SYSCFG_ETHInterfaceSelect  stm32h7xx_hal.o
    0x08004784   0x08004784   0x00000028   Code   RO          992    i.HAL_SYSTICK_CLKSourceConfig  stm32h7xx_hal_cortex.o
    0x080047ac   0x080047ac   0x00000034   Code   RO          994    i.HAL_SYSTICK_Config  stm32h7xx_hal_cortex.o
    0x080047e0   0x080047e0   0x00000002   Code   RO         3619    i.HAL_TIMEx_BreakCallback  stm32h7xx_hal_tim_ex.o
    0x080047e2   0x080047e2   0x00000002   Code   RO         3620    i.HAL_TIMEx_CommutationCallback  stm32h7xx_hal_tim_ex.o
    0x080047e4   0x080047e4   0x000000b4   Code   RO         3621    i.HAL_TIMEx_ConfigBreakDeadTime  stm32h7xx_hal_tim_ex.o
    0x08004898   0x08004898   0x0000006c   Code   RO         3638    i.HAL_TIMEx_MasterConfigSynchronization  stm32h7xx_hal_tim_ex.o
    0x08004904   0x08004904   0x00000002   Code   RO         2989    i.HAL_TIM_IC_CaptureCallback  stm32h7xx_hal_tim.o
    0x08004906   0x08004906   0x000001b8   Code   RO         3002    i.HAL_TIM_IRQHandler  stm32h7xx_hal_tim.o
    0x08004abe   0x08004abe   0x00000002   PAD
    0x08004ac0   0x08004ac0   0x00000038   Code   RO         4309    i.HAL_TIM_MspPostInit  stm32h7xx_hal_msp.o
    0x08004af8   0x08004af8   0x00000002   Code   RO         3005    i.HAL_TIM_OC_DelayElapsedCallback  stm32h7xx_hal_tim.o
    0x08004afa   0x08004afa   0x00000174   Code   RO         3026    i.HAL_TIM_PWM_ConfigChannel  stm32h7xx_hal_tim.o
    0x08004c6e   0x08004c6e   0x00000034   Code   RO         3029    i.HAL_TIM_PWM_Init  stm32h7xx_hal_tim.o
    0x08004ca2   0x08004ca2   0x00000002   PAD
    0x08004ca4   0x08004ca4   0x000000c4   Code   RO         4311    i.HAL_TIM_PWM_MspInit  stm32h7xx_hal_msp.o
    0x08004d68   0x08004d68   0x00000002   Code   RO         3032    i.HAL_TIM_PWM_PulseFinishedCallback  stm32h7xx_hal_tim.o
    0x08004d6a   0x08004d6a   0x00000002   Code   RO         3039    i.HAL_TIM_PeriodElapsedCallback  stm32h7xx_hal_tim.o
    0x08004d6c   0x08004d6c   0x00000002   Code   RO         3043    i.HAL_TIM_TriggerCallback  stm32h7xx_hal_tim.o
    0x08004d6e   0x08004d6e   0x00000002   Code   RO         4244    i.HAL_UARTEx_WakeupCallback  stm32h7xx_hal_uart_ex.o
    0x08004d70   0x08004d70   0x00000002   Code   RO         3904    i.HAL_UART_ErrorCallback  stm32h7xx_hal_uart.o
    0x08004d72   0x08004d72   0x00000002   PAD
    0x08004d74   0x08004d74   0x000001bc   Code   RO         3907    i.HAL_UART_IRQHandler  stm32h7xx_hal_uart.o
    0x08004f30   0x08004f30   0x00000078   Code   RO         3908    i.HAL_UART_Init     stm32h7xx_hal_uart.o
    0x08004fa8   0x08004fa8   0x00000104   Code   RO         4313    i.HAL_UART_MspInit  stm32h7xx_hal_msp.o
    0x080050ac   0x080050ac   0x00000002   Code   RO         3914    i.HAL_UART_RxCpltCallback  stm32h7xx_hal_uart.o
    0x080050ae   0x080050ae   0x00000002   Code   RO         3919    i.HAL_UART_TxCpltCallback  stm32h7xx_hal_uart.o
    0x080050b0   0x080050b0   0x00000004   Code   RO          215    i.HardFault_Handler  stm32h7xx_it.o
    0x080050b4   0x080050b4   0x000000f0   Code   RO         2577    i.MDMA_Init         stm32h7xx_hal_mdma.o
    0x080051a4   0x080051a4   0x00000054   Code   RO            4    i.MX_DMA_Init       main.o
    0x080051f8   0x080051f8   0x000000b4   Code   RO            5    i.MX_ETH_Init       main.o
    0x080052ac   0x080052ac   0x0000010c   Code   RO            6    i.MX_GPIO_Init      main.o
    0x080053b8   0x080053b8   0x00000024   Code   RO            7    i.MX_MDMA_Init      main.o
    0x080053dc   0x080053dc   0x00000074   Code   RO            8    i.MX_QUADSPI_Init   main.o
    0x08005450   0x08005450   0x000000f8   Code   RO            9    i.MX_TIM1_Init      main.o
    0x08005548   0x08005548   0x00000090   Code   RO           10    i.MX_UART4_Init     main.o
    0x080055d8   0x080055d8   0x00000042   Code   RO         2740    i.QSPI_DMAAbortCplt  stm32h7xx_hal_qspi.o
    0x0800561a   0x0800561a   0x0000004c   Code   RO         2744    i.QSPI_WaitFlagStateUntilTimeout  stm32h7xx_hal_qspi.o
    0x08005666   0x08005666   0x00000002   PAD
    0x08005668   0x08005668   0x00000010   Code   RO          216    i.QUADSPI_IRQHandler  stm32h7xx_it.o
    0x08005678   0x08005678   0x000000f8   Code   RO         2167    i.RCCEx_PLL2_Config  stm32h7xx_hal_rcc_ex.o
    0x08005770   0x08005770   0x000000f8   Code   RO         2168    i.RCCEx_PLL3_Config  stm32h7xx_hal_rcc_ex.o
    0x08005868   0x08005868   0x0000009c   Code   RO           11    i.SCB_EnableDCache  main.o
    0x08005904   0x08005904   0x0000007c   Code   RO           12    i.SCB_EnableICache  main.o
    0x08005980   0x08005980   0x00000130   Code   RO           13    i.SystemClock_Config  main.o
    0x08005ab0   0x08005ab0   0x00000094   Code   RO         2324    i.SystemInit        system_stm32h7xx.o
    0x08005b44   0x08005b44   0x00000010   Code   RO          217    i.TIM1_BRK_IRQHandler  stm32h7xx_it.o
    0x08005b54   0x08005b54   0x00000010   Code   RO          218    i.TIM1_CC_IRQHandler  stm32h7xx_it.o
    0x08005b64   0x08005b64   0x00000010   Code   RO          219    i.TIM1_TRG_COM_IRQHandler  stm32h7xx_it.o
    0x08005b74   0x08005b74   0x00000010   Code   RO          220    i.TIM1_UP_IRQHandler  stm32h7xx_it.o
    0x08005b84   0x08005b84   0x000000cc   Code   RO         3044    i.TIM_Base_SetConfig  stm32h7xx_hal_tim.o
    0x08005c50   0x08005c50   0x000000b0   Code   RO         3053    i.TIM_OC1_SetConfig  stm32h7xx_hal_tim.o
    0x08005d00   0x08005d00   0x000000bc   Code   RO         3054    i.TIM_OC2_SetConfig  stm32h7xx_hal_tim.o
    0x08005dbc   0x08005dbc   0x000000b4   Code   RO         3055    i.TIM_OC3_SetConfig  stm32h7xx_hal_tim.o
    0x08005e70   0x08005e70   0x00000078   Code   RO         3056    i.TIM_OC4_SetConfig  stm32h7xx_hal_tim.o
    0x08005ee8   0x08005ee8   0x00000070   Code   RO         3057    i.TIM_OC5_SetConfig  stm32h7xx_hal_tim.o
    0x08005f58   0x08005f58   0x00000074   Code   RO         3058    i.TIM_OC6_SetConfig  stm32h7xx_hal_tim.o
    0x08005fcc   0x08005fcc   0x00000010   Code   RO          221    i.UART4_IRQHandler  stm32h7xx_it.o
    0x08005fdc   0x08005fdc   0x000000ea   Code   RO         3921    i.UART_AdvFeatureConfig  stm32h7xx_hal_uart.o
    0x080060c6   0x080060c6   0x00000074   Code   RO         3922    i.UART_CheckIdleState  stm32h7xx_hal_uart.o
    0x0800613a   0x0800613a   0x00000018   Code   RO         3923    i.UART_DMAAbortOnError  stm32h7xx_hal_uart.o
    0x08006152   0x08006152   0x00000020   Code   RO         3933    i.UART_EndRxTransfer  stm32h7xx_hal_uart.o
    0x08006172   0x08006172   0x00000020   Code   RO         3934    i.UART_EndTransmit_IT  stm32h7xx_hal_uart.o
    0x08006192   0x08006192   0x0000008a   Code   RO         3936    i.UART_Receive_IT   stm32h7xx_hal_uart.o
    0x0800621c   0x0800621c   0x000009a4   Code   RO         3937    i.UART_SetConfig    stm32h7xx_hal_uart.o
    0x08006bc0   0x08006bc0   0x00000082   Code   RO         3938    i.UART_Transmit_IT  stm32h7xx_hal_uart.o
    0x08006c42   0x08006c42   0x0000006c   Code   RO         3939    i.UART_WaitOnFlagUntilTimeout  stm32h7xx_hal_uart.o
    0x08006cae   0x08006cae   0x00000004   Code   RO           14    i._Error_Handler    main.o
    0x08006cb2   0x08006cb2   0x00000002   PAD
    0x08006cb4   0x08006cb4   0x00000010   Code   RO          996    i.__NVIC_GetPriorityGrouping  stm32h7xx_hal_cortex.o
    0x08006cc4   0x08006cc4   0x00000028   Code   RO          997    i.__NVIC_SetPriority  stm32h7xx_hal_cortex.o
    0x08006cec   0x08006cec   0x00000016   Code   RO          307    i._mutex_acquire    rtx_lib.o
    0x08006d02   0x08006d02   0x0000000c   Code   RO          308    i._mutex_free       rtx_lib.o
    0x08006d0e   0x08006d0e   0x00000022   Code   RO          309    i._mutex_initialize  rtx_lib.o
    0x08006d30   0x08006d30   0x00000012   Code   RO          310    i._mutex_release    rtx_lib.o
    0x08006d42   0x08006d42   0x00000008   Code   RO          311    i._platform_post_stackheap_init  rtx_lib.o
    0x08006d4a   0x08006d4a   0x00000030   Code   RO           15    i.main              main.o
    0x08006d7a   0x08006d7a   0x00000020   Code   RO          396    i.osRtxErrorNotify  rtx_config.o
    0x08006d9a   0x08006d9a   0x00000002   PAD
    0x08006d9c   0x08006d9c   0x00000020   Code   RO          312    i.os_kernel_is_active  rtx_lib.o
    0x08006dbc   0x08006dbc   0x0000000a   Code   RO         5890    x$fpl$fpinit        fz_wv.l(fpinit.o)
    0x08006dc6   0x08006dc6   0x00000002   PAD
    0x08006dc8   0x08006dc8   0x00000064   Data   RO          319    .constdata          rtx_lib.o
    0x08006e2c   0x08006e2c   0x00000010   Data   RO         2325    .constdata          system_stm32h7xx.o
    0x08006e3c   0x08006e3c   0x00000020   Data   RO         2377    .constdata          stm32h7xx_hal_dma.o
    0x08006e5c   0x08006e5c   0x00000018   Data   RO         3940    .constdata          stm32h7xx_hal_uart.o
    0x08006e74   0x08006e74   0x00000001   Data   RO         4953    .constdata          RTX_CM4F.lib(irq_cm4f.o)
    0x08006e75   0x08006e75   0x00000003   PAD
    0x08006e78   0x08006e78   0x00000059   Data   RO         4315    .conststring        stm32h7xx_hal_msp.o
    0x08006ed1   0x08006ed1   0x00000003   PAD
    0x08006ed4   0x08006ed4   0x00000068   Data   RO          321    .rodata             rtx_lib.o
    0x08006f3c   0x08006f3c   0x0000000b   Data   RO         4670    .rodata.str1.4      RTX_CM4F.lib(rtx_kernel.o)
    0x08006f47   0x08006f47   0x00000001   PAD
    0x08006f48   0x08006f48   0x00000020   Data   RO         5946    Region$$Table       anon$$obj.o


    Execution Region RW_IRAM1 (Exec base: 0x20000000, Load base: 0x08006f68, Size: 0x00000000, Max: 0x00020000, ABSOLUTE)

    **** No section assigned to this execution region ****


    Execution Region RW_IRAM2 (Exec base: 0x24000000, Load base: 0x08006f68, Size: 0x00001df0, Max: 0x00080000, ABSOLUTE, COMPRESSED[0x00000040])

    Exec Addr    Load Addr    Size         Type   Attr      Idx    E Section Name        Object

    0x24000000   COMPRESSED   0x00001040   Data   RW          313    .bss.os             rtx_lib.o
    0x24001040   COMPRESSED   0x00000034   Data   RW          315    .bss.os.msgqueue.cb  rtx_lib.o
    0x24001074   COMPRESSED   0x00000050   Data   RW          316    .bss.os.msgqueue.mem  rtx_lib.o
    0x240010c4   COMPRESSED   0x00000088   Data   RW          317    .bss.os.thread.cb   rtx_lib.o
    0x2400114c   COMPRESSED   0x00000004   PAD
    0x24001150   COMPRESSED   0x00000200   Data   RW          318    .bss.os.thread.stack  rtx_lib.o
    0x24001350   COMPRESSED   0x00000005   Data   RW          320    .data               rtx_lib.o
    0x24001355   COMPRESSED   0x00000003   PAD
    0x24001358   COMPRESSED   0x00000009   Data   RW          710    .data               stm32h7xx_hal.o
    0x24001361   COMPRESSED   0x00000003   PAD
    0x24001364   COMPRESSED   0x00000008   Data   RW         2326    .data               system_stm32h7xx.o
    0x2400136c   COMPRESSED   0x000000a4   Data   RW         4671    .data.os            RTX_CM4F.lib(rtx_kernel.o)
    0x24001410        -       0x0000037c   Zero   RW           19    .bss                main.o
    0x2400178c        -       0x00000060   Zero   RW         5808    .bss                c_w.l(libspace.o)
    0x240017ec   COMPRESSED   0x00000004   PAD
    0x240017f0        -       0x00000200   Zero   RW         2314    HEAP                startup_stm32h743xx.o
    0x240019f0        -       0x00000400   Zero   RW         2313    STACK               startup_stm32h743xx.o



  Load Region LR$$.ARM.__AT_0x30040000 (Base: 0x30040000, Size: 0x00000000, Max: 0x00000060, ABSOLUTE)

    Execution Region ER$$.ARM.__AT_0x30040000 (Exec base: 0x30040000, Load base: 0x30040000, Size: 0x00000060, Max: 0x00000060, ABSOLUTE, UNINIT)

    Exec Addr    Load Addr    Size         Type   Attr      Idx    E Section Name        Object

    0x30040000        -       0x00000060   Zero   RW           16    .ARM.__AT_0x30040000  main.o



  Load Region LR$$.ARM.__AT_0x30040060 (Base: 0x30040060, Size: 0x00000000, Max: 0x00000060, ABSOLUTE)

    Execution Region ER$$.ARM.__AT_0x30040060 (Exec base: 0x30040060, Load base: 0x30040060, Size: 0x00000060, Max: 0x00000060, ABSOLUTE, UNINIT)

    Exec Addr    Load Addr    Size         Type   Attr      Idx    E Section Name        Object

    0x30040060        -       0x00000060   Zero   RW           17    .ARM.__AT_0x30040060  main.o



  Load Region LR$$.ARM.__AT_0x30040200 (Base: 0x30040200, Size: 0x00000000, Max: 0x000017e0, ABSOLUTE)

    Execution Region ER$$.ARM.__AT_0x30040200 (Exec base: 0x30040200, Load base: 0x30040200, Size: 0x000017e0, Max: 0x000017e0, ABSOLUTE, UNINIT)

    Exec Addr    Load Addr    Size         Type   Attr      Idx    E Section Name        Object

    0x30040200        -       0x000017e0   Zero   RW           18    .ARM.__AT_0x30040200  main.o



  Load Region LR$$.ARM.__AT_0x30042000 (Base: 0x30042000, Size: 0x00000000, Max: 0x000017e0, ABSOLUTE)

    Execution Region ER$$.ARM.__AT_0x30042000 (Exec base: 0x30042000, Load base: 0x30042000, Size: 0x000017e0, Max: 0x000017e0, ABSOLUTE, UNINIT)

    Exec Addr    Load Addr    Size         Type   Attr      Idx    E Section Name        Object

    0x30042000        -       0x000017e0   Zero   RW          518    .ARM.__AT_0x30042000  emac_stm32h7xx.o


==============================================================================

Image component sizes


      Code (inc. data)   RO Data    RW Data    ZI Data      Debug   Object Name

         0          0          0          0       6112       5823   emac_stm32h7xx.o
      1712        370          0          0       7196    1287645   main.o
         0          0          0          0          0       1632   phy_lan8742a.o
        32          6          0          0          0        563   rtx_config.o
       126          4        204       4945          0      15815   rtx_lib.o
        64         26        664          0       1536        844   startup_stm32h743xx.o
       136         22          0          9          0       3792   stm32h7xx_hal.o
       344         22          0          0          0      40033   stm32h7xx_hal_cortex.o
      2302         90         32          0          0       8083   stm32h7xx_hal_dma.o
      1500         50          0          0          0       7159   stm32h7xx_hal_eth.o
       598         54          0          0          0       2740   stm32h7xx_hal_gpio.o
       394          4          0          0          0       2864   stm32h7xx_hal_mdma.o
      1124        120         89          0          0       5476   stm32h7xx_hal_msp.o
      1014         14          0          0          0      10304   stm32h7xx_hal_qspi.o
      3040         86          0          0          0       6384   stm32h7xx_hal_rcc.o
      4916        122          0          0          0       7815   stm32h7xx_hal_rcc_ex.o
      1970        166          0          0          0      12058   stm32h7xx_hal_tim.o
       292         18          0          0          0       3818   stm32h7xx_hal_tim_ex.o
      3852        140         24          0          0      12536   stm32h7xx_hal_uart.o
         2          0          0          0          0       1200   stm32h7xx_hal_uart_ex.o
       148         54          0          0          0       5420   stm32h7xx_it.o
       148         18         16          8          0       1498   system_stm32h7xx.o

    ----------------------------------------------------------------------
     23732       1386       1064       4972      14844    1443502   Object Totals
         0          0         32          0          0          0   (incl. Generated)
        18          0          3         10          0          0   (incl. Padding)

    ----------------------------------------------------------------------

      Code (inc. data)   RO Data    RW Data    ZI Data      Debug   Library Member Name

       196         12          1          0          0        540   irq_cm4f.o
        12          4          0          0          0       3578   os_systick.o
       476         28         11        164          0      18714   rtx_kernel.o
       264          0          0          0          0       2707   rtx_memory.o
       244          0          0          0          0      15835   rtx_mempool.o
       804         32          0          0          0      10258   rtx_mutex.o
       256         16          0          0          0       5544   rtx_system.o
       768         40          0          0          0      33996   rtx_thread.o
        90          0          0          0          0          0   __dczerorl2.o
         8          0          0          0          0         68   __main.o
         0          0          0          0          0          0   __rtentry.o
        20          0          0          0          0          0   __rtentry2.o
         6          0          0          0          0          0   __rtentry4.o
        52          8          0          0          0          0   __scatter.o
        28          0          0          0          0          0   __scatter_zi.o
        18          0          0          0          0         80   exit.o
         6          0          0          0          0        152   heapauxi.o
         0          0          0          0          0          0   indicate_semi.o
         2          0          0          0          0          0   libinit.o
         6          0          0          0          0          0   libinit2.o
         2          0          0          0          0          0   libshutdown.o
         2          0          0          0          0          0   libshutdown2.o
         8          4          0          0         96         68   libspace.o
       238          0          0          0          0        100   lludivv7m.o
        78          0          0          0          0         80   rt_memclr_w.o
         2          0          0          0          0          0   rtexit.o
        10          0          0          0          0          0   rtexit2.o
        12          4          0          0          0         68   sys_exit.o
        74          0          0          0          0         80   sys_stackheap_outer.o
         2          0          0          0          0         68   use_no_semi.o
        10          0          0          0          0        116   fpinit.o

    ----------------------------------------------------------------------
      3708        148         16        164        100      92052   Library Totals
        14          0          4          0          4          0   (incl. Padding)

    ----------------------------------------------------------------------

      Code (inc. data)   RO Data    RW Data    ZI Data      Debug   Library Name

      3020        132         12        164          0      91172   RTX_CM4F.lib
       664         16          0          0         96        764   c_w.l
        10          0          0          0          0        116   fz_wv.l

    ----------------------------------------------------------------------
      3708        148         16        164        100      92052   Library Totals

    ----------------------------------------------------------------------

==============================================================================


      Code (inc. data)   RO Data    RW Data    ZI Data      Debug   

     27440       1534       1080       5136      14944    1523098   Grand Totals
     27440       1534       1080         64      14944    1523098   ELF Image Totals (compressed)
     27440       1534       1080         64          0          0   ROM Totals

==============================================================================

    Total RO  Size (Code + RO Data)                28520 (  27.85kB)
    Total RW  Size (RW Data + ZI Data)             20080 (  19.61kB)
    Total ROM Size (Code + RO Data + RW Data)      28584 (  27.91kB)

==============================================================================

